Archive member included to satisfy reference by file (symbol)

/opt/homebrew/Cellar/arm-none-eabi-gcc/10.3-2021.07/gcc/bin/../lib/gcc/arm-none-eabi/10.3.1/thumb/v6-m/nofp/libgcc.a(_dvmd_tls.o)
                              CMakeFiles/ultrasonic.dir/Users/Tennyson/Github_Repo/Pico1/pico-sdk/src/rp2_common/pico_divider/divider.S.obj (__aeabi_idiv0)
/opt/homebrew/Cellar/arm-none-eabi-gcc/10.3-2021.07/gcc/bin/../lib/gcc/arm-none-eabi/10.3.1/../../../../arm-none-eabi/lib/thumb/v6-m/nofp/libg.a(lib_a-calloc.o)
                              CMakeFiles/ultrasonic.dir/Users/Tennyson/Github_Repo/Pico1/pico-sdk/src/rp2_common/pico_malloc/pico_malloc.c.obj (calloc)
/opt/homebrew/Cellar/arm-none-eabi-gcc/10.3-2021.07/gcc/bin/../lib/gcc/arm-none-eabi/10.3.1/../../../../arm-none-eabi/lib/thumb/v6-m/nofp/libg.a(lib_a-callocr.o)
                              /opt/homebrew/Cellar/arm-none-eabi-gcc/10.3-2021.07/gcc/bin/../lib/gcc/arm-none-eabi/10.3.1/../../../../arm-none-eabi/lib/thumb/v6-m/nofp/libg.a(lib_a-calloc.o) (_calloc_r)
/opt/homebrew/Cellar/arm-none-eabi-gcc/10.3-2021.07/gcc/bin/../lib/gcc/arm-none-eabi/10.3.1/../../../../arm-none-eabi/lib/thumb/v6-m/nofp/libg.a(lib_a-ctype_.o)
                              CMakeFiles/ultrasonic.dir/Users/Tennyson/Github_Repo/Pico1/pico-sdk/lib/tinyusb/src/tusb.c.obj (_ctype_)
/opt/homebrew/Cellar/arm-none-eabi-gcc/10.3-2021.07/gcc/bin/../lib/gcc/arm-none-eabi/10.3.1/../../../../arm-none-eabi/lib/thumb/v6-m/nofp/libg.a(lib_a-errno.o)
                              /opt/homebrew/Cellar/arm-none-eabi-gcc/10.3-2021.07/gcc/bin/../lib/gcc/arm-none-eabi/10.3.1/../../../../arm-none-eabi/lib/thumb/v6-m/nofp/libg.a(lib_a-callocr.o) (__errno)
/opt/homebrew/Cellar/arm-none-eabi-gcc/10.3-2021.07/gcc/bin/../lib/gcc/arm-none-eabi/10.3.1/../../../../arm-none-eabi/lib/thumb/v6-m/nofp/libg.a(lib_a-impure.o)
                              /opt/homebrew/Cellar/arm-none-eabi-gcc/10.3-2021.07/gcc/bin/../lib/gcc/arm-none-eabi/10.3.1/../../../../arm-none-eabi/lib/thumb/v6-m/nofp/libg.a(lib_a-calloc.o) (_impure_ptr)
/opt/homebrew/Cellar/arm-none-eabi-gcc/10.3-2021.07/gcc/bin/../lib/gcc/arm-none-eabi/10.3.1/../../../../arm-none-eabi/lib/thumb/v6-m/nofp/libg.a(lib_a-init.o)
                              /opt/homebrew/Cellar/arm-none-eabi-gcc/10.3-2021.07/gcc/bin/../lib/gcc/arm-none-eabi/10.3.1/../../../../arm-none-eabi/lib/thumb/v6-m/nofp/crt0.o (__libc_init_array)
/opt/homebrew/Cellar/arm-none-eabi-gcc/10.3-2021.07/gcc/bin/../lib/gcc/arm-none-eabi/10.3.1/../../../../arm-none-eabi/lib/thumb/v6-m/nofp/libg.a(lib_a-malloc.o)
                              CMakeFiles/ultrasonic.dir/Users/Tennyson/Github_Repo/Pico1/pico-sdk/src/rp2_common/pico_malloc/pico_malloc.c.obj (malloc)
/opt/homebrew/Cellar/arm-none-eabi-gcc/10.3-2021.07/gcc/bin/../lib/gcc/arm-none-eabi/10.3.1/../../../../arm-none-eabi/lib/thumb/v6-m/nofp/libg.a(lib_a-mallocr.o)
                              /opt/homebrew/Cellar/arm-none-eabi-gcc/10.3-2021.07/gcc/bin/../lib/gcc/arm-none-eabi/10.3.1/../../../../arm-none-eabi/lib/thumb/v6-m/nofp/libg.a(lib_a-callocr.o) (_malloc_r)
/opt/homebrew/Cellar/arm-none-eabi-gcc/10.3-2021.07/gcc/bin/../lib/gcc/arm-none-eabi/10.3.1/../../../../arm-none-eabi/lib/thumb/v6-m/nofp/libg.a(lib_a-mlock.o)
                              /opt/homebrew/Cellar/arm-none-eabi-gcc/10.3-2021.07/gcc/bin/../lib/gcc/arm-none-eabi/10.3.1/../../../../arm-none-eabi/lib/thumb/v6-m/nofp/libg.a(lib_a-mallocr.o) (__malloc_lock)
/opt/homebrew/Cellar/arm-none-eabi-gcc/10.3-2021.07/gcc/bin/../lib/gcc/arm-none-eabi/10.3.1/../../../../arm-none-eabi/lib/thumb/v6-m/nofp/libg.a(lib_a-realloc.o)
                              CMakeFiles/ultrasonic.dir/Users/Tennyson/Github_Repo/Pico1/pico-sdk/src/rp2_common/pico_malloc/pico_malloc.c.obj (realloc)
/opt/homebrew/Cellar/arm-none-eabi-gcc/10.3-2021.07/gcc/bin/../lib/gcc/arm-none-eabi/10.3.1/../../../../arm-none-eabi/lib/thumb/v6-m/nofp/libg.a(lib_a-reallocr.o)
                              /opt/homebrew/Cellar/arm-none-eabi-gcc/10.3-2021.07/gcc/bin/../lib/gcc/arm-none-eabi/10.3.1/../../../../arm-none-eabi/lib/thumb/v6-m/nofp/libg.a(lib_a-realloc.o) (_realloc_r)
/opt/homebrew/Cellar/arm-none-eabi-gcc/10.3-2021.07/gcc/bin/../lib/gcc/arm-none-eabi/10.3.1/../../../../arm-none-eabi/lib/thumb/v6-m/nofp/libg.a(lib_a-sbrkr.o)
                              /opt/homebrew/Cellar/arm-none-eabi-gcc/10.3-2021.07/gcc/bin/../lib/gcc/arm-none-eabi/10.3.1/../../../../arm-none-eabi/lib/thumb/v6-m/nofp/libg.a(lib_a-mallocr.o) (_sbrk_r)
/opt/homebrew/Cellar/arm-none-eabi-gcc/10.3-2021.07/gcc/bin/../lib/gcc/arm-none-eabi/10.3.1/../../../../arm-none-eabi/lib/thumb/v6-m/nofp/libg.a(lib_a-strlen-stub.o)
                              CMakeFiles/ultrasonic.dir/Users/Tennyson/Github_Repo/Pico1/pico-sdk/src/rp2_common/pico_stdio/stdio.c.obj (strlen)
/opt/homebrew/Cellar/arm-none-eabi-gcc/10.3-2021.07/gcc/bin/../lib/gcc/arm-none-eabi/10.3.1/../../../../arm-none-eabi/lib/thumb/v6-m/nofp/libg.a(lib_a-freer.o)
[...]
Memory Configuration

Name             Origin             Length             Attributes
FLASH            0x0000000010000000 0x0000000000200000 xr
RAM              0x0000000020000000 0x0000000000040000 xrw
SCRATCH_X        0x0000000020040000 0x0000000000001000 xrw
SCRATCH_Y        0x0000000020041000 0x0000000000001000 xrw
*default*        0x0000000000000000 0xffffffffffffffff

Linker script and memory map

LOAD /opt/homebrew/Cellar/arm-none-eabi-gcc/10.3-2021.07/gcc/bin/../lib/gcc/arm-none-eabi/10.3.1/thumb/v6-m/nofp/crti.o
LOAD /opt/homebrew/Cellar/arm-none-eabi-gcc/10.3-2021.07/gcc/bin/../lib/gcc/arm-none-eabi/10.3.1/thumb/v6-m/nofp/crtbegin.o
LOAD /opt/homebrew/Cellar/arm-none-eabi-gcc/10.3-2021.07/gcc/bin/../lib/gcc/arm-none-eabi/10.3.1/../../../../arm-none-eabi/lib/thumb/v6-m/nofp/crt0.o

.flash_begin    0x0000000010000000        0x0
                0x0000000010000000                __flash_binary_start = .

.boot2          0x0000000010000000      0x100
                0x0000000010000000                __boot2_start__ = .
 *(.boot2)
 .boot2         0x0000000010000000      0x100 /var/folders/89/nylzy5yx3nz43sdt_pmw8p_h0000gn/T//ccF3Bqx9.o
                0x0000000010000100                __boot2_end__ = .
                0x0000000000000001                ASSERT (((__boot2_end__ - __boot2_start__) == 0x100), ERROR: Pico second stage bootloader must be 256 bytes in size)

.text           0x0000000010000100     0x7e38
                0x0000000010000100                __logical_binary_start = .
 *(.vectors)
 .vectors       0x0000000010000100       0xd4 CMakeFiles/ultrasonic.dir/Users/Tennyson/Github_Repo/Pico1/pico-sdk/src/rp2_common/pico_standard_link/crt0.S.obj
                0x0000000010000100                __VECTOR_TABLE
                0x0000000010000100                __vectors
                0x00000000100001c0                __default_isrs_start
                0x00000000100001c0                isr_invalid
                0x00000000100001c2                isr_nmi
                0x00000000100001c4                isr_hardfault
                0x00000000100001c6                isr_svcall
                0x00000000100001c8                isr_pendsv
                0x00000000100001ca                isr_systick
                0x00000000100001cc                isr_irq28
                0x00000000100001cc                isr_irq19
                0x00000000100001cc                isr_irq0
                0x00000000100001cc                isr_irq6
                0x00000000100001cc                isr_irq22
                0x00000000100001cc                isr_irq17
                0x00000000100001cc                isr_irq14
                0x00000000100001cc                isr_irq2
                0x00000000100001cc                isr_irq10
                0x00000000100001cc                isr_irq8
                0x00000000100001cc                isr_irq24
                0x00000000100001cc                isr_irq1
                0x00000000100001cc                isr_irq7
                0x00000000100001cc                isr_irq21
                0x00000000100001cc                isr_irq20
                0x00000000100001cc                isr_irq15
                0x00000000100001cc                isr_irq25
                0x00000000100001cc                isr_irq4
                0x00000000100001cc                isr_irq16
                0x00000000100001cc                isr_irq29
                0x00000000100001cc                isr_irq26
                0x00000000100001cc                __default_isrs_end
                0x00000000100001cc                isr_irq3
                0x00000000100001cc                isr_irq9
                0x00000000100001cc                __unhandled_user_irq
                0x00000000100001cc                isr_irq13
                0x00000000100001cc                isr_irq27
                0x00000000100001cc                isr_irq31
                0x00000000100001cc                isr_irq5
                0x00000000100001cc                isr_irq11
                0x00000000100001cc                isr_irq23
                0x00000000100001cc                isr_irq18
                0x00000000100001cc                isr_irq30
                0x00000000100001cc                isr_irq12
                0x00000000100001d2                unhandled_user_irq_num_in_r0
 *(.binary_info_header)
 .binary_info_header
                0x00000000100001d4       0x14 CMakeFiles/ultrasonic.dir/Users/Tennyson/Github_Repo/Pico1/pico-sdk/src/rp2_common/pico_standard_link/crt0.S.obj
                0x00000000100001e8                __binary_info_header_end = .
 *(.reset)
 .reset         0x00000000100001e8       0xa8 CMakeFiles/ultrasonic.dir/Users/Tennyson/Github_Repo/Pico1/pico-sdk/src/rp2_common/pico_standard_link/crt0.S.obj
                0x00000000100001e8                _entry_point
                0x0000000010000266                __get_current_exception
 .reset         0x0000000010000290       0x30 CMakeFiles/ultrasonic.dir/Users/Tennyson/Github_Repo/Pico1/pico-sdk/src/rp2_common/pico_standard_link/binary_info.c.obj
 *(.init)
 .init          0x00000000100002c0        0x4 /opt/homebrew/Cellar/arm-none-eabi-gcc/10.3-2021.07/gcc/bin/../lib/gcc/arm-none-eabi/10.3.1/thumb/v6-m/nofp/crti.o
                0x00000000100002c0                _init
 *(EXCLUDE_FILE(*libm.a: *libc.a:*lib_a-mem*.o *libgcc.a:) .text*)
 .text          0x00000000100002c4       0x48 /opt/homebrew/Cellar/arm-none-eabi-gcc/10.3-2021.07/gcc/bin/../lib/gcc/arm-none-eabi/10.3.1/thumb/v6-m/nofp/crtbegin.o
 .text.mpu6050_reset
                0x000000001000030c       0x20 CMakeFiles/ultrasonic.dir/ultrasonic.c.obj
 .text.mpu6050_read_raw
                0x000000001000032c       0xc4 CMakeFiles/ultrasonic.dir/ultrasonic.c.obj
 .text.setupUltrasonicPins
                0x00000000100003f0       0x2c CMakeFiles/ultrasonic.dir/ultrasonic.c.obj
                0x00000000100003f0                setupUltrasonicPins
 .text.getPulse
                0x000000001000041c       0x74 CMakeFiles/ultrasonic.dir/ultrasonic.c.obj
                0x000000001000041c                getPulse
 .text.getCm    0x0000000010000490       0x2c CMakeFiles/ultrasonic.dir/ultrasonic.c.obj
                0x0000000010000490                getCm
 .text.getUSDectection
                0x00000000100004bc      0x14c CMakeFiles/ultrasonic.dir/ultrasonic.c.obj
                0x00000000100004bc                getUSDectection
 .text.getAcelloDectection
                0x0000000010000608       0x90 CMakeFiles/ultrasonic.dir/ultrasonic.c.obj
                0x0000000010000608                getAcelloDectection
 .text.getHump  0x0000000010000698      0x14c CMakeFiles/ultrasonic.dir/ultrasonic.c.obj
                0x0000000010000698                getHump
 .text.repeating_timer_callback
                0x00000000100007e4       0x30 CMakeFiles/ultrasonic.dir/ultrasonic.c.obj
                0x00000000100007e4                repeating_timer_callback
 .text.main     0x0000000010000814       0x70 CMakeFiles/ultrasonic.dir/ultrasonic.c.obj
                0x0000000010000814                main
 .text.gpio_set_function
                0x0000000010000884       0x30 CMakeFiles/ultrasonic.dir/Users/Tennyson/Github_Repo/Pico1/pico-sdk/src/rp2_common/hardware_gpio/gpio.c.obj
                0x0000000010000884                gpio_set_function
 .text.gpio_set_pulls
                0x00000000100008b4       0x34 CMakeFiles/ultrasonic.dir/Users/Tennyson/Github_Repo/Pico1/pico-sdk/src/rp2_common/hardware_gpio/gpio.c.obj
                0x00000000100008b4                gpio_set_pulls
 .text.gpio_init
                0x00000000100008e8       0x16 CMakeFiles/ultrasonic.dir/Users/Tennyson/Github_Repo/Pico1/pico-sdk/src/rp2_common/hardware_gpio/gpio.c.obj
                0x00000000100008e8                gpio_init
 *fill*         0x00000000100008fe        0x2 
 .text.hw_claim_lock
                0x0000000010000900       0x18 CMakeFiles/ultrasonic.dir/Users/Tennyson/Github_Repo/Pico1/pico-sdk/src/rp2_common/hardware_claim/claim.c.obj
                0x0000000010000900                hw_claim_lock
 .text.hw_claim_unlock
                0x0000000010000918       0x14 CMakeFiles/ultrasonic.dir/Users/Tennyson/Github_Repo/Pico1/pico-sdk/src/rp2_common/hardware_claim/claim.c.obj
                0x0000000010000918                hw_claim_unlock
 .text.hw_claim_or_assert
                0x000000001000092c       0x32 CMakeFiles/ultrasonic.dir/Users/Tennyson/Github_Repo/Pico1/pico-sdk/src/rp2_common/hardware_claim/claim.c.obj
                0x000000001000092c                hw_claim_or_assert
 .text.hw_claim_unused_from_range
                0x000000001000095e       0x50 CMakeFiles/ultrasonic.dir/Users/Tennyson/Github_Repo/Pico1/pico-sdk/src/rp2_common/hardware_claim/claim.c.obj
                0x000000001000095e                hw_claim_unused_from_range
 *fill*         0x00000000100009ae        0x2 
 .text.running_on_fpga
                0x00000000100009b0       0x14 CMakeFiles/ultrasonic.dir/Users/Tennyson/Github_Repo/Pico1/pico-sdk/src/rp2_common/pico_platform/platform.c.obj
                0x00000000100009b0                running_on_fpga
 .text.spin_locks_reset
                0x00000000100009c4       0x20 CMakeFiles/ultrasonic.dir/Users/Tennyson/Github_Repo/Pico1/pico-sdk/src/rp2_common/hardware_sync/sync.c.obj
                0x00000000100009c4                spin_locks_reset
 .text.next_striped_spin_lock_num
                0x00000000100009e4       0x1c CMakeFiles/ultrasonic.dir/Users/Tennyson/Github_Repo/Pico1/pico-sdk/src/rp2_common/hardware_sync/sync.c.obj
                0x00000000100009e4                next_striped_spin_lock_num
 .text.spin_lock_claim_unused
                0x0000000010000a00       0x20 CMakeFiles/ultrasonic.dir/Users/Tennyson/Github_Repo/Pico1/pico-sdk/src/rp2_common/hardware_sync/sync.c.obj
                0x0000000010000a00                spin_lock_claim_unused
 .text.set_raw_irq_handler_and_unlock
                0x0000000010000a20       0x28 CMakeFiles/ultrasonic.dir/Users/Tennyson/Github_Repo/Pico1/pico-sdk/src/rp2_common/hardware_irq/irq.c.obj
 .text.make_branch
                0x0000000010000a48       0x48 CMakeFiles/ultrasonic.dir/Users/Tennyson/Github_Repo/Pico1/pico-sdk/src/rp2_common/hardware_irq/irq.c.obj
 .text.insert_branch_and_link
                0x0000000010000a90       0x40 CMakeFiles/ultrasonic.dir/Users/Tennyson/Github_Repo/Pico1/pico-sdk/src/rp2_common/hardware_irq/irq.c.obj
 .text.irq_is_enabled
                0x0000000010000ad0       0x18 CMakeFiles/ultrasonic.dir/Users/Tennyson/Github_Repo/Pico1/pico-sdk/src/rp2_common/hardware_irq/irq.c.obj
                0x0000000010000ad0                irq_is_enabled
 .text.irq_set_mask_enabled
                0x0000000010000ae8       0x20 CMakeFiles/ultrasonic.dir/Users/Tennyson/Github_Repo/Pico1/pico-sdk/src/rp2_common/hardware_irq/irq.c.obj
                0x0000000010000ae8                irq_set_mask_enabled
 .text.irq_set_enabled
                0x0000000010000b08        0xe CMakeFiles/ultrasonic.dir/Users/Tennyson/Github_Repo/Pico1/pico-sdk/src/rp2_common/hardware_irq/irq.c.obj
                0x0000000010000b08                irq_set_enabled
 *fill*         0x0000000010000b16        0x2 
 .text.irq_set_pending
                0x0000000010000b18       0x10 CMakeFiles/ultrasonic.dir/Users/Tennyson/Github_Repo/Pico1/pico-sdk/src/rp2_common/hardware_irq/irq.c.obj
                0x0000000010000b18                irq_set_pending
 .text.irq_get_vtable_handler
                0x0000000010000b28       0x10 CMakeFiles/ultrasonic.dir/Users/Tennyson/Github_Repo/Pico1/pico-sdk/src/rp2_common/hardware_irq/irq.c.obj
                0x0000000010000b28                irq_get_vtable_handler
 .text.irq_has_shared_handler
                0x0000000010000b38       0x24 CMakeFiles/ultrasonic.dir/Users/Tennyson/Github_Repo/Pico1/pico-sdk/src/rp2_common/hardware_irq/irq.c.obj
                0x0000000010000b38                irq_has_shared_handler
 .text.irq_set_exclusive_handler
                0x0000000010000b5c       0x54 CMakeFiles/ultrasonic.dir/Users/Tennyson/Github_Repo/Pico1/pico-sdk/src/rp2_common/hardware_irq/irq.c.obj
                0x0000000010000b5c                irq_set_exclusive_handler
 .text.irq_add_shared_handler
                0x0000000010000bb0      0x230 CMakeFiles/ultrasonic.dir/Users/Tennyson/Github_Repo/Pico1/pico-sdk/src/rp2_common/hardware_irq/irq.c.obj
                0x0000000010000bb0                irq_add_shared_handler
 .text.irq_remove_handler
                0x0000000010000de0      0x1a8 CMakeFiles/ultrasonic.dir/Users/Tennyson/Github_Repo/Pico1/pico-sdk/src/rp2_common/hardware_irq/irq.c.obj
                0x0000000010000de0                irq_remove_handler
 .text.irq_add_tail_to_free_list
                0x0000000010000f88       0xf0 CMakeFiles/ultrasonic.dir/Users/Tennyson/Github_Repo/Pico1/pico-sdk/src/rp2_common/hardware_irq/irq.c.obj
                0x0000000010000f88                irq_add_tail_to_free_list
 .text.irq_init_priorities
                0x0000000010001078       0x1c CMakeFiles/ultrasonic.dir/Users/Tennyson/Github_Repo/Pico1/pico-sdk/src/rp2_common/hardware_irq/irq.c.obj
                0x0000000010001078                irq_init_priorities
 .text.user_irq_claim_unused
                0x0000000010001094       0x30 CMakeFiles/ultrasonic.dir/Users/Tennyson/Github_Repo/Pico1/pico-sdk/src/rp2_common/hardware_irq/irq.c.obj
                0x0000000010001094                user_irq_claim_unused
 .text.lock_init
                0x00000000100010c4       0x10 CMakeFiles/ultrasonic.dir/Users/Tennyson/Github_Repo/Pico1/pico-sdk/src/common/pico_sync/lock_core.c.obj
                0x00000000100010c4                lock_init
 .text.repeating_timer_callback
                0x00000000100010d4       0x40 CMakeFiles/ultrasonic.dir/Users/Tennyson/Github_Repo/Pico1/pico-sdk/src/common/pico_time/time.c.obj
 .text.alarm_pool_post_alloc_init
                0x0000000010001114       0x40 CMakeFiles/ultrasonic.dir/Users/Tennyson/Github_Repo/Pico1/pico-sdk/src/common/pico_time/time.c.obj
 .text.sleep_until_callback
                0x0000000010001154       0x30 CMakeFiles/ultrasonic.dir/Users/Tennyson/Github_Repo/Pico1/pico-sdk/src/common/pico_time/time.c.obj
 .text.timer_pool_entry_comparator
                0x0000000010001184       0x7c CMakeFiles/ultrasonic.dir/Users/Tennyson/Github_Repo/Pico1/pico-sdk/src/common/pico_time/time.c.obj
                0x0000000010001184                timer_pool_entry_comparator
 .text.ph_add_child_node
                0x0000000010001200       0xa4 CMakeFiles/ultrasonic.dir/Users/Tennyson/Github_Repo/Pico1/pico-sdk/src/common/pico_time/time.c.obj
 .text.ph_merge_nodes
                0x00000000100012a4       0x3e CMakeFiles/ultrasonic.dir/Users/Tennyson/Github_Repo/Pico1/pico-sdk/src/common/pico_time/time.c.obj
 *fill*         0x00000000100012e2        0x2 
 .text.add_alarm_under_lock
                0x00000000100012e4      0x174 CMakeFiles/ultrasonic.dir/Users/Tennyson/Github_Repo/Pico1/pico-sdk/src/common/pico_time/time.c.obj
 .text.alarm_pool_alarm_callback
                0x0000000010001458      0x328 CMakeFiles/ultrasonic.dir/Users/Tennyson/Github_Repo/Pico1/pico-sdk/src/common/pico_time/time.c.obj
 .text.alarm_pool_init_default
                0x0000000010001780       0x38 CMakeFiles/ultrasonic.dir/Users/Tennyson/Github_Repo/Pico1/pico-sdk/src/common/pico_time/time.c.obj
                0x0000000010001780                alarm_pool_init_default
 .text.alarm_pool_get_default
                0x00000000100017b8       0x2c CMakeFiles/ultrasonic.dir/Users/Tennyson/Github_Repo/Pico1/pico-sdk/src/common/pico_time/time.c.obj
                0x00000000100017b8                alarm_pool_get_default
 .text.alarm_pool_add_alarm_at
                0x00000000100017e4      0x170 CMakeFiles/ultrasonic.dir/Users/Tennyson/Github_Repo/Pico1/pico-sdk/src/common/pico_time/time.c.obj
                0x00000000100017e4                alarm_pool_add_alarm_at
 .text.alarm_pool_cancel_alarm
                0x0000000010001954       0xf0 CMakeFiles/ultrasonic.dir/Users/Tennyson/Github_Repo/Pico1/pico-sdk/src/common/pico_time/time.c.obj
                0x0000000010001954                alarm_pool_cancel_alarm
 .text.alarm_pool_add_repeating_timer_us
                0x0000000010001a44       0x9c CMakeFiles/ultrasonic.dir/Users/Tennyson/Github_Repo/Pico1/pico-sdk/src/common/pico_time/time.c.obj
                0x0000000010001a44                alarm_pool_add_repeating_timer_us
 .text.sleep_until
                0x0000000010001ae0       0xfc CMakeFiles/ultrasonic.dir/Users/Tennyson/Github_Repo/Pico1/pico-sdk/src/common/pico_time/time.c.obj
                0x0000000010001ae0                sleep_until
 .text.sleep_us
                0x0000000010001bdc       0x58 CMakeFiles/ultrasonic.dir/Users/Tennyson/Github_Repo/Pico1/pico-sdk/src/common/pico_time/time.c.obj
                0x0000000010001bdc                sleep_us
 .text.sleep_ms
                0x0000000010001c34       0x14 CMakeFiles/ultrasonic.dir/Users/Tennyson/Github_Repo/Pico1/pico-sdk/src/common/pico_time/time.c.obj
                0x0000000010001c34                sleep_ms
 .text.best_effort_wfe_or_timeout
                0x0000000010001c48       0x80 CMakeFiles/ultrasonic.dir/Users/Tennyson/Github_Repo/Pico1/pico-sdk/src/common/pico_time/time.c.obj
                0x0000000010001c48                best_effort_wfe_or_timeout
 .text.hardware_alarm_irq_handler
                0x0000000010001cc8       0x8c CMakeFiles/ultrasonic.dir/Users/Tennyson/Github_Repo/Pico1/pico-sdk/src/rp2_common/hardware_timer/timer.c.obj
 .text.hardware_alarm_claim
                0x0000000010001d54       0x18 CMakeFiles/ultrasonic.dir/Users/Tennyson/Github_Repo/Pico1/pico-sdk/src/rp2_common/hardware_timer/timer.c.obj
                0x0000000010001d54                hardware_alarm_claim
 .text.time_us_64
                0x0000000010001d6c       0x18 CMakeFiles/ultrasonic.dir/Users/Tennyson/Github_Repo/Pico1/pico-sdk/src/rp2_common/hardware_timer/timer.c.obj
                0x0000000010001d6c                time_us_64
 .text.busy_wait_until
                0x0000000010001d84       0x28 CMakeFiles/ultrasonic.dir/Users/Tennyson/Github_Repo/Pico1/pico-sdk/src/rp2_common/hardware_timer/timer.c.obj
                0x0000000010001d84                busy_wait_until
 .text.busy_wait_us
                0x0000000010001dac       0x48 CMakeFiles/ultrasonic.dir/Users/Tennyson/Github_Repo/Pico1/pico-sdk/src/rp2_common/hardware_timer/timer.c.obj
                0x0000000010001dac                busy_wait_us
 .text.busy_wait_us_32
                0x0000000010001df4       0x24 CMakeFiles/ultrasonic.dir/Users/Tennyson/Github_Repo/Pico1/pico-sdk/src/rp2_common/hardware_timer/timer.c.obj
                0x0000000010001df4                busy_wait_us_32
 .text.busy_wait_ms
                0x0000000010001e18       0x30 CMakeFiles/ultrasonic.dir/Users/Tennyson/Github_Repo/Pico1/pico-sdk/src/rp2_common/hardware_timer/timer.c.obj
                0x0000000010001e18                busy_wait_ms
 .text.hardware_alarm_set_callback
                0x0000000010001e48       0x90 CMakeFiles/ultrasonic.dir/Users/Tennyson/Github_Repo/Pico1/pico-sdk/src/rp2_common/hardware_timer/timer.c.obj
                0x0000000010001e48                hardware_alarm_set_callback
 .text.hardware_alarm_set_target
                0x0000000010001ed8       0xe8 CMakeFiles/ultrasonic.dir/Users/Tennyson/Github_Repo/Pico1/pico-sdk/src/rp2_common/hardware_timer/timer.c.obj
                0x0000000010001ed8                hardware_alarm_set_target
 .text.hardware_alarm_cancel
                0x0000000010001fc0       0x40 CMakeFiles/ultrasonic.dir/Users/Tennyson/Github_Repo/Pico1/pico-sdk/src/rp2_common/hardware_timer/timer.c.obj
                0x0000000010001fc0                hardware_alarm_cancel
 .text.ph_add_child_node
                0x0000000010002000       0xa4 CMakeFiles/ultrasonic.dir/Users/Tennyson/Github_Repo/Pico1/pico-sdk/src/common/pico_util/pheap.c.obj
 .text.ph_merge_nodes
                0x00000000100020a4       0x3e CMakeFiles/ultrasonic.dir/Users/Tennyson/Github_Repo/Pico1/pico-sdk/src/common/pico_util/pheap.c.obj
 *fill*         0x00000000100020e2        0x2 
 .text.ph_clear
                0x00000000100020e4       0x70 CMakeFiles/ultrasonic.dir/Users/Tennyson/Github_Repo/Pico1/pico-sdk/src/common/pico_util/pheap.c.obj
                0x00000000100020e4                ph_clear
 .text.ph_post_alloc_init
                0x0000000010002154        0xe CMakeFiles/ultrasonic.dir/Users/Tennyson/Github_Repo/Pico1/pico-sdk/src/common/pico_util/pheap.c.obj
                0x0000000010002154                ph_post_alloc_init
 *fill*         0x0000000010002162        0x2 
 .text.ph_merge_two_pass
                0x0000000010002164       0xa8 CMakeFiles/ultrasonic.dir/Users/Tennyson/Github_Repo/Pico1/pico-sdk/src/common/pico_util/pheap.c.obj
                0x0000000010002164                ph_merge_two_pass
 .text.ph_remove_any_head
                0x000000001000220c      0x108 CMakeFiles/ultrasonic.dir/Users/Tennyson/Github_Repo/Pico1/pico-sdk/src/common/pico_util/pheap.c.obj
 .text.ph_remove_head
                0x0000000010002314       0x14 CMakeFiles/ultrasonic.dir/Users/Tennyson/Github_Repo/Pico1/pico-sdk/src/common/pico_util/pheap.c.obj
                0x0000000010002314                ph_remove_head
 .text.ph_remove_and_free_node
                0x0000000010002328       0xf8 CMakeFiles/ultrasonic.dir/Users/Tennyson/Github_Repo/Pico1/pico-sdk/src/common/pico_util/pheap.c.obj
                0x0000000010002328                ph_remove_and_free_node
 .text.mutex_init
                0x0000000010002420       0x1a CMakeFiles/ultrasonic.dir/Users/Tennyson/Github_Repo/Pico1/pico-sdk/src/common/pico_sync/mutex.c.obj
                0x0000000010002420                mutex_init
 .text.recursive_mutex_init
                0x000000001000243a       0x1e CMakeFiles/ultrasonic.dir/Users/Tennyson/Github_Repo/Pico1/pico-sdk/src/common/pico_sync/mutex.c.obj
                0x000000001000243a                recursive_mutex_init
 .text.critical_section_init_with_lock_num
                0x0000000010002458       0x14 CMakeFiles/ultrasonic.dir/Users/Tennyson/Github_Repo/Pico1/pico-sdk/src/common/pico_sync/critical_section.c.obj
                0x0000000010002458                critical_section_init_with_lock_num
 .text.critical_section_init
                0x000000001000246c       0x14 CMakeFiles/ultrasonic.dir/Users/Tennyson/Github_Repo/Pico1/pico-sdk/src/common/pico_sync/critical_section.c.obj
                0x000000001000246c                critical_section_init
 .text._exit    0x0000000010002480        0x4 CMakeFiles/ultrasonic.dir/Users/Tennyson/Github_Repo/Pico1/pico-sdk/src/rp2_common/pico_runtime/runtime.c.obj
                0x0000000010002480                _exit
 .text.exit     0x0000000010002484        0x6 CMakeFiles/ultrasonic.dir/Users/Tennyson/Github_Repo/Pico1/pico-sdk/src/rp2_common/pico_runtime/runtime.c.obj
                0x0000000010002484                exit
 *fill*         0x000000001000248a        0x2 
 .text.__assert_func
                0x000000001000248c       0x3c CMakeFiles/ultrasonic.dir/Users/Tennyson/Github_Repo/Pico1/pico-sdk/src/rp2_common/pico_runtime/runtime.c.obj
                0x000000001000248c                __assert_func
 .text.runtime_init
                0x00000000100024c8       0xf8 CMakeFiles/ultrasonic.dir/Users/Tennyson/Github_Repo/Pico1/pico-sdk/src/rp2_common/pico_runtime/runtime.c.obj
                0x00000000100024c8                runtime_init
 .text.panic    0x00000000100025c0       0x30 CMakeFiles/ultrasonic.dir/Users/Tennyson/Github_Repo/Pico1/pico-sdk/src/rp2_common/pico_runtime/runtime.c.obj
                0x00000000100025c0                panic
 .text.clock_configure
                0x00000000100025f0      0x104 CMakeFiles/ultrasonic.dir/Users/Tennyson/Github_Repo/Pico1/pico-sdk/src/rp2_common/hardware_clocks/clocks.c.obj
                0x00000000100025f0                clock_configure
 .text.clocks_init
                0x00000000100026f4      0x100 CMakeFiles/ultrasonic.dir/Users/Tennyson/Github_Repo/Pico1/pico-sdk/src/rp2_common/hardware_clocks/clocks.c.obj
                0x00000000100026f4                clocks_init
 .text.clock_get_hz
                0x00000000100027f4        0xc CMakeFiles/ultrasonic.dir/Users/Tennyson/Github_Repo/Pico1/pico-sdk/src/rp2_common/hardware_clocks/clocks.c.obj
                0x00000000100027f4                clock_get_hz
 .text.pll_init
                0x0000000010002800      0x140 CMakeFiles/ultrasonic.dir/Users/Tennyson/Github_Repo/Pico1/pico-sdk/src/rp2_common/hardware_pll/pll.c.obj
                0x0000000010002800                pll_init
 .text.watchdog_start_tick
                0x0000000010002940       0x10 CMakeFiles/ultrasonic.dir/Users/Tennyson/Github_Repo/Pico1/pico-sdk/src/rp2_common/hardware_watchdog/watchdog.c.obj
                0x0000000010002940                watchdog_start_tick
 .text.watchdog_update
                0x0000000010002950       0x14 CMakeFiles/ultrasonic.dir/Users/Tennyson/Github_Repo/Pico1/pico-sdk/src/rp2_common/hardware_watchdog/watchdog.c.obj
                0x0000000010002950                watchdog_update
 .text._watchdog_enable
                0x0000000010002964       0x78 CMakeFiles/ultrasonic.dir/Users/Tennyson/Github_Repo/Pico1/pico-sdk/src/rp2_common/hardware_watchdog/watchdog.c.obj
                0x0000000010002964                _watchdog_enable
 .text.watchdog_reboot
                0x00000000100029dc       0x48 CMakeFiles/ultrasonic.dir/Users/Tennyson/Github_Repo/Pico1/pico-sdk/src/rp2_common/hardware_watchdog/watchdog.c.obj
                0x00000000100029dc                watchdog_reboot
 .text.xosc_init
                0x0000000010002a24       0x28 CMakeFiles/ultrasonic.dir/Users/Tennyson/Github_Repo/Pico1/pico-sdk/src/rp2_common/hardware_xosc/xosc.c.obj
                0x0000000010002a24                xosc_init
 .text._out_null
                0x0000000010002a4c        0x2 CMakeFiles/ultrasonic.dir/Users/Tennyson/Github_Repo/Pico1/pico-sdk/src/rp2_common/pico_printf/printf.c.obj
 .text._out_fct
                0x0000000010002a4e        0xe CMakeFiles/ultrasonic.dir/Users/Tennyson/Github_Repo/Pico1/pico-sdk/src/rp2_common/pico_printf/printf.c.obj
 .text._atoi    0x0000000010002a5c       0x24 CMakeFiles/ultrasonic.dir/Users/Tennyson/Github_Repo/Pico1/pico-sdk/src/rp2_common/pico_printf/printf.c.obj
 .text._out_rev
                0x0000000010002a80       0xae CMakeFiles/ultrasonic.dir/Users/Tennyson/Github_Repo/Pico1/pico-sdk/src/rp2_common/pico_printf/printf.c.obj
 .text._ntoa_format
                0x0000000010002b2e      0x112 CMakeFiles/ultrasonic.dir/Users/Tennyson/Github_Repo/Pico1/pico-sdk/src/rp2_common/pico_printf/printf.c.obj
 .text._ntoa_long
                0x0000000010002c40       0xbc CMakeFiles/ultrasonic.dir/Users/Tennyson/Github_Repo/Pico1/pico-sdk/src/rp2_common/pico_printf/printf.c.obj
 .text._ntoa_long_long
                0x0000000010002cfc       0xe2 CMakeFiles/ultrasonic.dir/Users/Tennyson/Github_Repo/Pico1/pico-sdk/src/rp2_common/pico_printf/printf.c.obj
 *fill*         0x0000000010002dde        0x2 
 .text._etoa    0x0000000010002de0      0x414 CMakeFiles/ultrasonic.dir/Users/Tennyson/Github_Repo/Pico1/pico-sdk/src/rp2_common/pico_printf/printf.c.obj
 .text._ftoa    0x00000000100031f4      0x354 CMakeFiles/ultrasonic.dir/Users/Tennyson/Github_Repo/Pico1/pico-sdk/src/rp2_common/pico_printf/printf.c.obj
 .text._vsnprintf
                0x0000000010003548      0x624 CMakeFiles/ultrasonic.dir/Users/Tennyson/Github_Repo/Pico1/pico-sdk/src/rp2_common/pico_printf/printf.c.obj
 .text.vfctprintf
                0x0000000010003b6c       0x20 CMakeFiles/ultrasonic.dir/Users/Tennyson/Github_Repo/Pico1/pico-sdk/src/rp2_common/pico_printf/printf.c.obj
                0x0000000010003b6c                vfctprintf
 .text          0x0000000010003b8c       0x10 CMakeFiles/ultrasonic.dir/Users/Tennyson/Github_Repo/Pico1/pico-sdk/src/rp2_common/pico_bit_ops/bit_ops_aeabi.S.obj
 .text.rom_func_lookup
                0x0000000010003b9c       0x10 CMakeFiles/ultrasonic.dir/Users/Tennyson/Github_Repo/Pico1/pico-sdk/src/rp2_common/pico_bootrom/bootrom.c.obj
                0x0000000010003b9c                rom_func_lookup
 .text.rom_data_lookup
                0x0000000010003bac       0x10 CMakeFiles/ultrasonic.dir/Users/Tennyson/Github_Repo/Pico1/pico-sdk/src/rp2_common/pico_bootrom/bootrom.c.obj
                0x0000000010003bac                rom_data_lookup
 .text.rom_funcs_lookup
                0x0000000010003bbc       0x36 CMakeFiles/ultrasonic.dir/Users/Tennyson/Github_Repo/Pico1/pico-sdk/src/rp2_common/pico_bootrom/bootrom.c.obj
                0x0000000010003bbc                rom_funcs_lookup
 *fill*         0x0000000010003bf2        0x2 
 .text.__wrap___aeabi_idiv
                0x0000000010003bf4       0x50 CMakeFiles/ultrasonic.dir/Users/Tennyson/Github_Repo/Pico1/pico-sdk/src/rp2_common/pico_divider/divider.S.obj
                0x0000000010003bf4                __wrap___aeabi_idivmod
                0x0000000010003bf4                divmod_s32s32
                0x0000000010003bf4                div_s32s32
                0x0000000010003bf4                __wrap___aeabi_idiv
                0x0000000010003bfc                divmod_s32s32_unsafe
                0x0000000010003c28                divmod_s32s32_savestate
 .text.__wrap___aeabi_uidiv
                0x0000000010003c44       0x4c CMakeFiles/ultrasonic.dir/Users/Tennyson/Github_Repo/Pico1/pico-sdk/src/rp2_common/pico_divider/divider.S.obj
                0x0000000010003c44                __wrap___aeabi_uidiv
                0x0000000010003c44                __wrap___aeabi_uidivmod
                0x0000000010003c44                div_u32u32
                0x0000000010003c44                divmod_u32u32
                0x0000000010003c4c                divmod_u32u32_unsafe
                0x0000000010003c74                divmod_u32u32_savestate
 .text.__wrap___aeabi_ldiv
                0x0000000010003c90      0x434 CMakeFiles/ultrasonic.dir/Users/Tennyson/Github_Repo/Pico1/pico-sdk/src/rp2_common/pico_divider/divider.S.obj
                0x0000000010003c90                __wrap___aeabi_ldivmod
                0x0000000010003c90                div_s64s64
                0x0000000010003c90                divmod_s64s64
                0x0000000010003cc8                divmod_u64u64
                0x0000000010003cc8                div_u64u64
                0x0000000010003cc8                __wrap___aeabi_uldivmod
                0x0000000010003cd8                divmod_u64u64_savestate
                0x0000000010003d00                divmod_s64s64_unsafe
                0x0000000010003d88                divmod_u64u64_unsafe
 .text.__wrap___aeabi_darithmetic
                0x00000000100040c4       0x80 CMakeFiles/ultrasonic.dir/Users/Tennyson/Github_Repo/Pico1/pico-sdk/src/rp2_common/pico_double/double_aeabi.S.obj
                0x00000000100040c4                __wrap___aeabi_drsub
                0x00000000100040ca                __wrap___aeabi_dsub
                0x00000000100040dc                __wrap___aeabi_dadd
                0x00000000100040ee                __wrap___aeabi_ddiv
                0x000000001000412a                __wrap___aeabi_dmul
 .text.__wrap___aeabi_cdcmple
                0x0000000010004144       0x6c CMakeFiles/ultrasonic.dir/Users/Tennyson/Github_Repo/Pico1/pico-sdk/src/rp2_common/pico_double/double_aeabi.S.obj
                0x0000000010004144                __wrap___aeabi_cdrcmple
                0x0000000010004154                __wrap___aeabi_cdcmple
                0x0000000010004154                __wrap___aeabi_cdcmpeq
 .text.__wrap___aeabi_dcmplt
                0x00000000100041b0        0xc CMakeFiles/ultrasonic.dir/Users/Tennyson/Github_Repo/Pico1/pico-sdk/src/rp2_common/pico_double/double_aeabi.S.obj
                0x00000000100041b0                __wrap___aeabi_dcmplt
 .text.__wrap___aeabi_dcmple
                0x00000000100041bc       0x10 CMakeFiles/ultrasonic.dir/Users/Tennyson/Github_Repo/Pico1/pico-sdk/src/rp2_common/pico_double/double_aeabi.S.obj
                0x00000000100041bc                __wrap___aeabi_dcmple
 .text.__wrap___aeabi_dcmpge
                0x00000000100041cc       0x10 CMakeFiles/ultrasonic.dir/Users/Tennyson/Github_Repo/Pico1/pico-sdk/src/rp2_common/pico_double/double_aeabi.S.obj
                0x00000000100041cc                __wrap___aeabi_dcmpge
 .text.__wrap___aeabi_dcmpgt
                0x00000000100041dc        0xa CMakeFiles/ultrasonic.dir/Users/Tennyson/Github_Repo/Pico1/pico-sdk/src/rp2_common/pico_double/double_aeabi.S.obj
                0x00000000100041dc                __wrap___aeabi_dcmpgt
 .text.__wrap___aeabi_dcmpun
                0x00000000100041e6       0x1c CMakeFiles/ultrasonic.dir/Users/Tennyson/Github_Repo/Pico1/pico-sdk/src/rp2_common/pico_double/double_aeabi.S.obj
                0x00000000100041e6                __wrap___aeabi_dcmpun
 *fill*         0x0000000010004202        0x2 
 .text.__wrap___aeabi_i2d
                0x0000000010004204       0x38 CMakeFiles/ultrasonic.dir/Users/Tennyson/Github_Repo/Pico1/pico-sdk/src/rp2_common/pico_double/double_aeabi.S.obj
                0x0000000010004204                __wrap___aeabi_ui2d
                0x000000001000420c                __wrap___aeabi_i2d
 .text.__wrap___aeabi_d2iz
                0x000000001000423c       0x48 CMakeFiles/ultrasonic.dir/Users/Tennyson/Github_Repo/Pico1/pico-sdk/src/rp2_common/pico_double/double_aeabi.S.obj
                0x000000001000423c                __wrap___aeabi_d2iz
                0x000000001000423c                double2int_z
 .text.__wrap___aeabi_d2uiz
                0x0000000010004284       0x18 CMakeFiles/ultrasonic.dir/Users/Tennyson/Github_Repo/Pico1/pico-sdk/src/rp2_common/pico_double/double_aeabi.S.obj
                0x0000000010004284                double2uint
                0x0000000010004284                __wrap___aeabi_d2uiz
 .text.__wrap___aeabi_d2f
                0x000000001000429c       0x18 CMakeFiles/ultrasonic.dir/Users/Tennyson/Github_Repo/Pico1/pico-sdk/src/rp2_common/pico_double/double_aeabi.S.obj
                0x000000001000429c                __wrap___aeabi_d2f
 .text.__aeabi_double_init
                0x00000000100042b4       0xc8 CMakeFiles/ultrasonic.dir/Users/Tennyson/Github_Repo/Pico1/pico-sdk/src/rp2_common/pico_double/double_init_rom.c.obj
                0x00000000100042b4                __aeabi_double_init
 .text.double_table_shim_on_use_helper
                0x000000001000437c       0x34 CMakeFiles/ultrasonic.dir/Users/Tennyson/Github_Repo/Pico1/pico-sdk/src/rp2_common/pico_double/double_v1_rom_shim.S.obj
                0x000000001000437c                double_table_shim_on_use_helper
 .text.__wrap___aeabi_dsub
                0x00000000100043b0       0x10 CMakeFiles/ultrasonic.dir/Users/Tennyson/Github_Repo/Pico1/pico-sdk/src/rp2_common/pico_double/double_v1_rom_shim.S.obj
                0x00000000100043b0                drsub_shim
                0x00000000100043b6                dsub_shim
 .text.dadd_shim
                0x00000000100043c0      0x15c CMakeFiles/ultrasonic.dir/Users/Tennyson/Github_Repo/Pico1/pico-sdk/src/rp2_common/pico_double/double_v1_rom_shim.S.obj
                0x00000000100043c0                dadd_shim
 .text.dmul_shim
                0x000000001000451c      0x15c CMakeFiles/ultrasonic.dir/Users/Tennyson/Github_Repo/Pico1/pico-sdk/src/rp2_common/pico_double/double_v1_rom_shim.S.obj
                0x000000001000451c                dmul_shim
 .text.ddiv_shim
                0x0000000010004678      0x1b0 CMakeFiles/ultrasonic.dir/Users/Tennyson/Github_Repo/Pico1/pico-sdk/src/rp2_common/pico_double/double_v1_rom_shim.S.obj
                0x0000000010004678                ddiv_shim
 .text.double2uint_shim
                0x0000000010004828        0xe CMakeFiles/ultrasonic.dir/Users/Tennyson/Github_Repo/Pico1/pico-sdk/src/rp2_common/pico_double/double_v1_rom_shim.S.obj
                0x0000000010004828                double2uint_shim
                0x000000001000482a                double2ufix_shim
 *fill*         0x0000000010004836        0x2 
 .text.double2uint64_shim
                0x0000000010004838       0x70 CMakeFiles/ultrasonic.dir/Users/Tennyson/Github_Repo/Pico1/pico-sdk/src/rp2_common/pico_double/double_v1_rom_shim.S.obj
                0x0000000010004838                double2uint64_shim
                0x000000001000483a                double2ufix64_shim
                0x000000001000485a                d2fix_a
 .text.double2float_shim
                0x00000000100048a8       0x5c CMakeFiles/ultrasonic.dir/Users/Tennyson/Github_Repo/Pico1/pico-sdk/src/rp2_common/pico_double/double_v1_rom_shim.S.obj
                0x00000000100048a8                double2float_shim
 .text.dunpacks
                0x0000000010004904       0x3c CMakeFiles/ultrasonic.dir/Users/Tennyson/Github_Repo/Pico1/pico-sdk/src/rp2_common/pico_double/double_v1_rom_shim.S.obj
                0x0000000010004904                dunpacks
 .text.__aeabi_lmul
                0x0000000010004940       0x32 CMakeFiles/ultrasonic.dir/Users/Tennyson/Github_Repo/Pico1/pico-sdk/src/rp2_common/pico_int64_ops/pico_int64_ops_aeabi.S.obj
                0x0000000010004940                __wrap___aeabi_lmul
 *fill*         0x0000000010004972        0x2 
 .text.__wrap___aeabi_farithmetic
                0x0000000010004974       0x58 CMakeFiles/ultrasonic.dir/Users/Tennyson/Github_Repo/Pico1/pico-sdk/src/rp2_common/pico_float/float_aeabi.S.obj
                0x0000000010004974                __wrap___aeabi_frsub
                0x000000001000497a                __wrap___aeabi_fsub
                0x0000000010004984                __wrap___aeabi_fadd
                0x000000001000498e                __wrap___aeabi_fdiv
                0x00000000100049ba                __wrap___aeabi_fmul
 .text.__wrap___aeabi_cfcmple
                0x00000000100049cc       0x50 CMakeFiles/ultrasonic.dir/Users/Tennyson/Github_Repo/Pico1/pico-sdk/src/rp2_common/pico_float/float_aeabi.S.obj
                0x00000000100049cc                __wrap___aeabi_cfrcmple
                0x00000000100049d8                __wrap___aeabi_cfcmpeq
                0x00000000100049d8                __wrap___aeabi_cfcmple
 .text.__wrap___aeabi_fcmplt
                0x0000000010004a1c        0xc CMakeFiles/ultrasonic.dir/Users/Tennyson/Github_Repo/Pico1/pico-sdk/src/rp2_common/pico_float/float_aeabi.S.obj
                0x0000000010004a1c                __wrap___aeabi_fcmplt
 .text.__wrap___aeabi_i2f
                0x0000000010004a28       0x44 CMakeFiles/ultrasonic.dir/Users/Tennyson/Github_Repo/Pico1/pico-sdk/src/rp2_common/pico_float/float_aeabi.S.obj
                0x0000000010004a28                __wrap___aeabi_i2f
 .text.__wrap___aeabi_f2d
                0x0000000010004a6c       0x14 CMakeFiles/ultrasonic.dir/Users/Tennyson/Github_Repo/Pico1/pico-sdk/src/rp2_common/pico_float/float_aeabi.S.obj
                0x0000000010004a6c                __wrap___aeabi_f2d
 .text.__aeabi_float_init
                0x0000000010004a80       0xfc CMakeFiles/ultrasonic.dir/Users/Tennyson/Github_Repo/Pico1/pico-sdk/src/rp2_common/pico_float/float_init_rom.c.obj
                0x0000000010004a80                __aeabi_float_init
 .text.float_table_shim_on_use_helper
                0x0000000010004b7c       0x34 CMakeFiles/ultrasonic.dir/Users/Tennyson/Github_Repo/Pico1/pico-sdk/src/rp2_common/pico_float/float_v1_rom_shim.S.obj
                0x0000000010004b7c                float_table_shim_on_use_helper
 .text.float2double_shim
                0x0000000010004bb0       0x30 CMakeFiles/ultrasonic.dir/Users/Tennyson/Github_Repo/Pico1/pico-sdk/src/rp2_common/pico_float/float_v1_rom_shim.S.obj
                0x0000000010004bb0                float2double_shim
 .text          0x0000000010004be0       0x10 CMakeFiles/ultrasonic.dir/Users/Tennyson/Github_Repo/Pico1/pico-sdk/src/rp2_common/pico_mem_ops/mem_ops_aeabi.S.obj
                0x0000000010004be0                __aeabi_mem_init
 .text.memset   0x0000000010004bf0        0xc CMakeFiles/ultrasonic.dir/Users/Tennyson/Github_Repo/Pico1/pico-sdk/src/rp2_common/pico_mem_ops/mem_ops_aeabi.S.obj
                0x0000000010004bf0                __wrap_memset
 .text.memcpy   0x0000000010004bfc        0xc CMakeFiles/ultrasonic.dir/Users/Tennyson/Github_Repo/Pico1/pico-sdk/src/rp2_common/pico_mem_ops/mem_ops_aeabi.S.obj
                0x0000000010004bfc                __wrap___aeabi_memcpy
                0x0000000010004bfc                __wrap_memcpy
 .text.stdio_out_chars_no_crlf
                0x0000000010004c08        0xe CMakeFiles/ultrasonic.dir/Users/Tennyson/Github_Repo/Pico1/pico-sdk/src/rp2_common/pico_stdio/stdio.c.obj
 *fill*         0x0000000010004c16        0x2 
 .text.stdio_out_chars_crlf
                0x0000000010004c18       0x80 CMakeFiles/ultrasonic.dir/Users/Tennyson/Github_Repo/Pico1/pico-sdk/src/rp2_common/pico_stdio/stdio.c.obj
 .text.stdio_stack_buffer_flush
                0x0000000010004c98       0x44 CMakeFiles/ultrasonic.dir/Users/Tennyson/Github_Repo/Pico1/pico-sdk/src/rp2_common/pico_stdio/stdio.c.obj
 .text.stdio_buffered_printer
                0x0000000010004cdc       0x20 CMakeFiles/ultrasonic.dir/Users/Tennyson/Github_Repo/Pico1/pico-sdk/src/rp2_common/pico_stdio/stdio.c.obj
 .text.stdout_serialize_begin
                0x0000000010004cfc       0x30 CMakeFiles/ultrasonic.dir/Users/Tennyson/Github_Repo/Pico1/pico-sdk/src/rp2_common/pico_stdio/stdio.c.obj
                0x0000000010004cfc                stdout_serialize_begin
 .text.stdout_serialize_end
                0x0000000010004d2c       0x10 CMakeFiles/ultrasonic.dir/Users/Tennyson/Github_Repo/Pico1/pico-sdk/src/rp2_common/pico_stdio/stdio.c.obj
                0x0000000010004d2c                stdout_serialize_end
 .text.stdio_put_string
                0x0000000010004d3c       0x98 CMakeFiles/ultrasonic.dir/Users/Tennyson/Github_Repo/Pico1/pico-sdk/src/rp2_common/pico_stdio/stdio.c.obj
 .text.stdio_set_driver_enabled
                0x0000000010004dd4       0x2c CMakeFiles/ultrasonic.dir/Users/Tennyson/Github_Repo/Pico1/pico-sdk/src/rp2_common/pico_stdio/stdio.c.obj
                0x0000000010004dd4                stdio_set_driver_enabled
 .text.stdio_flush
                0x0000000010004e00       0x20 CMakeFiles/ultrasonic.dir/Users/Tennyson/Github_Repo/Pico1/pico-sdk/src/rp2_common/pico_stdio/stdio.c.obj
                0x0000000010004e00                stdio_flush
 .text.__wrap_puts
                0x0000000010004e20       0x1e CMakeFiles/ultrasonic.dir/Users/Tennyson/Github_Repo/Pico1/pico-sdk/src/rp2_common/pico_stdio/stdio.c.obj
                0x0000000010004e20                __wrap_puts
 *fill*         0x0000000010004e3e        0x2 
 .text.__wrap_vprintf
                0x0000000010004e40       0x44 CMakeFiles/ultrasonic.dir/Users/Tennyson/Github_Repo/Pico1/pico-sdk/src/rp2_common/pico_stdio/stdio.c.obj
                0x0000000010004e40                __wrap_vprintf
 .text.__wrap_printf
                0x0000000010004e84       0x18 CMakeFiles/ultrasonic.dir/Users/Tennyson/Github_Repo/Pico1/pico-sdk/src/rp2_common/pico_stdio/stdio.c.obj
                0x0000000010004e84                __wrap_printf
 .text.stdio_init_all
                0x0000000010004e9c        0x8 CMakeFiles/ultrasonic.dir/Users/Tennyson/Github_Repo/Pico1/pico-sdk/src/rp2_common/pico_stdio/stdio.c.obj
                0x0000000010004e9c                stdio_init_all
 .text.resetd_init
                0x0000000010004ea4        0x2 CMakeFiles/ultrasonic.dir/Users/Tennyson/Github_Repo/Pico1/pico-sdk/src/rp2_common/pico_stdio_usb/reset_interface.c.obj
 *fill*         0x0000000010004ea6        0x2 
 .text.resetd_reset
                0x0000000010004ea8        0xc CMakeFiles/ultrasonic.dir/Users/Tennyson/Github_Repo/Pico1/pico-sdk/src/rp2_common/pico_stdio_usb/reset_interface.c.obj
 .text.resetd_open
                0x0000000010004eb4       0x34 CMakeFiles/ultrasonic.dir/Users/Tennyson/Github_Repo/Pico1/pico-sdk/src/rp2_common/pico_stdio_usb/reset_interface.c.obj
 .text.resetd_xfer_cb
                0x0000000010004ee8        0x4 CMakeFiles/ultrasonic.dir/Users/Tennyson/Github_Repo/Pico1/pico-sdk/src/rp2_common/pico_stdio_usb/reset_interface.c.obj
 .text.reset_usb_boot
                0x0000000010004eec       0x18 CMakeFiles/ultrasonic.dir/Users/Tennyson/Github_Repo/Pico1/pico-sdk/src/rp2_common/pico_stdio_usb/reset_interface.c.obj
 .text.resetd_control_xfer_cb
                0x0000000010004f04       0x5c CMakeFiles/ultrasonic.dir/Users/Tennyson/Github_Repo/Pico1/pico-sdk/src/rp2_common/pico_stdio_usb/reset_interface.c.obj
 .text.usbd_app_driver_get_cb
                0x0000000010004f60        0xc CMakeFiles/ultrasonic.dir/Users/Tennyson/Github_Repo/Pico1/pico-sdk/src/rp2_common/pico_stdio_usb/reset_interface.c.obj
                0x0000000010004f60                usbd_app_driver_get_cb
 .text.tud_cdc_line_coding_cb
                0x0000000010004f6c       0x28 CMakeFiles/ultrasonic.dir/Users/Tennyson/Github_Repo/Pico1/pico-sdk/src/rp2_common/pico_stdio_usb/reset_interface.c.obj
                0x0000000010004f6c                tud_cdc_line_coding_cb
 .text.stdio_usb_in_chars
                0x0000000010004f94       0x70 CMakeFiles/ultrasonic.dir/Users/Tennyson/Github_Repo/Pico1/pico-sdk/src/rp2_common/pico_stdio_usb/stdio_usb.c.obj
                0x0000000010004f94                stdio_usb_in_chars
 .text.low_priority_worker_irq
                0x0000000010005004       0x20 CMakeFiles/ultrasonic.dir/Users/Tennyson/Github_Repo/Pico1/pico-sdk/src/rp2_common/pico_stdio_usb/stdio_usb.c.obj
 .text.stdio_usb_out_chars
                0x0000000010005024       0xd4 CMakeFiles/ultrasonic.dir/Users/Tennyson/Github_Repo/Pico1/pico-sdk/src/rp2_common/pico_stdio_usb/stdio_usb.c.obj
 .text.timer_task
                0x00000000100050f8       0x40 CMakeFiles/ultrasonic.dir/Users/Tennyson/Github_Repo/Pico1/pico-sdk/src/rp2_common/pico_stdio_usb/stdio_usb.c.obj
 .text.usb_irq  0x0000000010005138       0x10 CMakeFiles/ultrasonic.dir/Users/Tennyson/Github_Repo/Pico1/pico-sdk/src/rp2_common/pico_stdio_usb/stdio_usb.c.obj
 .text.stdio_usb_init
                0x0000000010005148       0xec CMakeFiles/ultrasonic.dir/Users/Tennyson/Github_Repo/Pico1/pico-sdk/src/rp2_common/pico_stdio_usb/stdio_usb.c.obj
                0x0000000010005148                stdio_usb_init
 .text.tud_descriptor_device_cb
                0x0000000010005234        0x8 CMakeFiles/ultrasonic.dir/Users/Tennyson/Github_Repo/Pico1/pico-sdk/src/rp2_common/pico_stdio_usb/stdio_usb_descriptors.c.obj
                0x0000000010005234                tud_descriptor_device_cb
 .text.tud_descriptor_configuration_cb
                0x000000001000523c        0x8 CMakeFiles/ultrasonic.dir/Users/Tennyson/Github_Repo/Pico1/pico-sdk/src/rp2_common/pico_stdio_usb/stdio_usb_descriptors.c.obj
                0x000000001000523c                tud_descriptor_configuration_cb
 .text.tud_descriptor_string_cb
                0x0000000010005244       0x6c CMakeFiles/ultrasonic.dir/Users/Tennyson/Github_Repo/Pico1/pico-sdk/src/rp2_common/pico_stdio_usb/stdio_usb_descriptors.c.obj
                0x0000000010005244                tud_descriptor_string_cb
 .text.hw_endpoint_get_by_addr
                0x00000000100052b0       0x18 CMakeFiles/ultrasonic.dir/Users/Tennyson/Github_Repo/Pico1/pico-sdk/lib/tinyusb/src/portable/raspberrypi/rp2040/dcd_rp2040.c.obj
 .text.reset_ep0_pid
                0x00000000100052c8       0x28 CMakeFiles/ultrasonic.dir/Users/Tennyson/Github_Repo/Pico1/pico-sdk/lib/tinyusb/src/portable/raspberrypi/rp2040/dcd_rp2040.c.obj
 .text._hw_endpoint_alloc
                0x00000000100052f0       0x70 CMakeFiles/ultrasonic.dir/Users/Tennyson/Github_Repo/Pico1/pico-sdk/lib/tinyusb/src/portable/raspberrypi/rp2040/dcd_rp2040.c.obj
 .text.hw_endpoint_init
                0x0000000010005360       0x88 CMakeFiles/ultrasonic.dir/Users/Tennyson/Github_Repo/Pico1/pico-sdk/lib/tinyusb/src/portable/raspberrypi/rp2040/dcd_rp2040.c.obj
 .text.reset_non_control_endpoints
                0x00000000100053e8       0x40 CMakeFiles/ultrasonic.dir/Users/Tennyson/Github_Repo/Pico1/pico-sdk/lib/tinyusb/src/portable/raspberrypi/rp2040/dcd_rp2040.c.obj
 .text.hw_handle_buff_status
                0x0000000010005428       0x8c CMakeFiles/ultrasonic.dir/Users/Tennyson/Github_Repo/Pico1/pico-sdk/lib/tinyusb/src/portable/raspberrypi/rp2040/dcd_rp2040.c.obj
 .text.dcd_rp2040_irq
                0x00000000100054b4       0xc0 CMakeFiles/ultrasonic.dir/Users/Tennyson/Github_Repo/Pico1/pico-sdk/lib/tinyusb/src/portable/raspberrypi/rp2040/dcd_rp2040.c.obj
 .text.hw_endpoint_xfer
                0x0000000010005574       0x14 CMakeFiles/ultrasonic.dir/Users/Tennyson/Github_Repo/Pico1/pico-sdk/lib/tinyusb/src/portable/raspberrypi/rp2040/dcd_rp2040.c.obj
 .text.dcd_int_enable
                0x0000000010005588       0x2c CMakeFiles/ultrasonic.dir/Users/Tennyson/Github_Repo/Pico1/pico-sdk/lib/tinyusb/src/portable/raspberrypi/rp2040/dcd_rp2040.c.obj
                0x0000000010005588                dcd_int_enable
 .text.dcd_set_address
                0x00000000100055b4       0x2c CMakeFiles/ultrasonic.dir/Users/Tennyson/Github_Repo/Pico1/pico-sdk/lib/tinyusb/src/portable/raspberrypi/rp2040/dcd_rp2040.c.obj
                0x00000000100055b4                dcd_set_address
 .text.dcd_connect
                0x00000000100055e0       0x10 CMakeFiles/ultrasonic.dir/Users/Tennyson/Github_Repo/Pico1/pico-sdk/lib/tinyusb/src/portable/raspberrypi/rp2040/dcd_rp2040.c.obj
                0x00000000100055e0                dcd_connect
 .text.dcd_init
                0x00000000100055f0       0x7c CMakeFiles/ultrasonic.dir/Users/Tennyson/Github_Repo/Pico1/pico-sdk/lib/tinyusb/src/portable/raspberrypi/rp2040/dcd_rp2040.c.obj
                0x00000000100055f0                dcd_init
 .text.dcd_edpt0_status_complete
                0x000000001000566c       0x1c CMakeFiles/ultrasonic.dir/Users/Tennyson/Github_Repo/Pico1/pico-sdk/lib/tinyusb/src/portable/raspberrypi/rp2040/dcd_rp2040.c.obj
                0x000000001000566c                dcd_edpt0_status_complete
 .text.dcd_edpt_open
                0x0000000010005688       0x40 CMakeFiles/ultrasonic.dir/Users/Tennyson/Github_Repo/Pico1/pico-sdk/lib/tinyusb/src/portable/raspberrypi/rp2040/dcd_rp2040.c.obj
                0x0000000010005688                dcd_edpt_open
 .text.dcd_edpt_close_all
                0x00000000100056c8        0x8 CMakeFiles/ultrasonic.dir/Users/Tennyson/Github_Repo/Pico1/pico-sdk/lib/tinyusb/src/portable/raspberrypi/rp2040/dcd_rp2040.c.obj
                0x00000000100056c8                dcd_edpt_close_all
 .text.dcd_edpt_xfer
                0x00000000100056d0       0x30 CMakeFiles/ultrasonic.dir/Users/Tennyson/Github_Repo/Pico1/pico-sdk/lib/tinyusb/src/portable/raspberrypi/rp2040/dcd_rp2040.c.obj
                0x00000000100056d0                dcd_edpt_xfer
 .text.dcd_edpt_stall
                0x0000000010005700       0x2c CMakeFiles/ultrasonic.dir/Users/Tennyson/Github_Repo/Pico1/pico-sdk/lib/tinyusb/src/portable/raspberrypi/rp2040/dcd_rp2040.c.obj
                0x0000000010005700                dcd_edpt_stall
 .text.dcd_edpt_clear_stall
                0x000000001000572c       0x20 CMakeFiles/ultrasonic.dir/Users/Tennyson/Github_Repo/Pico1/pico-sdk/lib/tinyusb/src/portable/raspberrypi/rp2040/dcd_rp2040.c.obj
                0x000000001000572c                dcd_edpt_clear_stall
 .text.prepare_ep_buffer
                0x000000001000574c       0x70 CMakeFiles/ultrasonic.dir/Users/Tennyson/Github_Repo/Pico1/pico-sdk/lib/tinyusb/src/portable/raspberrypi/rp2040/rp2040_usb.c.obj
 .text.sync_ep_buffer
                0x00000000100057bc       0x7c CMakeFiles/ultrasonic.dir/Users/Tennyson/Github_Repo/Pico1/pico-sdk/lib/tinyusb/src/portable/raspberrypi/rp2040/rp2040_usb.c.obj
 .text._hw_endpoint_xfer_sync
                0x0000000010005838       0x28 CMakeFiles/ultrasonic.dir/Users/Tennyson/Github_Repo/Pico1/pico-sdk/lib/tinyusb/src/portable/raspberrypi/rp2040/rp2040_usb.c.obj
 .text.rp2040_usb_init
                0x0000000010005860       0x4c CMakeFiles/ultrasonic.dir/Users/Tennyson/Github_Repo/Pico1/pico-sdk/lib/tinyusb/src/portable/raspberrypi/rp2040/rp2040_usb.c.obj
                0x0000000010005860                rp2040_usb_init
 .text.hw_endpoint_reset_transfer
                0x00000000100058ac        0xc CMakeFiles/ultrasonic.dir/Users/Tennyson/Github_Repo/Pico1/pico-sdk/lib/tinyusb/src/portable/raspberrypi/rp2040/rp2040_usb.c.obj
                0x00000000100058ac                hw_endpoint_reset_transfer
 .text._hw_endpoint_buffer_control_update32
                0x00000000100058b8       0x58 CMakeFiles/ultrasonic.dir/Users/Tennyson/Github_Repo/Pico1/pico-sdk/lib/tinyusb/src/portable/raspberrypi/rp2040/rp2040_usb.c.obj
                0x00000000100058b8                _hw_endpoint_buffer_control_update32
 .text._hw_endpoint_start_next_buffer
                0x0000000010005910       0x74 CMakeFiles/ultrasonic.dir/Users/Tennyson/Github_Repo/Pico1/pico-sdk/lib/tinyusb/src/portable/raspberrypi/rp2040/rp2040_usb.c.obj
 .text.hw_endpoint_xfer_start
                0x0000000010005984       0x48 CMakeFiles/ultrasonic.dir/Users/Tennyson/Github_Repo/Pico1/pico-sdk/lib/tinyusb/src/portable/raspberrypi/rp2040/rp2040_usb.c.obj
                0x0000000010005984                hw_endpoint_xfer_start
 .text.hw_endpoint_xfer_continue
                0x00000000100059cc       0x38 CMakeFiles/ultrasonic.dir/Users/Tennyson/Github_Repo/Pico1/pico-sdk/lib/tinyusb/src/portable/raspberrypi/rp2040/rp2040_usb.c.obj
                0x00000000100059cc                hw_endpoint_xfer_continue
 .text.configuration_reset
                0x0000000010005a04       0x84 CMakeFiles/ultrasonic.dir/Users/Tennyson/Github_Repo/Pico1/pico-sdk/lib/tinyusb/src/device/usbd.c.obj
 .text.usbd_reset
                0x0000000010005a88        0xc CMakeFiles/ultrasonic.dir/Users/Tennyson/Github_Repo/Pico1/pico-sdk/lib/tinyusb/src/device/usbd.c.obj
 .text.invoke_class_control
                0x0000000010005a94       0x1a CMakeFiles/ultrasonic.dir/Users/Tennyson/Github_Repo/Pico1/pico-sdk/lib/tinyusb/src/device/usbd.c.obj
 *fill*         0x0000000010005aae        0x2 
 .text.process_set_config
                0x0000000010005ab0      0x1b0 CMakeFiles/ultrasonic.dir/Users/Tennyson/Github_Repo/Pico1/pico-sdk/lib/tinyusb/src/device/usbd.c.obj
 .text.process_get_descriptor
                0x0000000010005c60       0xec CMakeFiles/ultrasonic.dir/Users/Tennyson/Github_Repo/Pico1/pico-sdk/lib/tinyusb/src/device/usbd.c.obj
 .text.tud_mounted
                0x0000000010005d4c       0x10 CMakeFiles/ultrasonic.dir/Users/Tennyson/Github_Repo/Pico1/pico-sdk/lib/tinyusb/src/device/usbd.c.obj
                0x0000000010005d4c                tud_mounted
 .text.tud_suspended
                0x0000000010005d5c       0x10 CMakeFiles/ultrasonic.dir/Users/Tennyson/Github_Repo/Pico1/pico-sdk/lib/tinyusb/src/device/usbd.c.obj
                0x0000000010005d5c                tud_suspended
 .text.tud_inited
                0x0000000010005d6c        0xc CMakeFiles/ultrasonic.dir/Users/Tennyson/Github_Repo/Pico1/pico-sdk/lib/tinyusb/src/device/usbd.c.obj
                0x0000000010005d6c                tud_inited
 .text.tud_init
                0x0000000010005d78       0xcc CMakeFiles/ultrasonic.dir/Users/Tennyson/Github_Repo/Pico1/pico-sdk/lib/tinyusb/src/device/usbd.c.obj
                0x0000000010005d78                tud_init
 .text.dcd_event_handler
                0x0000000010005e44      0x1e0 CMakeFiles/ultrasonic.dir/Users/Tennyson/Github_Repo/Pico1/pico-sdk/lib/tinyusb/src/device/usbd.c.obj
                0x0000000010005e44                dcd_event_handler
 .text.dcd_event_bus_signal
                0x0000000010006024       0x26 CMakeFiles/ultrasonic.dir/Users/Tennyson/Github_Repo/Pico1/pico-sdk/lib/tinyusb/src/device/usbd.c.obj
                0x0000000010006024                dcd_event_bus_signal
 .text.dcd_event_bus_reset
                0x000000001000604a       0x2a CMakeFiles/ultrasonic.dir/Users/Tennyson/Github_Repo/Pico1/pico-sdk/lib/tinyusb/src/device/usbd.c.obj
                0x000000001000604a                dcd_event_bus_reset
 .text.dcd_event_setup_received
                0x0000000010006074       0x34 CMakeFiles/ultrasonic.dir/Users/Tennyson/Github_Repo/Pico1/pico-sdk/lib/tinyusb/src/device/usbd.c.obj
                0x0000000010006074                dcd_event_setup_received
 .text.dcd_event_xfer_complete
                0x00000000100060a8       0x44 CMakeFiles/ultrasonic.dir/Users/Tennyson/Github_Repo/Pico1/pico-sdk/lib/tinyusb/src/device/usbd.c.obj
                0x00000000100060a8                dcd_event_xfer_complete
 .text.usbd_edpt_open
                0x00000000100060ec       0x58 CMakeFiles/ultrasonic.dir/Users/Tennyson/Github_Repo/Pico1/pico-sdk/lib/tinyusb/src/device/usbd.c.obj
                0x00000000100060ec                usbd_edpt_open
 .text.usbd_open_edpt_pair
                0x0000000010006144       0x8c CMakeFiles/ultrasonic.dir/Users/Tennyson/Github_Repo/Pico1/pico-sdk/lib/tinyusb/src/device/usbd.c.obj
                0x0000000010006144                usbd_open_edpt_pair
 .text.usbd_edpt_claim
                0x00000000100061d0       0x8c CMakeFiles/ultrasonic.dir/Users/Tennyson/Github_Repo/Pico1/pico-sdk/lib/tinyusb/src/device/usbd.c.obj
                0x00000000100061d0                usbd_edpt_claim
 .text.usbd_edpt_release
                0x000000001000625c       0x68 CMakeFiles/ultrasonic.dir/Users/Tennyson/Github_Repo/Pico1/pico-sdk/lib/tinyusb/src/device/usbd.c.obj
                0x000000001000625c                usbd_edpt_release
 .text.usbd_edpt_xfer
                0x00000000100062c4       0x80 CMakeFiles/ultrasonic.dir/Users/Tennyson/Github_Repo/Pico1/pico-sdk/lib/tinyusb/src/device/usbd.c.obj
                0x00000000100062c4                usbd_edpt_xfer
 .text.usbd_edpt_stall
                0x0000000010006344       0x40 CMakeFiles/ultrasonic.dir/Users/Tennyson/Github_Repo/Pico1/pico-sdk/lib/tinyusb/src/device/usbd.c.obj
                0x0000000010006344                usbd_edpt_stall
 .text.usbd_edpt_clear_stall
                0x0000000010006384       0x40 CMakeFiles/ultrasonic.dir/Users/Tennyson/Github_Repo/Pico1/pico-sdk/lib/tinyusb/src/device/usbd.c.obj
                0x0000000010006384                usbd_edpt_clear_stall
 .text.usbd_edpt_stalled
                0x00000000100063c4       0x1c CMakeFiles/ultrasonic.dir/Users/Tennyson/Github_Repo/Pico1/pico-sdk/lib/tinyusb/src/device/usbd.c.obj
                0x00000000100063c4                usbd_edpt_stalled
 .text.process_control_request
                0x00000000100063e0      0x3b8 CMakeFiles/ultrasonic.dir/Users/Tennyson/Github_Repo/Pico1/pico-sdk/lib/tinyusb/src/device/usbd.c.obj
 .text.tud_task
                0x0000000010006798      0x218 CMakeFiles/ultrasonic.dir/Users/Tennyson/Github_Repo/Pico1/pico-sdk/lib/tinyusb/src/device/usbd.c.obj
                0x0000000010006798                tud_task
 .text._data_stage_xact
                0x00000000100069b0       0x58 CMakeFiles/ultrasonic.dir/Users/Tennyson/Github_Repo/Pico1/pico-sdk/lib/tinyusb/src/device/usbd_control.c.obj
 .text.tud_control_status
                0x0000000010006a08       0x38 CMakeFiles/ultrasonic.dir/Users/Tennyson/Github_Repo/Pico1/pico-sdk/lib/tinyusb/src/device/usbd_control.c.obj
                0x0000000010006a08                tud_control_status
 .text.tud_control_xfer
                0x0000000010006a40       0xa8 CMakeFiles/ultrasonic.dir/Users/Tennyson/Github_Repo/Pico1/pico-sdk/lib/tinyusb/src/device/usbd_control.c.obj
                0x0000000010006a40                tud_control_xfer
 .text.usbd_control_reset
                0x0000000010006ae8       0x14 CMakeFiles/ultrasonic.dir/Users/Tennyson/Github_Repo/Pico1/pico-sdk/lib/tinyusb/src/device/usbd_control.c.obj
                0x0000000010006ae8                usbd_control_reset
 .text.usbd_control_set_complete_callback
                0x0000000010006afc        0xc CMakeFiles/ultrasonic.dir/Users/Tennyson/Github_Repo/Pico1/pico-sdk/lib/tinyusb/src/device/usbd_control.c.obj
                0x0000000010006afc                usbd_control_set_complete_callback
 .text.usbd_control_set_request
                0x0000000010006b08       0x1c CMakeFiles/ultrasonic.dir/Users/Tennyson/Github_Repo/Pico1/pico-sdk/lib/tinyusb/src/device/usbd_control.c.obj
                0x0000000010006b08                usbd_control_set_request
 .text.usbd_control_xfer_cb
                0x0000000010006b24       0xfc CMakeFiles/ultrasonic.dir/Users/Tennyson/Github_Repo/Pico1/pico-sdk/lib/tinyusb/src/device/usbd_control.c.obj
                0x0000000010006b24                usbd_control_xfer_cb
 .text._prep_out_transaction
                0x0000000010006c20       0x46 CMakeFiles/ultrasonic.dir/Users/Tennyson/Github_Repo/Pico1/pico-sdk/lib/tinyusb/src/class/cdc/cdc_device.c.obj
 *fill*         0x0000000010006c66        0x2 
 .text.tud_cdc_n_connected
                0x0000000010006c68       0x44 CMakeFiles/ultrasonic.dir/Users/Tennyson/Github_Repo/Pico1/pico-sdk/lib/tinyusb/src/class/cdc/cdc_device.c.obj
                0x0000000010006c68                tud_cdc_n_connected
 .text.tud_cdc_n_available
                0x0000000010006cac       0x18 CMakeFiles/ultrasonic.dir/Users/Tennyson/Github_Repo/Pico1/pico-sdk/lib/tinyusb/src/class/cdc/cdc_device.c.obj
                0x0000000010006cac                tud_cdc_n_available
 .text.tud_cdc_n_read
                0x0000000010006cc4       0x28 CMakeFiles/ultrasonic.dir/Users/Tennyson/Github_Repo/Pico1/pico-sdk/lib/tinyusb/src/class/cdc/cdc_device.c.obj
                0x0000000010006cc4                tud_cdc_n_read
 .text.tud_cdc_n_write_flush
                0x0000000010006cec       0xcc CMakeFiles/ultrasonic.dir/Users/Tennyson/Github_Repo/Pico1/pico-sdk/lib/tinyusb/src/class/cdc/cdc_device.c.obj
                0x0000000010006cec                tud_cdc_n_write_flush
 .text.tud_cdc_n_write
                0x0000000010006db8       0x38 CMakeFiles/ultrasonic.dir/Users/Tennyson/Github_Repo/Pico1/pico-sdk/lib/tinyusb/src/class/cdc/cdc_device.c.obj
                0x0000000010006db8                tud_cdc_n_write
 .text.tud_cdc_n_write_available
                0x0000000010006df0       0x1c CMakeFiles/ultrasonic.dir/Users/Tennyson/Github_Repo/Pico1/pico-sdk/lib/tinyusb/src/class/cdc/cdc_device.c.obj
                0x0000000010006df0                tud_cdc_n_write_available
 .text.cdcd_init
                0x0000000010006e0c       0xbc CMakeFiles/ultrasonic.dir/Users/Tennyson/Github_Repo/Pico1/pico-sdk/lib/tinyusb/src/class/cdc/cdc_device.c.obj
                0x0000000010006e0c                cdcd_init
 .text.cdcd_reset
                0x0000000010006ec8       0x44 CMakeFiles/ultrasonic.dir/Users/Tennyson/Github_Repo/Pico1/pico-sdk/lib/tinyusb/src/class/cdc/cdc_device.c.obj
                0x0000000010006ec8                cdcd_reset
 .text.cdcd_open
                0x0000000010006f0c       0xf8 CMakeFiles/ultrasonic.dir/Users/Tennyson/Github_Repo/Pico1/pico-sdk/lib/tinyusb/src/class/cdc/cdc_device.c.obj
                0x0000000010006f0c                cdcd_open
 .text.cdcd_control_xfer_cb
                0x0000000010007004      0x134 CMakeFiles/ultrasonic.dir/Users/Tennyson/Github_Repo/Pico1/pico-sdk/lib/tinyusb/src/class/cdc/cdc_device.c.obj
                0x0000000010007004                cdcd_control_xfer_cb
 .text.cdcd_xfer_cb
                0x0000000010007138      0x144 CMakeFiles/ultrasonic.dir/Users/Tennyson/Github_Repo/Pico1/pico-sdk/lib/tinyusb/src/class/cdc/cdc_device.c.obj
                0x0000000010007138                cdcd_xfer_cb
 .text.tusb_init
                0x000000001000727c       0x24 CMakeFiles/ultrasonic.dir/Users/Tennyson/Github_Repo/Pico1/pico-sdk/lib/tinyusb/src/tusb.c.obj
                0x000000001000727c                tusb_init
 .text.tusb_inited
                0x00000000100072a0        0xe CMakeFiles/ultrasonic.dir/Users/Tennyson/Github_Repo/Pico1/pico-sdk/lib/tinyusb/src/tusb.c.obj
                0x00000000100072a0                tusb_inited
 *fill*         0x00000000100072ae        0x2 
 .text.tu_edpt_validate
                0x00000000100072b0       0xa8 CMakeFiles/ultrasonic.dir/Users/Tennyson/Github_Repo/Pico1/pico-sdk/lib/tinyusb/src/tusb.c.obj
                0x00000000100072b0                tu_edpt_validate
 .text.tu_edpt_bind_driver
                0x0000000010007358       0x2a CMakeFiles/ultrasonic.dir/Users/Tennyson/Github_Repo/Pico1/pico-sdk/lib/tinyusb/src/tusb.c.obj
                0x0000000010007358                tu_edpt_bind_driver
 .text.advance_pointer
                0x0000000010007382       0x18 CMakeFiles/ultrasonic.dir/Users/Tennyson/Github_Repo/Pico1/pico-sdk/lib/tinyusb/src/common/tusb_fifo.c.obj
 .text.backward_pointer
                0x000000001000739a       0x1e CMakeFiles/ultrasonic.dir/Users/Tennyson/Github_Repo/Pico1/pico-sdk/lib/tinyusb/src/common/tusb_fifo.c.obj
 .text.get_relative_pointer
                0x00000000100073b8       0x10 CMakeFiles/ultrasonic.dir/Users/Tennyson/Github_Repo/Pico1/pico-sdk/lib/tinyusb/src/common/tusb_fifo.c.obj
 .text._tu_fifo_peek
                0x00000000100073c8       0x50 CMakeFiles/ultrasonic.dir/Users/Tennyson/Github_Repo/Pico1/pico-sdk/lib/tinyusb/src/common/tusb_fifo.c.obj
 .text._ff_pull_const_addr
                0x0000000010007418       0x4c CMakeFiles/ultrasonic.dir/Users/Tennyson/Github_Repo/Pico1/pico-sdk/lib/tinyusb/src/common/tusb_fifo.c.obj
 .text._ff_pull_n
                0x0000000010007464      0x10c CMakeFiles/ultrasonic.dir/Users/Tennyson/Github_Repo/Pico1/pico-sdk/lib/tinyusb/src/common/tusb_fifo.c.obj
 .text._tu_fifo_peek_n
                0x0000000010007570       0x5e CMakeFiles/ultrasonic.dir/Users/Tennyson/Github_Repo/Pico1/pico-sdk/lib/tinyusb/src/common/tusb_fifo.c.obj
 .text._tu_fifo_read_n
                0x00000000100075ce       0x4e CMakeFiles/ultrasonic.dir/Users/Tennyson/Github_Repo/Pico1/pico-sdk/lib/tinyusb/src/common/tusb_fifo.c.obj
 .text._ff_push_const_addr
                0x000000001000761c       0x40 CMakeFiles/ultrasonic.dir/Users/Tennyson/Github_Repo/Pico1/pico-sdk/lib/tinyusb/src/common/tusb_fifo.c.obj
 .text._ff_push_n
                0x000000001000765c      0x108 CMakeFiles/ultrasonic.dir/Users/Tennyson/Github_Repo/Pico1/pico-sdk/lib/tinyusb/src/common/tusb_fifo.c.obj
 .text._tu_fifo_write_n
                0x0000000010007764       0x9e CMakeFiles/ultrasonic.dir/Users/Tennyson/Github_Repo/Pico1/pico-sdk/lib/tinyusb/src/common/tusb_fifo.c.obj
 .text.tu_fifo_config
                0x0000000010007802       0x72 CMakeFiles/ultrasonic.dir/Users/Tennyson/Github_Repo/Pico1/pico-sdk/lib/tinyusb/src/common/tusb_fifo.c.obj
                0x0000000010007802                tu_fifo_config
 .text.tu_fifo_count
                0x0000000010007874       0x26 CMakeFiles/ultrasonic.dir/Users/Tennyson/Github_Repo/Pico1/pico-sdk/lib/tinyusb/src/common/tusb_fifo.c.obj
                0x0000000010007874                tu_fifo_count
 .text.tu_fifo_empty
                0x000000001000789a       0x10 CMakeFiles/ultrasonic.dir/Users/Tennyson/Github_Repo/Pico1/pico-sdk/lib/tinyusb/src/common/tusb_fifo.c.obj
                0x000000001000789a                tu_fifo_empty
 .text.tu_fifo_remaining
                0x00000000100078aa       0x20 CMakeFiles/ultrasonic.dir/Users/Tennyson/Github_Repo/Pico1/pico-sdk/lib/tinyusb/src/common/tusb_fifo.c.obj
                0x00000000100078aa                tu_fifo_remaining
 .text.tu_fifo_read
                0x00000000100078ca       0x42 CMakeFiles/ultrasonic.dir/Users/Tennyson/Github_Repo/Pico1/pico-sdk/lib/tinyusb/src/common/tusb_fifo.c.obj
                0x00000000100078ca                tu_fifo_read
 .text.tu_fifo_read_n
                0x000000001000790c        0xa CMakeFiles/ultrasonic.dir/Users/Tennyson/Github_Repo/Pico1/pico-sdk/lib/tinyusb/src/common/tusb_fifo.c.obj
                0x000000001000790c                tu_fifo_read_n
 .text.tu_fifo_write
                0x0000000010007916       0x6c CMakeFiles/ultrasonic.dir/Users/Tennyson/Github_Repo/Pico1/pico-sdk/lib/tinyusb/src/common/tusb_fifo.c.obj
                0x0000000010007916                tu_fifo_write
 .text.tu_fifo_write_n
                0x0000000010007982        0xa CMakeFiles/ultrasonic.dir/Users/Tennyson/Github_Repo/Pico1/pico-sdk/lib/tinyusb/src/common/tusb_fifo.c.obj
                0x0000000010007982                tu_fifo_write_n
 .text.tu_fifo_clear
                0x000000001000798c       0x4c CMakeFiles/ultrasonic.dir/Users/Tennyson/Github_Repo/Pico1/pico-sdk/lib/tinyusb/src/common/tusb_fifo.c.obj
                0x000000001000798c                tu_fifo_clear
 .text.tu_fifo_set_overwritable
                0x00000000100079d8       0x3c CMakeFiles/ultrasonic.dir/Users/Tennyson/Github_Repo/Pico1/pico-sdk/lib/tinyusb/src/common/tusb_fifo.c.obj
                0x00000000100079d8                tu_fifo_set_overwritable
 .text._retrieve_unique_id_on_boot
                0x0000000010007a14       0x10 CMakeFiles/ultrasonic.dir/Users/Tennyson/Github_Repo/Pico1/pico-sdk/src/rp2_common/pico_unique_id/unique_id.c.obj
 .text.pico_get_unique_board_id_string
                0x0000000010007a24       0x60 CMakeFiles/ultrasonic.dir/Users/Tennyson/Github_Repo/Pico1/pico-sdk/src/rp2_common/pico_unique_id/unique_id.c.obj
                0x0000000010007a24                pico_get_unique_board_id_string
 .text.flash_get_unique_id
                0x0000000010007a84       0x46 CMakeFiles/ultrasonic.dir/Users/Tennyson/Github_Repo/Pico1/pico-sdk/src/rp2_common/hardware_flash/flash.c.obj
                0x0000000010007a84                flash_get_unique_id
 .text.i2c_write_blocking_internal
                0x0000000010007aca      0x140 CMakeFiles/ultrasonic.dir/Users/Tennyson/Github_Repo/Pico1/pico-sdk/src/rp2_common/hardware_i2c/i2c.c.obj
 .text.i2c_read_blocking_internal
                0x0000000010007c0a       0xe6 CMakeFiles/ultrasonic.dir/Users/Tennyson/Github_Repo/Pico1/pico-sdk/src/rp2_common/hardware_i2c/i2c.c.obj
 .text.i2c_set_baudrate
                0x0000000010007cf0       0xf0 CMakeFiles/ultrasonic.dir/Users/Tennyson/Github_Repo/Pico1/pico-sdk/src/rp2_common/hardware_i2c/i2c.c.obj
                0x0000000010007cf0                i2c_set_baudrate
 .text.i2c_init
                0x0000000010007de0       0x58 CMakeFiles/ultrasonic.dir/Users/Tennyson/Github_Repo/Pico1/pico-sdk/src/rp2_common/hardware_i2c/i2c.c.obj
                0x0000000010007de0                i2c_init
 .text.i2c_write_blocking
                0x0000000010007e38       0x18 CMakeFiles/ultrasonic.dir/Users/Tennyson/Github_Repo/Pico1/pico-sdk/src/rp2_common/hardware_i2c/i2c.c.obj
                0x0000000010007e38                i2c_write_blocking
 .text.i2c_read_blocking
                0x0000000010007e50       0x18 CMakeFiles/ultrasonic.dir/Users/Tennyson/Github_Repo/Pico1/pico-sdk/src/rp2_common/hardware_i2c/i2c.c.obj
                0x0000000010007e50                i2c_read_blocking
 .text.strlen   0x0000000010007e68       0x5c /opt/homebrew/Cellar/arm-none-eabi-gcc/10.3-2021.07/gcc/bin/../lib/gcc/arm-none-eabi/10.3.1/../../../../arm-none-eabi/lib/thumb/v6-m/nofp/libg.a(lib_a-strlen-stub.o)
                0x0000000010007e68                strlen
 *(.fini)
 .fini          0x0000000010007ec4        0x4 /opt/homebrew/Cellar/arm-none-eabi-gcc/10.3-2021.07/gcc/bin/../lib/gcc/arm-none-eabi/10.3.1/thumb/v6-m/nofp/crti.o
                0x0000000010007ec4                _fini
 .fini.__stub   0x0000000010007ec8       0x70 linker stubs
 *crtbegin.o(.ctors)
 *crtbegin?.o(.ctors)
 *(EXCLUDE_FILE(*crtend.o *crtend?.o) .ctors)
 *(SORT_BY_NAME(.ctors.*))
 *(.ctors)
 *crtbegin.o(.dtors)
 *crtbegin?.o(.dtors)
 *(EXCLUDE_FILE(*crtend.o *crtend?.o) .dtors)
 *(SORT_BY_NAME(.dtors.*))
 *(.dtors)
 *(.eh_frame*)
 .eh_frame      0x0000000010007f38        0x0 /opt/homebrew/Cellar/arm-none-eabi-gcc/10.3-2021.07/gcc/bin/../lib/gcc/arm-none-eabi/10.3.1/thumb/v6-m/nofp/crtbegin.o
                0x0000000010007f38                . = ALIGN (0x4)

.glue_7         0x0000000010007f38        0x0
 .glue_7        0x0000000010007f38        0x0 linker stubs

.glue_7t        0x0000000010007f38        0x0
 .glue_7t       0x0000000010007f38        0x0 linker stubs

.vfp11_veneer   0x0000000010007f38        0x0
 .vfp11_veneer  0x0000000010007f38        0x0 linker stubs

.v4_bx          0x0000000010007f38        0x0
 .v4_bx         0x0000000010007f38        0x0 linker stubs

.iplt           0x0000000010007f38        0x0
 .iplt          0x0000000010007f38        0x0 /opt/homebrew/Cellar/arm-none-eabi-gcc/10.3-2021.07/gcc/bin/../lib/gcc/arm-none-eabi/10.3.1/thumb/v6-m/nofp/crtbegin.o

.rodata         0x0000000010007f38     0x1904
 *(EXCLUDE_FILE(*libm.a: *libc.a:*lib_a-mem*.o *libgcc.a:) .rodata*)
 .rodata.getUSDectection.str1.4
                0x0000000010007f38       0x3b CMakeFiles/ultrasonic.dir/ultrasonic.c.obj
 *fill*         0x0000000010007f73        0x1 
 .rodata.getHump.str1.4
                0x0000000010007f74       0x23 CMakeFiles/ultrasonic.dir/ultrasonic.c.obj
 *fill*         0x0000000010007f97        0x1 
 .rodata.__bi_175.0
                0x0000000010007f98        0x8 CMakeFiles/ultrasonic.dir/ultrasonic.c.obj
 .rodata.spin_lock_claim_unused.str1.4
                0x0000000010007fa0       0x1b CMakeFiles/ultrasonic.dir/Users/Tennyson/Github_Repo/Pico1/pico-sdk/src/rp2_common/hardware_sync/sync.c.obj
 *fill*         0x0000000010007fbb        0x1 
 .rodata.make_branch.str1.4
                0x0000000010007fbc       0x7d CMakeFiles/ultrasonic.dir/Users/Tennyson/Github_Repo/Pico1/pico-sdk/src/rp2_common/hardware_irq/irq.c.obj
 *fill*         0x0000000010008039        0x3 
 .rodata.insert_branch_and_link.str1.4
                0x000000001000803c       0x10 CMakeFiles/ultrasonic.dir/Users/Tennyson/Github_Repo/Pico1/pico-sdk/src/rp2_common/hardware_irq/irq.c.obj
 .rodata.irq_set_exclusive_handler.str1.4
                0x000000001000804c       0x36 CMakeFiles/ultrasonic.dir/Users/Tennyson/Github_Repo/Pico1/pico-sdk/src/rp2_common/hardware_irq/irq.c.obj
 *fill*         0x0000000010008082        0x2 
 .rodata.irq_add_shared_handler.str1.4
                0x0000000010008084       0xd9 CMakeFiles/ultrasonic.dir/Users/Tennyson/Github_Repo/Pico1/pico-sdk/src/rp2_common/hardware_irq/irq.c.obj
 *fill*         0x000000001000815d        0x3 
 .rodata.irq_remove_handler.str1.4
                0x0000000010008160       0x2a CMakeFiles/ultrasonic.dir/Users/Tennyson/Github_Repo/Pico1/pico-sdk/src/rp2_common/hardware_irq/irq.c.obj
 *fill*         0x000000001000818a        0x2 
 .rodata.irq_add_tail_to_free_list.str1.4
                0x000000001000818c       0x3a CMakeFiles/ultrasonic.dir/Users/Tennyson/Github_Repo/Pico1/pico-sdk/src/rp2_common/hardware_irq/irq.c.obj
 *fill*         0x00000000100081c6        0x2 
 .rodata.user_irq_claim_unused.str1.4
                0x00000000100081c8       0x1b CMakeFiles/ultrasonic.dir/Users/Tennyson/Github_Repo/Pico1/pico-sdk/src/rp2_common/hardware_irq/irq.c.obj
 *fill*         0x00000000100081e3        0x1 
 .rodata.__func__.0
                0x00000000100081e4       0x1a CMakeFiles/ultrasonic.dir/Users/Tennyson/Github_Repo/Pico1/pico-sdk/src/rp2_common/hardware_irq/irq.c.obj
 *fill*         0x00000000100081fe        0x2 
 .rodata.__func__.1
                0x0000000010008200       0x17 CMakeFiles/ultrasonic.dir/Users/Tennyson/Github_Repo/Pico1/pico-sdk/src/rp2_common/hardware_irq/irq.c.obj
 *fill*         0x0000000010008217        0x1 
 .rodata.__func__.2
                0x0000000010008218       0x13 CMakeFiles/ultrasonic.dir/Users/Tennyson/Github_Repo/Pico1/pico-sdk/src/rp2_common/hardware_irq/irq.c.obj
 *fill*         0x000000001000822b        0x1 
 .rodata.__func__.3
                0x000000001000822c        0xc CMakeFiles/ultrasonic.dir/Users/Tennyson/Github_Repo/Pico1/pico-sdk/src/rp2_common/hardware_irq/irq.c.obj
 .rodata.__func__.4
                0x0000000010008238        0xf CMakeFiles/ultrasonic.dir/Users/Tennyson/Github_Repo/Pico1/pico-sdk/src/rp2_common/hardware_irq/irq.c.obj
 *fill*         0x0000000010008247        0x1 
 .rodata.__func__.5
                0x0000000010008248       0x17 CMakeFiles/ultrasonic.dir/Users/Tennyson/Github_Repo/Pico1/pico-sdk/src/rp2_common/hardware_irq/irq.c.obj
 *fill*         0x000000001000825f        0x1 
 .rodata.__func__.6
                0x0000000010008260       0x1a CMakeFiles/ultrasonic.dir/Users/Tennyson/Github_Repo/Pico1/pico-sdk/src/rp2_common/hardware_irq/irq.c.obj
 *fill*         0x000000001000827a        0x2 
 .rodata.repeating_timer_callback.str1.4
                0x000000001000827c       0x5b CMakeFiles/ultrasonic.dir/Users/Tennyson/Github_Repo/Pico1/pico-sdk/src/common/pico_time/time.c.obj
 *fill*         0x00000000100082d7        0x1 
 .rodata.alarm_pool_dump_key.str1.4
                0x00000000100082d8       0x33 CMakeFiles/ultrasonic.dir/Users/Tennyson/Github_Repo/Pico1/pico-sdk/src/common/pico_time/time.c.obj
 *fill*         0x000000001000830b        0x1 
 .rodata.ph_add_child_node.str1.4
                0x000000001000830c       0xa6 CMakeFiles/ultrasonic.dir/Users/Tennyson/Github_Repo/Pico1/pico-sdk/src/common/pico_time/time.c.obj
 *fill*         0x00000000100083b2        0x2 
 .rodata.add_alarm_under_lock.str1.4
                0x00000000100083b4       0x28 CMakeFiles/ultrasonic.dir/Users/Tennyson/Github_Repo/Pico1/pico-sdk/src/common/pico_time/time.c.obj
                                         0x2b (size before relaxing)
 .rodata.alarm_pool_alarm_callback.str1.4
                0x00000000100083dc       0xf6 CMakeFiles/ultrasonic.dir/Users/Tennyson/Github_Repo/Pico1/pico-sdk/src/common/pico_time/time.c.obj
 *fill*         0x00000000100084d2        0x2 
 .rodata.alarm_pool_get_default.str1.4
                0x00000000100084d4       0x21 CMakeFiles/ultrasonic.dir/Users/Tennyson/Github_Repo/Pico1/pico-sdk/src/common/pico_time/time.c.obj
 *fill*         0x00000000100084f5        0x3 
 .rodata.alarm_pool_cancel_alarm.str1.4
                0x00000000100084f8       0x27 CMakeFiles/ultrasonic.dir/Users/Tennyson/Github_Repo/Pico1/pico-sdk/src/common/pico_time/time.c.obj
 *fill*         0x000000001000851f        0x1 
 .rodata.sleep_until.str1.4
                0x0000000010008520       0x4d CMakeFiles/ultrasonic.dir/Users/Tennyson/Github_Repo/Pico1/pico-sdk/src/common/pico_time/time.c.obj
 *fill*         0x000000001000856d        0x3 
 .rodata.__func__.0
                0x0000000010008570       0x19 CMakeFiles/ultrasonic.dir/Users/Tennyson/Github_Repo/Pico1/pico-sdk/src/common/pico_time/time.c.obj
 *fill*         0x0000000010008589        0x3 
 .rodata.__func__.1
                0x000000001000858c       0x18 CMakeFiles/ultrasonic.dir/Users/Tennyson/Github_Repo/Pico1/pico-sdk/src/common/pico_time/time.c.obj
 .rodata.__func__.10
                0x00000000100085a4       0x15 CMakeFiles/ultrasonic.dir/Users/Tennyson/Github_Repo/Pico1/pico-sdk/src/common/pico_time/time.c.obj
 *fill*         0x00000000100085b9        0x3 
 .rodata.__func__.11
                0x00000000100085bc       0x1a CMakeFiles/ultrasonic.dir/Users/Tennyson/Github_Repo/Pico1/pico-sdk/src/common/pico_time/time.c.obj
 *fill*         0x00000000100085d6        0x2 
 .rodata.__func__.12
                0x00000000100085d8        0xa CMakeFiles/ultrasonic.dir/Users/Tennyson/Github_Repo/Pico1/pico-sdk/src/common/pico_time/time.c.obj
 *fill*         0x00000000100085e2        0x2 
 .rodata.__func__.3
                0x00000000100085e4       0x17 CMakeFiles/ultrasonic.dir/Users/Tennyson/Github_Repo/Pico1/pico-sdk/src/common/pico_time/time.c.obj
 *fill*         0x00000000100085fb        0x1 
 .rodata.__func__.4
                0x00000000100085fc       0x12 CMakeFiles/ultrasonic.dir/Users/Tennyson/Github_Repo/Pico1/pico-sdk/src/common/pico_time/time.c.obj
 *fill*         0x000000001000860e        0x2 
 .rodata.__func__.5
                0x0000000010008610        0xd CMakeFiles/ultrasonic.dir/Users/Tennyson/Github_Repo/Pico1/pico-sdk/src/common/pico_time/time.c.obj
 *fill*         0x000000001000861d        0x3 
 .rodata.__func__.6
                0x0000000010008620       0x12 CMakeFiles/ultrasonic.dir/Users/Tennyson/Github_Repo/Pico1/pico-sdk/src/common/pico_time/time.c.obj
 *fill*         0x0000000010008632        0x2 
 .rodata.__func__.7
                0x0000000010008634        0xf CMakeFiles/ultrasonic.dir/Users/Tennyson/Github_Repo/Pico1/pico-sdk/src/common/pico_time/time.c.obj
 *fill*         0x0000000010008643        0x1 
 .rodata.__func__.8
                0x0000000010008644        0xc CMakeFiles/ultrasonic.dir/Users/Tennyson/Github_Repo/Pico1/pico-sdk/src/common/pico_time/time.c.obj
 .rodata.__func__.9
                0x0000000010008650       0x15 CMakeFiles/ultrasonic.dir/Users/Tennyson/Github_Repo/Pico1/pico-sdk/src/common/pico_time/time.c.obj
 *fill*         0x0000000010008665        0x3 
 .rodata.hardware_alarm_claim.str1.4
                0x0000000010008668       0x22 CMakeFiles/ultrasonic.dir/Users/Tennyson/Github_Repo/Pico1/pico-sdk/src/rp2_common/hardware_timer/timer.c.obj
 .rodata.busy_wait_us.str1.4
                0x000000001000868a       0x71 CMakeFiles/ultrasonic.dir/Users/Tennyson/Github_Repo/Pico1/pico-sdk/src/rp2_common/hardware_timer/timer.c.obj
 *fill*         0x000000001000868a        0x2 
 .rodata.hardware_alarm_set_target.str1.4
                0x000000001000868c       0x75 CMakeFiles/ultrasonic.dir/Users/Tennyson/Github_Repo/Pico1/pico-sdk/src/rp2_common/hardware_timer/timer.c.obj
 *fill*         0x0000000010008701        0x3 
 .rodata.__func__.0
                0x0000000010008704       0x1a CMakeFiles/ultrasonic.dir/Users/Tennyson/Github_Repo/Pico1/pico-sdk/src/rp2_common/hardware_timer/timer.c.obj
 *fill*         0x000000001000871e        0x2 
 .rodata.__func__.1
                0x0000000010008720       0x15 CMakeFiles/ultrasonic.dir/Users/Tennyson/Github_Repo/Pico1/pico-sdk/src/rp2_common/hardware_timer/timer.c.obj
 .rodata.ph_add_child_node.str1.4
                0x0000000010008735       0xa6 CMakeFiles/ultrasonic.dir/Users/Tennyson/Github_Repo/Pico1/pico-sdk/src/common/pico_util/pheap.c.obj
 *fill*         0x0000000010008735        0x3 
 .rodata.ph_remove_any_head.str1.4
                0x0000000010008738       0x9c CMakeFiles/ultrasonic.dir/Users/Tennyson/Github_Repo/Pico1/pico-sdk/src/common/pico_util/pheap.c.obj
 .rodata.ph_remove_and_free_node.str1.4
                0x00000000100087d4       0x1e CMakeFiles/ultrasonic.dir/Users/Tennyson/Github_Repo/Pico1/pico-sdk/src/common/pico_util/pheap.c.obj
                                         0x26 (size before relaxing)
 *fill*         0x00000000100087f2        0x2 
 .rodata.__func__.0
                0x00000000100087f4       0x18 CMakeFiles/ultrasonic.dir/Users/Tennyson/Github_Repo/Pico1/pico-sdk/src/common/pico_util/pheap.c.obj
 .rodata.__func__.1
                0x000000001000880c       0x13 CMakeFiles/ultrasonic.dir/Users/Tennyson/Github_Repo/Pico1/pico-sdk/src/common/pico_util/pheap.c.obj
 *fill*         0x000000001000881f        0x1 
 .rodata.__func__.2
                0x0000000010008820       0x12 CMakeFiles/ultrasonic.dir/Users/Tennyson/Github_Repo/Pico1/pico-sdk/src/common/pico_util/pheap.c.obj
 *fill*         0x0000000010008832        0x2 
 .rodata.__func__.3
                0x0000000010008834        0xc CMakeFiles/ultrasonic.dir/Users/Tennyson/Github_Repo/Pico1/pico-sdk/src/common/pico_util/pheap.c.obj
 .rodata.str1.4
                0x0000000010008840       0x99 CMakeFiles/ultrasonic.dir/Users/Tennyson/Github_Repo/Pico1/pico-sdk/src/common/pico_sync/mutex.c.obj
                                        0x10d (size before relaxing)
 *fill*         0x00000000100088d9        0x3 
 .rodata.__func__.1
                0x00000000100088dc        0xb CMakeFiles/ultrasonic.dir/Users/Tennyson/Github_Repo/Pico1/pico-sdk/src/common/pico_sync/mutex.c.obj
 *fill*         0x00000000100088e7        0x1 
 .rodata.__func__.3
                0x00000000100088e8       0x18 CMakeFiles/ultrasonic.dir/Users/Tennyson/Github_Repo/Pico1/pico-sdk/src/common/pico_sync/mutex.c.obj
 .rodata.__func__.4
                0x0000000010008900       0x15 CMakeFiles/ultrasonic.dir/Users/Tennyson/Github_Repo/Pico1/pico-sdk/src/common/pico_sync/mutex.c.obj
 *fill*         0x0000000010008915        0x3 
 .rodata.__assert_func.str1.4
                0x0000000010008918       0x3f CMakeFiles/ultrasonic.dir/Users/Tennyson/Github_Repo/Pico1/pico-sdk/src/rp2_common/pico_runtime/runtime.c.obj
                                         0x43 (size before relaxing)
 *fill*         0x0000000010008957        0x1 
 .rodata.runtime_init.str1.4
                0x0000000010008958       0x71 CMakeFiles/ultrasonic.dir/Users/Tennyson/Github_Repo/Pico1/pico-sdk/src/rp2_common/pico_runtime/runtime.c.obj
 *fill*         0x00000000100089c9        0x3 
 .rodata.panic.str1.4
                0x00000000100089cc       0x10 CMakeFiles/ultrasonic.dir/Users/Tennyson/Github_Repo/Pico1/pico-sdk/src/rp2_common/pico_runtime/runtime.c.obj
                                         0x12 (size before relaxing)
 .rodata.__func__.1
                0x00000000100089dc        0xd CMakeFiles/ultrasonic.dir/Users/Tennyson/Github_Repo/Pico1/pico-sdk/src/rp2_common/pico_runtime/runtime.c.obj
 *fill*         0x00000000100089e9        0x3 
 .rodata.clock_configure.str1.4
                0x00000000100089ec       0x67 CMakeFiles/ultrasonic.dir/Users/Tennyson/Github_Repo/Pico1/pico-sdk/src/rp2_common/hardware_clocks/clocks.c.obj
 *fill*         0x0000000010008a53        0x1 
 .rodata.__func__.1
                0x0000000010008a54       0x10 CMakeFiles/ultrasonic.dir/Users/Tennyson/Github_Repo/Pico1/pico-sdk/src/rp2_common/hardware_clocks/clocks.c.obj
 .rodata.pll_init.str1.4
                0x0000000010008a64      0x14b CMakeFiles/ultrasonic.dir/Users/Tennyson/Github_Repo/Pico1/pico-sdk/src/rp2_common/hardware_pll/pll.c.obj
 *fill*         0x0000000010008baf        0x1 
 .rodata.__func__.0
                0x0000000010008bb0        0x9 CMakeFiles/ultrasonic.dir/Users/Tennyson/Github_Repo/Pico1/pico-sdk/src/rp2_common/hardware_pll/pll.c.obj
 *fill*         0x0000000010008bb9        0x3 
 .rodata._ftoa.str1.4
                0x0000000010008bbc       0x15 CMakeFiles/ultrasonic.dir/Users/Tennyson/Github_Repo/Pico1/pico-sdk/src/rp2_common/pico_printf/printf.c.obj
 *fill*         0x0000000010008bd1        0x3 
 .rodata._vsnprintf
                0x0000000010008bd4      0x1e0 CMakeFiles/ultrasonic.dir/Users/Tennyson/Github_Repo/Pico1/pico-sdk/src/rp2_common/pico_printf/printf.c.obj
 *fill*         0x0000000010008db4        0x4 
 .rodata.pow10.0
                0x0000000010008db8       0x50 CMakeFiles/ultrasonic.dir/Users/Tennyson/Github_Repo/Pico1/pico-sdk/src/rp2_common/pico_printf/printf.c.obj
 .rodata.__aeabi_double_init.str1.4
                0x0000000010008e08       0xb8 CMakeFiles/ultrasonic.dir/Users/Tennyson/Github_Repo/Pico1/pico-sdk/src/rp2_common/pico_double/double_init_rom.c.obj
 .rodata.__func__.0
                0x0000000010008ec0       0x14 CMakeFiles/ultrasonic.dir/Users/Tennyson/Github_Repo/Pico1/pico-sdk/src/rp2_common/pico_double/double_init_rom.c.obj
 .rodata.__aeabi_float_init.str1.4
                0x0000000010008ed4       0x8a CMakeFiles/ultrasonic.dir/Users/Tennyson/Github_Repo/Pico1/pico-sdk/src/rp2_common/pico_float/float_init_rom.c.obj
                                         0x8e (size before relaxing)
 *fill*         0x0000000010008f5e        0x2 
 .rodata.__func__.0
                0x0000000010008f60       0x13 CMakeFiles/ultrasonic.dir/Users/Tennyson/Github_Repo/Pico1/pico-sdk/src/rp2_common/pico_float/float_init_rom.c.obj
 *fill*         0x0000000010008f73        0x1 
 .rodata.str1.4
                0x0000000010008f74       0x40 CMakeFiles/ultrasonic.dir/Users/Tennyson/Github_Repo/Pico1/pico-sdk/src/rp2_common/pico_standard_link/binary_info.c.obj
 .rodata.__bi_44
                0x0000000010008fb4        0xc CMakeFiles/ultrasonic.dir/Users/Tennyson/Github_Repo/Pico1/pico-sdk/src/rp2_common/pico_standard_link/binary_info.c.obj
 .rodata.__bi_75
                0x0000000010008fc0        0xc CMakeFiles/ultrasonic.dir/Users/Tennyson/Github_Repo/Pico1/pico-sdk/src/rp2_common/pico_standard_link/binary_info.c.obj
 .rodata.__bi_81
                0x0000000010008fcc        0xc CMakeFiles/ultrasonic.dir/Users/Tennyson/Github_Repo/Pico1/pico-sdk/src/rp2_common/pico_standard_link/binary_info.c.obj
 .rodata.crlf_str.3
                0x0000000010008fd8        0x2 CMakeFiles/ultrasonic.dir/Users/Tennyson/Github_Repo/Pico1/pico-sdk/src/rp2_common/pico_stdio/stdio.c.obj
 *fill*         0x0000000010008fda        0x2 
 .rodata._resetd_driver
                0x0000000010008fdc       0x18 CMakeFiles/ultrasonic.dir/Users/Tennyson/Github_Repo/Pico1/pico-sdk/src/rp2_common/pico_stdio_usb/reset_interface.c.obj
 .rodata.timer_task.str1.4
                0x0000000010008ff4       0x7d CMakeFiles/ultrasonic.dir/Users/Tennyson/Github_Repo/Pico1/pico-sdk/src/rp2_common/pico_stdio_usb/stdio_usb.c.obj
 .rodata.stdio_usb_init.str1.4
                0x0000000010009071       0x71 CMakeFiles/ultrasonic.dir/Users/Tennyson/Github_Repo/Pico1/pico-sdk/src/rp2_common/pico_stdio_usb/stdio_usb.c.obj
 *fill*         0x0000000010009071        0x3 
 .rodata.str1.4
                0x0000000010009074       0x13 CMakeFiles/ultrasonic.dir/Users/Tennyson/Github_Repo/Pico1/pico-sdk/src/rp2_common/pico_stdio_usb/stdio_usb.c.obj
 *fill*         0x0000000010009087        0x1 
 .rodata.__bi_118.2
                0x0000000010009088        0xc CMakeFiles/ultrasonic.dir/Users/Tennyson/Github_Repo/Pico1/pico-sdk/src/rp2_common/pico_stdio_usb/stdio_usb.c.obj
 .rodata.__func__.0
                0x0000000010009094       0x15 CMakeFiles/ultrasonic.dir/Users/Tennyson/Github_Repo/Pico1/pico-sdk/src/rp2_common/pico_stdio_usb/stdio_usb.c.obj
 *fill*         0x00000000100090a9        0x3 
 .rodata.__func__.1
                0x00000000100090ac        0xb CMakeFiles/ultrasonic.dir/Users/Tennyson/Github_Repo/Pico1/pico-sdk/src/rp2_common/pico_stdio_usb/stdio_usb.c.obj
 *fill*         0x00000000100090b7        0x1 
 .rodata.str1.4
                0x00000000100090b8       0x2a CMakeFiles/ultrasonic.dir/Users/Tennyson/Github_Repo/Pico1/pico-sdk/src/rp2_common/pico_stdio_usb/stdio_usb_descriptors.c.obj
 *fill*         0x00000000100090e2        0x2 
 .rodata.usbd_desc_cfg
                0x00000000100090e4       0x54 CMakeFiles/ultrasonic.dir/Users/Tennyson/Github_Repo/Pico1/pico-sdk/src/rp2_common/pico_stdio_usb/stdio_usb_descriptors.c.obj
 .rodata.usbd_desc_device
                0x0000000010009138       0x12 CMakeFiles/ultrasonic.dir/Users/Tennyson/Github_Repo/Pico1/pico-sdk/src/rp2_common/pico_stdio_usb/stdio_usb_descriptors.c.obj
 *fill*         0x000000001000914a        0x2 
 .rodata.usbd_desc_str
                0x000000001000914c       0x18 CMakeFiles/ultrasonic.dir/Users/Tennyson/Github_Repo/Pico1/pico-sdk/src/rp2_common/pico_stdio_usb/stdio_usb_descriptors.c.obj
 .rodata._hw_endpoint_alloc.str1.4
                0x0000000010009164       0xc5 CMakeFiles/ultrasonic.dir/Users/Tennyson/Github_Repo/Pico1/pico-sdk/lib/tinyusb/src/portable/raspberrypi/rp2040/dcd_rp2040.c.obj
 *fill*         0x0000000010009229        0x3 
 .rodata.dcd_rp2040_irq.str1.4
                0x000000001000922c       0x14 CMakeFiles/ultrasonic.dir/Users/Tennyson/Github_Repo/Pico1/pico-sdk/lib/tinyusb/src/portable/raspberrypi/rp2040/dcd_rp2040.c.obj
 .rodata.dcd_int_enable.str1.4
                0x0000000010009240        0xc CMakeFiles/ultrasonic.dir/Users/Tennyson/Github_Repo/Pico1/pico-sdk/lib/tinyusb/src/portable/raspberrypi/rp2040/dcd_rp2040.c.obj
 .rodata.__func__.0
                0x000000001000924c        0xe CMakeFiles/ultrasonic.dir/Users/Tennyson/Github_Repo/Pico1/pico-sdk/lib/tinyusb/src/portable/raspberrypi/rp2040/dcd_rp2040.c.obj
 *fill*         0x000000001000925a        0x2 
 .rodata.__func__.1
                0x000000001000925c        0xe CMakeFiles/ultrasonic.dir/Users/Tennyson/Github_Repo/Pico1/pico-sdk/lib/tinyusb/src/portable/raspberrypi/rp2040/dcd_rp2040.c.obj
 *fill*         0x000000001000926a        0x2 
 .rodata.__func__.3
                0x000000001000926c       0x10 CMakeFiles/ultrasonic.dir/Users/Tennyson/Github_Repo/Pico1/pico-sdk/lib/tinyusb/src/portable/raspberrypi/rp2040/dcd_rp2040.c.obj
 .rodata.__func__.5
                0x000000001000927c        0xf CMakeFiles/ultrasonic.dir/Users/Tennyson/Github_Repo/Pico1/pico-sdk/lib/tinyusb/src/portable/raspberrypi/rp2040/dcd_rp2040.c.obj
 *fill*         0x000000001000928b        0x1 
 .rodata.__func__.6
                0x000000001000928c       0x13 CMakeFiles/ultrasonic.dir/Users/Tennyson/Github_Repo/Pico1/pico-sdk/lib/tinyusb/src/portable/raspberrypi/rp2040/dcd_rp2040.c.obj
 *fill*         0x000000001000929f        0x1 
 .rodata.__func__.7
                0x00000000100092a0        0x9 CMakeFiles/ultrasonic.dir/Users/Tennyson/Github_Repo/Pico1/pico-sdk/lib/tinyusb/src/portable/raspberrypi/rp2040/dcd_rp2040.c.obj
 *fill*         0x00000000100092a9        0x3 
 .rodata.sync_ep_buffer.str1.4
                0x00000000100092ac       0xa1 CMakeFiles/ultrasonic.dir/Users/Tennyson/Github_Repo/Pico1/pico-sdk/lib/tinyusb/src/portable/raspberrypi/rp2040/rp2040_usb.c.obj
 *fill*         0x000000001000934d        0x3 
 .rodata._hw_endpoint_buffer_control_update32.str1.4
                0x0000000010009350       0x1f CMakeFiles/ultrasonic.dir/Users/Tennyson/Github_Repo/Pico1/pico-sdk/lib/tinyusb/src/portable/raspberrypi/rp2040/rp2040_usb.c.obj
 *fill*         0x000000001000936f        0x1 
 .rodata.hw_endpoint_xfer_start.str1.4
                0x0000000010009370       0x38 CMakeFiles/ultrasonic.dir/Users/Tennyson/Github_Repo/Pico1/pico-sdk/lib/tinyusb/src/portable/raspberrypi/rp2040/rp2040_usb.c.obj
 .rodata.hw_endpoint_xfer_continue.str1.4
                0x00000000100093a8       0x29 CMakeFiles/ultrasonic.dir/Users/Tennyson/Github_Repo/Pico1/pico-sdk/lib/tinyusb/src/portable/raspberrypi/rp2040/rp2040_usb.c.obj
 *fill*         0x00000000100093d1        0x3 
 .rodata.str1.4
                0x00000000100093d4        0x7 CMakeFiles/ultrasonic.dir/Users/Tennyson/Github_Repo/Pico1/pico-sdk/lib/tinyusb/src/portable/raspberrypi/rp2040/rp2040_usb.c.obj