******************************************************************************
                  TI ARM Linker Unix v20.2.7                   
******************************************************************************
>> Linked Wed Nov  2 17:55:18 2022

OUTPUT FILE NAME:   <MotorControlV2.out>
ENTRY POINT SYMBOL: "_c_int00_noargs"  address: 00000969


MEMORY CONFIGURATION

         name            origin    length      used     unused   attr    fill
----------------------  --------  ---------  --------  --------  ----  --------
  MAIN                  00000000   00040000  00000c3a  0003f3c6  R  X
  INFO                  00200000   00004000  00000000  00004000  R  X
  SRAM_CODE             01000000   00010000  00000000  00010000  RW X
  SRAM_DATA             20000000   00010000  0000026d  0000fd93  RW  


SEGMENT ALLOCATION MAP

run origin  load origin   length   init length attrs members
----------  ----------- ---------- ----------- ----- -------
00000000    00000000    00000c40   00000c40    r-x
  00000000    00000000    00000140   00000140    r-- .intvecs
  00000140    00000140    00000a2a   00000a2a    r-x .text
  00000b6c    00000b6c    00000058   00000058    r-- .const
  00000bc8    00000bc8    00000078   00000078    r-- .cinit
20000000    20000000    00000070   00000000    rw-
  20000000    20000000    00000065   00000000    rw- .data
  20000068    20000068    00000008   00000000    rw- .bss
2000fe00    2000fe00    00000200   00000000    rw-
  2000fe00    2000fe00    00000200   00000000    rw- .stack


SECTION ALLOCATION MAP

 output                                  attributes/
section   page    origin      length       input sections
--------  ----  ----------  ----------   ----------------
.intvecs   0    00000000    00000140     
                  00000000    00000140     startup_msp432p401r_ccs.obj (.intvecs:retain)

.text      0    00000140    00000a2a     
                  00000140    00000328     system_msp432p401r.obj (.text)
                  00000468    000001c8     main.obj (.text)
                  00000630    000000b2     msp432p4xx_driverlib.lib : timer_a.o (.text:privateTimer_AProcessClockSourceDivider)
                  000006e2    0000009c     rtsv7M4_T_le_v4SPD16_eabi.lib : memcpy_t2.asm.obj (.text)
                  0000077e    00000068                                   : copy_decompress_lzss.c.obj (.text:decompress:lzss:__TI_decompress_lzss)
                  000007e6    00000002     --HOLE-- [fill = 0]
                  000007e8    00000064     msp432p4xx_driverlib.lib : interrupt.o (.text:Interrupt_enableInterrupt)
                  0000084c    0000004c                              : gpio.o (.text:GPIO_setAsPeripheralModuleFunctionOutputPin)
                  00000898    00000048                              : timer_a.o (.text:Timer_A_generatePWM)
                  000008e0    00000044                              : timer_a.o (.text:Timer_A_configureUpMode)
                  00000924    00000044     rtsv7M4_T_le_v4SPD16_eabi.lib : autoinit.c.obj (.text:__TI_auto_init_nobinit_nopinit:__TI_auto_init_nobinit_nopinit)
                  00000968    00000034                                   : boot_cortex_m.c.obj (.text:_c_int00_noargs:_c_int00_noargs)
                  0000099c    00000030     msp432p4xx_driverlib.lib : gpio.o (.text:GPIO_getEnabledInterruptStatus)
                  000009cc    00000030                              : gpio.o (.text:GPIO_setAsInputPinWithPullUpResistor)
                  000009fc    00000028                              : pcm.o (.text:PCM_gotoLPM0)
                  00000a24    00000024                              : gpio.o (.text:GPIO_setAsOutputPin)
                  00000a48    0000001c     rtsv7M4_T_le_v4SPD16_eabi.lib : copy_zero_init.c.obj (.text:decompress:ZI:__TI_zero_init_nomemset:__TI_zero_init_nomemset)
                  00000a64    0000001a     msp432p4xx_driverlib.lib : timer_a.o (.text:Timer_A_clearCaptureCompareInterrupt)
                  00000a7e    00000002     --HOLE-- [fill = 0]
                  00000a80    00000018                              : gpio.o (.text:GPIO_clearInterruptFlag)
                  00000a98    00000018                              : gpio.o (.text:GPIO_getInputPinValue)
                  00000ab0    00000018                              : gpio.o (.text:GPIO_setOutputLowOnPin)
                  00000ac8    00000018                              : wdt_a.o (.text:WDT_A_holdTimer)
                  00000ae0    00000014                              : gpio.o (.text:GPIO_enableInterrupt)
                  00000af4    00000014                              : gpio.o (.text:GPIO_setOutputHighOnPin)
                  00000b08    00000012     startup_msp432p401r_ccs.obj (.text)
                  00000b1a    00000002     --HOLE-- [fill = 0]
                  00000b1c    00000010     msp432p4xx_driverlib.lib : gpio.o (.text:GPIO_getInterruptStatus)
                  00000b2c    00000010                              : interrupt.o (.text:Interrupt_enableMaster)
                  00000b3c    0000000e     rtsv7M4_T_le_v4SPD16_eabi.lib : copy_decompress_none.c.obj (.text:decompress:none:__TI_decompress_none)
                  00000b4a    0000000c     msp432p4xx_driverlib.lib : cpu.o (.text:CPU_cpsie)
                  00000b56    00000008                              : timer_a.o (.text:Timer_A_startCounter)
                  00000b5e    00000004                              : cpu.o (.text:CPU_wfi)
                  00000b62    00000004     rtsv7M4_T_le_v4SPD16_eabi.lib : pre_init.c.obj (.text:_system_pre_init)
                  00000b66    00000004                                   : exit.c.obj (.text:abort:abort)

.const     0    00000b6c    00000058     
                  00000b6c    00000040     msp432p4xx_driverlib.lib : interrupt.o (.const)
                  00000bac    00000018     main.obj (.const:upConfig)

.cinit     0    00000bc8    00000078     
                  00000bc8    0000004d     (.cinit..data.load) [load image, compression = lzss]
                  00000c15    00000003     --HOLE-- [fill = 0]
                  00000c18    0000000c     (__TI_handler_table)
                  00000c24    00000004     --HOLE-- [fill = 0]
                  00000c28    00000008     (.cinit..bss.load) [load image, compression = zero_init]
                  00000c30    00000010     (__TI_cinit_table)

.init_array 
*          0    00000000    00000000     UNINITIALIZED

.data      0    20000000    00000065     UNINITIALIZED
                  20000000    00000030     msp432p4xx_driverlib.lib : gpio.o (.data:GPIO_PORT_TO_BASE)
                  20000030    00000018     main.obj (.data:pwmConfigLeft)
                  20000048    00000018     main.obj (.data:pwmConfigRight)
                  20000060    00000004     system_msp432p401r.obj (.data)
                  20000064    00000001     main.obj (.data)

.bss       0    20000068    00000008     UNINITIALIZED
                  20000068    00000004     (.common:leftnotch)
                  2000006c    00000004     (.common:rightnotch)

.stack     0    2000fe00    00000200     UNINITIALIZED
                  2000fe00    00000004     rtsv7M4_T_le_v4SPD16_eabi.lib : boot_cortex_m.c.obj (.stack)
                  2000fe04    000001fc     --HOLE--

__llvm_prf_cnts 
*          0    20000000    00000000     UNINITIALIZED

MODULE SUMMARY

       Module                        code   ro data   rw data
       ------                        ----   -------   -------
    ./
       system_msp432p401r.obj        808    0         4      
       main.obj                      456    24        57     
       startup_msp432p401r_ccs.obj   18     320       0      
    +--+-----------------------------+------+---------+---------+
       Total:                        1282   344       61     
                                                             
    /Applications/ti/ccs1200/ccs/tools/compiler/ti-cgt-arm_20.2.7.LTS/lib/rtsv7M4_T_le_v4SPD16_eabi.lib
       memcpy_t2.asm.obj             156    0         0      
       copy_decompress_lzss.c.obj    104    0         0      
       autoinit.c.obj                68     0         0      
       boot_cortex_m.c.obj           52     0         0      
       copy_zero_init.c.obj          28     0         0      
       copy_decompress_none.c.obj    14     0         0      
       exit.c.obj                    4      0         0      
       pre_init.c.obj                4      0         0      
    +--+-----------------------------+------+---------+---------+
       Total:                        430    0         0      
                                                             
    /Users/qixian/Downloads/msp432_driverlib_3_21_00_05/driverlib/MSP432P4xx/ccs/msp432p4xx_driverlib.lib
       gpio.o                        336    0         48     
       timer_a.o                     352    0         0      
       interrupt.o                   116    64        0      
       pcm.o                         40     0         0      
       wdt_a.o                       24     0         0      
       cpu.o                         16     0         0      
    +--+-----------------------------+------+---------+---------+
       Total:                        884    64        48     
                                                             
       Stack:                        0      0         512    
       Linker Generated:             0      113       0      
    +--+-----------------------------+------+---------+---------+
       Grand Total:                  2596   521       621    


LINKER GENERATED COPY TABLES

__TI_cinit_table @ 00000c30 records: 2, size/record: 8, table size: 16
	.data: load addr=00000bc8, load size=0000004d bytes, run addr=20000000, run size=00000065 bytes, compression=lzss
	.bss: load addr=00000c28, load size=00000008 bytes, run addr=20000068, run size=00000008 bytes, compression=zero_init


LINKER GENERATED HANDLER TABLE

__TI_handler_table @ 00000c18 records: 3, size/record: 4, table size: 12
	index: 0, handler: __TI_decompress_lzss
	index: 1, handler: __TI_decompress_none
	index: 2, handler: __TI_zero_init


GLOBAL SYMBOLS: SORTED ALPHABETICALLY BY Name 

address   name                                       
-------   ----                                       
00000b67  C$$EXIT                                    
00000b4b  CPU_cpsie                                  
00000b5f  CPU_wfi                                    
00000a81  GPIO_clearInterruptFlag                    
00000ae1  GPIO_enableInterrupt                       
0000099d  GPIO_getEnabledInterruptStatus             
00000a99  GPIO_getInputPinValue                      
00000b1d  GPIO_getInterruptStatus                    
000009cd  GPIO_setAsInputPinWithPullUpResistor       
00000a25  GPIO_setAsOutputPin                        
0000084d  GPIO_setAsPeripheralModuleFunctionOutputPin
00000af5  GPIO_setOutputHighOnPin                    
00000ab1  GPIO_setOutputLowOnPin                     
00000469  Initalise_MotorDriver                      
000007e9  Interrupt_enableInterrupt                  
00000b2d  Interrupt_enableMaster                     
000009fd  PCM_gotoLPM0                               
000005db  PORT5_IRQHandler                           
20000060  SystemCoreClock                            
00000141  SystemCoreClockUpdate                      
000003b5  SystemInit                                 
000005c5  TA1_0_IRQHandler                           
00000a65  Timer_A_clearCaptureCompareInterrupt       
000008e1  Timer_A_configureUpMode                    
00000899  Timer_A_generatePWM                        
00000b57  Timer_A_startCounter                       
4000480c  WDTCTL_SYM                                 
00000ac9  WDT_A_holdTimer                            
20010000  __STACK_END                                
00000200  __STACK_SIZE                               
00000c30  __TI_CINIT_Base                            
00000c40  __TI_CINIT_Limit                           
00000c18  __TI_Handler_Table_Base                    
00000c24  __TI_Handler_Table_Limit                   
00000925  __TI_auto_init_nobinit_nopinit             
0000077f  __TI_decompress_lzss                       
00000b3d  __TI_decompress_none                       
ffffffff  __TI_pprof_out_hndl                        
ffffffff  __TI_prof_data_size                        
ffffffff  __TI_prof_data_start                       
00000000  __TI_static_base__                         
00000a49  __TI_zero_init_nomemset                    
000006e3  __aeabi_memcpy                             
000006e3  __aeabi_memcpy4                            
000006e3  __aeabi_memcpy8                            
ffffffff  __binit__                                  
ffffffff  __c_args__                                 
UNDEFED   __mpu_init                                 
2000fe00  __stack                                    
20000000  __start___llvm_prf_cnts                    
20000000  __stop___llvm_prf_cnts                     
00000969  _c_int00_noargs                            
UNDEFED   _system_post_cinit                         
00000b63  _system_pre_init                           
00000b67  abort                                      
ffffffff  binit                                      
20000064  detected                                   
00000000  interruptVectors                           
20000068  leftnotch                                  
000005b9  main                                       
000006e3  memcpy                                     
0000054d  pivotTurnLeft90                            
00000583  pivotTurnRight90                           
20000030  pwmConfigLeft                              
20000048  pwmConfigRight                             
2000006c  rightnotch                                 
00000529  stopCar                                    
00000bac  upConfig                                   


GLOBAL SYMBOLS: SORTED BY Symbol Address 

address   name                                       
-------   ----                                       
00000000  __TI_static_base__                         
00000000  interruptVectors                           
00000141  SystemCoreClockUpdate                      
00000200  __STACK_SIZE                               
000003b5  SystemInit                                 
00000469  Initalise_MotorDriver                      
00000529  stopCar                                    
0000054d  pivotTurnLeft90                            
00000583  pivotTurnRight90                           
000005b9  main                                       
000005c5  TA1_0_IRQHandler                           
000005db  PORT5_IRQHandler                           
000006e3  __aeabi_memcpy                             
000006e3  __aeabi_memcpy4                            
000006e3  __aeabi_memcpy8                            
000006e3  memcpy                                     
0000077f  __TI_decompress_lzss                       
000007e9  Interrupt_enableInterrupt                  
0000084d  GPIO_setAsPeripheralModuleFunctionOutputPin
00000899  Timer_A_generatePWM                        
000008e1  Timer_A_configureUpMode                    
00000925  __TI_auto_init_nobinit_nopinit             
00000969  _c_int00_noargs                            
0000099d  GPIO_getEnabledInterruptStatus             
000009cd  GPIO_setAsInputPinWithPullUpResistor       
000009fd  PCM_gotoLPM0                               
00000a25  GPIO_setAsOutputPin                        
00000a49  __TI_zero_init_nomemset                    
00000a65  Timer_A_clearCaptureCompareInterrupt       
00000a81  GPIO_clearInterruptFlag                    
00000a99  GPIO_getInputPinValue                      
00000ab1  GPIO_setOutputLowOnPin                     
00000ac9  WDT_A_holdTimer                            
00000ae1  GPIO_enableInterrupt                       
00000af5  GPIO_setOutputHighOnPin                    
00000b1d  GPIO_getInterruptStatus                    
00000b2d  Interrupt_enableMaster                     
00000b3d  __TI_decompress_none                       
00000b4b  CPU_cpsie                                  
00000b57  Timer_A_startCounter                       
00000b5f  CPU_wfi                                    
00000b63  _system_pre_init                           
00000b67  C$$EXIT                                    
00000b67  abort                                      
00000bac  upConfig                                   
00000c18  __TI_Handler_Table_Base                    
00000c24  __TI_Handler_Table_Limit                   
00000c30  __TI_CINIT_Base                            
00000c40  __TI_CINIT_Limit                           
20000000  __start___llvm_prf_cnts                    
20000000  __stop___llvm_prf_cnts                     
20000030  pwmConfigLeft                              
20000048  pwmConfigRight                             
20000060  SystemCoreClock                            
20000064  detected                                   
20000068  leftnotch                                  
2000006c  rightnotch                                 
2000fe00  __stack                                    
20010000  __STACK_END                                
4000480c  WDTCTL_SYM                                 
ffffffff  __TI_pprof_out_hndl                        
ffffffff  __TI_prof_data_size                        
ffffffff  __TI_prof_data_start                       
ffffffff  __binit__                                  
ffffffff  __c_args__                                 
ffffffff  binit                                      
UNDEFED   __mpu_init                                 
UNDEFED   _system_post_cinit                         

[68 symbols]
