******************************************************************************
                  TI ARM Linker Unix v20.2.7                   
******************************************************************************
>> Linked Mon Nov 28 20:29:11 2022

OUTPUT FILE NAME:   <MotorControlTest.out>
ENTRY POINT SYMBOL: "_c_int00_noargs"  address: 00001491


MEMORY CONFIGURATION

         name            origin    length      used     unused   attr    fill
----------------------  --------  ---------  --------  --------  ----  --------
  MAIN                  00000000   00040000  00001804  0003e7fc  R  X
  INFO                  00200000   00004000  00000000  00004000  R  X
  SRAM_CODE             01000000   00010000  00000000  00010000  RW X
  SRAM_DATA             20000000   00010000  0000028c  0000fd74  RW  


SEGMENT ALLOCATION MAP

run origin  load origin   length   init length attrs members
----------  ----------- ---------- ----------- ----- -------
00000000    00000000    00001808   00001808    r-x
  00000000    00000000    00000140   00000140    r-- .intvecs
  00000140    00000140    000015e0   000015e0    r-x .text
  00001720    00001720    00000064   00000064    r-- .const
  00001788    00001788    00000080   00000080    r-- .cinit
20000000    20000000    0000008c   00000000    rw-
  20000000    20000000    00000080   00000000    rw- .data
  20000080    20000080    0000000c   00000000    rw- .bss
2000fe00    2000fe00    00000200   00000000    rw-
  2000fe00    2000fe00    00000200   00000000    rw- .stack


SECTION ALLOCATION MAP

 output                                  attributes/
section   page    origin      length       input sections
--------  ----  ----------  ----------   ----------------
.intvecs   0    00000000    00000140     
                  00000000    00000140     startup_msp432p401r_ccs.obj (.intvecs:retain)

.text      0    00000140    000015e0     
                  00000140    000007b8     main.obj (.text)
                  000008f8    00000328     system_msp432p401r.obj (.text)
                  00000c20    000001a0     msp432p4xx_driverlib.lib : pcm.o (.text:__PCM_setPowerStateAdvanced)
                  00000dc0    000000fc     rtsv7M4_T_le_v4SPD16_eabi.lib : fd_mul_t2.asm.obj (.text)
                  00000ebc    000000dc     msp432p4xx_driverlib.lib : pcm.o (.text:__PCM_setPowerModeAdvanced)
                  00000f98    000000b2                              : timer_a.o (.text:privateTimer_AProcessClockSourceDivider)
                  0000104a    00000002     --HOLE-- [fill = 0]
                  0000104c    000000b0                              : pcm.o (.text:__PCM_setCoreVoltageLevelAdvanced)
                  000010fc    0000009c     rtsv7M4_T_le_v4SPD16_eabi.lib : memcpy_t2.asm.obj (.text)
                  00001198    0000007c     msp432p4xx_driverlib.lib : pcm.o (.text:PCM_gotoLPM3)
                  00001214    00000068     rtsv7M4_T_le_v4SPD16_eabi.lib : copy_decompress_lzss.c.obj (.text:decompress:lzss:__TI_decompress_lzss)
                  0000127c    00000064     msp432p4xx_driverlib.lib : interrupt.o (.text:Interrupt_enableInterrupt)
                  000012e0    00000050                              : pcm.o (.text:PCM_shutdownDevice)
                  00001330    0000004c                              : gpio.o (.text:GPIO_setAsPeripheralModuleFunctionOutputPin)
                  0000137c    00000048                              : timer_a.o (.text:Timer_A_generatePWM)
                  000013c4    00000044                              : timer_a.o (.text:Timer_A_configureUpMode)
                  00001408    00000044     rtsv7M4_T_le_v4SPD16_eabi.lib : autoinit.c.obj (.text:__TI_auto_init_nobinit_nopinit:__TI_auto_init_nobinit_nopinit)
                  0000144c    00000044                                   : fd_tou_t2.asm.obj (.text)
                  00001490    00000034                                   : boot_cortex_m.c.obj (.text:_c_int00_noargs:_c_int00_noargs)
                  000014c4    00000030     msp432p4xx_driverlib.lib : gpio.o (.text:GPIO_setAsInputPinWithPullUpResistor)
                  000014f4    0000002e     rtsv7M4_T_le_v4SPD16_eabi.lib : i_tofd_t2.asm.obj (.text)
                  00001522    0000002c     msp432p4xx_driverlib.lib : pcm.o (.text:PCM_getCoreVoltageLevel)
                  0000154e    0000002a                              : pcm.o (.text:PCM_getPowerMode)
                  00001578    00000028                              : pcm.o (.text:PCM_gotoLPM0)
                  000015a0    00000024                              : gpio.o (.text:GPIO_setAsOutputPin)
                  000015c4    00000024                              : rtc_c.o (.text:RTC_C_holdClock)
                  000015e8    0000001c     rtsv7M4_T_le_v4SPD16_eabi.lib : copy_zero_init.c.obj (.text:decompress:ZI:__TI_zero_init_nomemset:__TI_zero_init_nomemset)
                  00001604    0000001a     msp432p4xx_driverlib.lib : timer_a.o (.text:Timer_A_clearCaptureCompareInterrupt)
                  0000161e    00000002     --HOLE-- [fill = 0]
                  00001620    00000018                              : gpio.o (.text:GPIO_clearInterruptFlag)
                  00001638    00000018                              : gpio.o (.text:GPIO_setOutputLowOnPin)
                  00001650    00000018                              : wdt_a.o (.text:WDT_A_holdTimer)
                  00001668    00000014                              : gpio.o (.text:GPIO_enableInterrupt)
                  0000167c    00000014                              : gpio.o (.text:GPIO_setOutputHighOnPin)
                  00001690    00000012     startup_msp432p401r_ccs.obj (.text)
                  000016a2    00000002     --HOLE-- [fill = 0]
                  000016a4    00000010     msp432p4xx_driverlib.lib : gpio.o (.text:GPIO_getInterruptStatus)
                  000016b4    00000010                              : interrupt.o (.text:Interrupt_enableMaster)
                  000016c4    00000010                              : pcm.o (.text:PCM_gotoLPM4)
                  000016d4    0000000e     rtsv7M4_T_le_v4SPD16_eabi.lib : copy_decompress_none.c.obj (.text:decompress:none:__TI_decompress_none)
                  000016e2    0000000c     msp432p4xx_driverlib.lib : cpu.o (.text:CPU_cpsie)
                  000016ee    00000002     --HOLE-- [fill = 0]
                  000016f0    0000000c                              : pcm.o (.text:PCM_getPowerState)
                  000016fc    00000008                              : pcm.o (.text:PCM_setPowerMode)
                  00001704    00000008                              : pcm.o (.text:PCM_setPowerState)
                  0000170c    00000008                              : timer_a.o (.text:Timer_A_startCounter)
                  00001714    00000004                              : cpu.o (.text:CPU_wfi)
                  00001718    00000004     rtsv7M4_T_le_v4SPD16_eabi.lib : pre_init.c.obj (.text:_system_pre_init)
                  0000171c    00000004                                   : exit.c.obj (.text:abort:abort)

.const     0    00001720    00000064     
                  00001720    00000040     msp432p4xx_driverlib.lib : interrupt.o (.const)
                  00001760    00000018     main.obj (.const:upConfig)
                  00001778    0000000c     main.obj (.const)

.cinit     0    00001788    00000080     
                  00001788    0000005b     (.cinit..data.load) [load image, compression = lzss]
                  000017e3    00000001     --HOLE-- [fill = 0]
                  000017e4    0000000c     (__TI_handler_table)
                  000017f0    00000008     (.cinit..bss.load) [load image, compression = zero_init]
                  000017f8    00000010     (__TI_cinit_table)

.init_array 
*          0    00000000    00000000     UNINITIALIZED

.data      0    20000000    00000080     UNINITIALIZED
                  20000000    00000030     msp432p4xx_driverlib.lib : gpio.o (.data:GPIO_PORT_TO_BASE)
                  20000030    0000001a     main.obj (.data)
                  2000004a    00000002     --HOLE--
                  2000004c    00000018     main.obj (.data:pwmConfigLeft)
                  20000064    00000018     main.obj (.data:pwmConfigRight)
                  2000007c    00000004     system_msp432p401r.obj (.data)

.bss       0    20000080    0000000c     UNINITIALIZED
                  20000080    00000004     (.common:leftNotch)
                  20000084    00000004     (.common:rightNotch)
                  20000088    00000002     (.common:leftCounter)
                  2000008a    00000002     (.common:rightCounter)

.stack     0    2000fe00    00000200     UNINITIALIZED
                  2000fe00    00000004     rtsv7M4_T_le_v4SPD16_eabi.lib : boot_cortex_m.c.obj (.stack)
                  2000fe04    000001fc     --HOLE--

__llvm_prf_cnts 
*          0    20000000    00000000     UNINITIALIZED

MODULE SUMMARY

       Module                        code   ro data   rw data
       ------                        ----   -------   -------
    ./
       main.obj                      1976   36        86     
       system_msp432p401r.obj        808    0         4      
       startup_msp432p401r_ccs.obj   18     320       0      
    +--+-----------------------------+------+---------+---------+
       Total:                        2802   356       90     
                                                             
    /Applications/ti/ccs1200/ccs/tools/compiler/ti-cgt-arm_20.2.7.LTS/lib/rtsv7M4_T_le_v4SPD16_eabi.lib
       fd_mul_t2.asm.obj             252    0         0      
       memcpy_t2.asm.obj             156    0         0      
       copy_decompress_lzss.c.obj    104    0         0      
       autoinit.c.obj                68     0         0      
       fd_tou_t2.asm.obj             68     0         0      
       boot_cortex_m.c.obj           52     0         0      
       i_tofd_t2.asm.obj             46     0         0      
       copy_zero_init.c.obj          28     0         0      
       copy_decompress_none.c.obj    14     0         0      
       exit.c.obj                    4      0         0      
       pre_init.c.obj                4      0         0      
    +--+-----------------------------+------+---------+---------+
       Total:                        796    0         0      
                                                             
    /Users/qixian/Downloads/msp432_driverlib_3_21_00_05/driverlib/MSP432P4xx/ccs/msp432p4xx_driverlib.lib
       pcm.o                         1186   0         0      
       timer_a.o                     352    0         0      
       gpio.o                        264    0         48     
       interrupt.o                   116    64        0      
       rtc_c.o                       36     0         0      
       wdt_a.o                       24     0         0      
       cpu.o                         16     0         0      
    +--+-----------------------------+------+---------+---------+
       Total:                        1994   64        48     
                                                             
       Stack:                        0      0         512    
       Linker Generated:             0      127       0      
    +--+-----------------------------+------+---------+---------+
       Grand Total:                  5592   547       650    


LINKER GENERATED COPY TABLES

__TI_cinit_table @ 000017f8 records: 2, size/record: 8, table size: 16
	.data: load addr=00001788, load size=0000005b bytes, run addr=20000000, run size=00000080 bytes, compression=lzss
	.bss: load addr=000017f0, load size=00000008 bytes, run addr=20000080, run size=0000000c bytes, compression=zero_init


LINKER GENERATED HANDLER TABLE

__TI_handler_table @ 000017e4 records: 3, size/record: 4, table size: 12
	index: 0, handler: __TI_decompress_lzss
	index: 1, handler: __TI_decompress_none
	index: 2, handler: __TI_zero_init


GLOBAL SYMBOLS: SORTED ALPHABETICALLY BY Name 

address   name                                       
-------   ----                                       
0000171d  C$$EXIT                                    
000016e3  CPU_cpsie                                  
00001715  CPU_wfi                                    
00001621  GPIO_clearInterruptFlag                    
00001669  GPIO_enableInterrupt                       
000016a5  GPIO_getInterruptStatus                    
000014c5  GPIO_setAsInputPinWithPullUpResistor       
000015a1  GPIO_setAsOutputPin                        
00001331  GPIO_setAsPeripheralModuleFunctionOutputPin
0000167d  GPIO_setOutputHighOnPin                    
00001639  GPIO_setOutputLowOnPin                     
0000127d  Interrupt_enableInterrupt                  
000016b5  Interrupt_enableMaster                     
00001523  PCM_getCoreVoltageLevel                    
0000154f  PCM_getPowerMode                           
000016f1  PCM_getPowerState                          
00001579  PCM_gotoLPM0                               
00001199  PCM_gotoLPM3                               
000016c5  PCM_gotoLPM4                               
000016fd  PCM_setPowerMode                           
00001705  PCM_setPowerState                          
000012e1  PCM_shutdownDevice                         
0000086d  PORT5_IRQHandler                           
000015c5  RTC_C_holdClock                            
2000007c  SystemCoreClock                            
000008f9  SystemCoreClockUpdate                      
00000b6d  SystemInit                                 
0000085d  TA1_0_IRQHandler                           
00001605  Timer_A_clearCaptureCompareInterrupt       
000013c5  Timer_A_configureUpMode                    
0000137d  Timer_A_generatePWM                        
0000170d  Timer_A_startCounter                       
4000480c  WDTCTL_SYM                                 
00001651  WDT_A_holdTimer                            
20010000  __STACK_END                                
00000200  __STACK_SIZE                               
000017f8  __TI_CINIT_Base                            
00001808  __TI_CINIT_Limit                           
000017e4  __TI_Handler_Table_Base                    
000017f0  __TI_Handler_Table_Limit                   
00001409  __TI_auto_init_nobinit_nopinit             
00001215  __TI_decompress_lzss                       
000016d5  __TI_decompress_none                       
ffffffff  __TI_pprof_out_hndl                        
ffffffff  __TI_prof_data_size                        
ffffffff  __TI_prof_data_start                       
00000000  __TI_static_base__                         
000015e9  __TI_zero_init_nomemset                    
0000144d  __aeabi_d2uiz                              
00000dc1  __aeabi_dmul                               
000014f5  __aeabi_i2d                                
000010fd  __aeabi_memcpy                             
000010fd  __aeabi_memcpy4                            
000010fd  __aeabi_memcpy8                            
ffffffff  __binit__                                  
ffffffff  __c_args__                                 
UNDEFED   __mpu_init                                 
2000fe00  __stack                                    
20000000  __start___llvm_prf_cnts                    
20000000  __stop___llvm_prf_cnts                     
00001491  _c_int00_noargs                            
UNDEFED   _system_post_cinit                         
00001719  _system_pre_init                           
0000171d  abort                                      
00000685  adjustWheel                                
ffffffff  binit                                      
000003f1  forwardCar                                 
00000331  initialiseMotor                            
00000000  interruptVectors                           
20000034  leftBaseSpeed                              
20000088  leftCounter                                
20000080  leftNotch                                  
0000084d  main                                       
000010fd  memcpy                                     
000007e1  pivotTurnLeft45                            
00000775  pivotTurnLeft90                            
00000817  pivotTurnRight45                           
000007ab  pivotTurnRight90                           
2000004c  pwmConfigLeft                              
20000064  pwmConfigRight                             
000006b5  reverseCar                                 
00000521  reverseTurn180                             
20000030  rightBaseSpeed                             
2000008a  rightCounter                               
20000084  rightNotch                                 
00000141  setPID                                     
00000737  slightTurnLeft                             
00000701  slightTurnRight                            
00000615  slowLeftWheel                              
0000064d  slowRightWheel                             
00000469  stationaryTurnLeft45                       
000004d1  stationaryTurnLeft90                       
0000056d  stationaryTurnRight45                      
000005bd  stationaryTurnRight90                      
00000415  stopCar                                    
0000044d  stopLeft                                   
00000439  stopRight                                  
00001760  upConfig                                   


GLOBAL SYMBOLS: SORTED BY Symbol Address 

address   name                                       
-------   ----                                       
00000000  __TI_static_base__                         
00000000  interruptVectors                           
00000141  setPID                                     
00000200  __STACK_SIZE                               
00000331  initialiseMotor                            
000003f1  forwardCar                                 
00000415  stopCar                                    
00000439  stopRight                                  
0000044d  stopLeft                                   
00000469  stationaryTurnLeft45                       
000004d1  stationaryTurnLeft90                       
00000521  reverseTurn180                             
0000056d  stationaryTurnRight45                      
000005bd  stationaryTurnRight90                      
00000615  slowLeftWheel                              
0000064d  slowRightWheel                             
00000685  adjustWheel                                
000006b5  reverseCar                                 
00000701  slightTurnRight                            
00000737  slightTurnLeft                             
00000775  pivotTurnLeft90                            
000007ab  pivotTurnRight90                           
000007e1  pivotTurnLeft45                            
00000817  pivotTurnRight45                           
0000084d  main                                       
0000085d  TA1_0_IRQHandler                           
0000086d  PORT5_IRQHandler                           
000008f9  SystemCoreClockUpdate                      
00000b6d  SystemInit                                 
00000dc1  __aeabi_dmul                               
000010fd  __aeabi_memcpy                             
000010fd  __aeabi_memcpy4                            
000010fd  __aeabi_memcpy8                            
000010fd  memcpy                                     
00001199  PCM_gotoLPM3                               
00001215  __TI_decompress_lzss                       
0000127d  Interrupt_enableInterrupt                  
000012e1  PCM_shutdownDevice                         
00001331  GPIO_setAsPeripheralModuleFunctionOutputPin
0000137d  Timer_A_generatePWM                        
000013c5  Timer_A_configureUpMode                    
00001409  __TI_auto_init_nobinit_nopinit             
0000144d  __aeabi_d2uiz                              
00001491  _c_int00_noargs                            
000014c5  GPIO_setAsInputPinWithPullUpResistor       
000014f5  __aeabi_i2d                                
00001523  PCM_getCoreVoltageLevel                    
0000154f  PCM_getPowerMode                           
00001579  PCM_gotoLPM0                               
000015a1  GPIO_setAsOutputPin                        
000015c5  RTC_C_holdClock                            
000015e9  __TI_zero_init_nomemset                    
00001605  Timer_A_clearCaptureCompareInterrupt       
00001621  GPIO_clearInterruptFlag                    
00001639  GPIO_setOutputLowOnPin                     
00001651  WDT_A_holdTimer                            
00001669  GPIO_enableInterrupt                       
0000167d  GPIO_setOutputHighOnPin                    
000016a5  GPIO_getInterruptStatus                    
000016b5  Interrupt_enableMaster                     
000016c5  PCM_gotoLPM4                               
000016d5  __TI_decompress_none                       
000016e3  CPU_cpsie                                  
000016f1  PCM_getPowerState                          
000016fd  PCM_setPowerMode                           
00001705  PCM_setPowerState                          
0000170d  Timer_A_startCounter                       
00001715  CPU_wfi                                    
00001719  _system_pre_init                           
0000171d  C$$EXIT                                    
0000171d  abort                                      
00001760  upConfig                                   
000017e4  __TI_Handler_Table_Base                    
000017f0  __TI_Handler_Table_Limit                   
000017f8  __TI_CINIT_Base                            
00001808  __TI_CINIT_Limit                           
20000000  __start___llvm_prf_cnts                    
20000000  __stop___llvm_prf_cnts                     
20000030  rightBaseSpeed                             
20000034  leftBaseSpeed                              
2000004c  pwmConfigLeft                              
20000064  pwmConfigRight                             
2000007c  SystemCoreClock                            
20000080  leftNotch                                  
20000084  rightNotch                                 
20000088  leftCounter                                
2000008a  rightCounter                               
2000fe00  __stack                                    
20010000  __STACK_END                                
4000480c  WDTCTL_SYM                                 
ffffffff  __TI_pprof_out_hndl                        
ffffffff  __TI_prof_data_size                        
ffffffff  __TI_prof_data_start                       
ffffffff  __binit__                                  
ffffffff  __c_args__                                 
ffffffff  binit                                      
UNDEFED   __mpu_init                                 
UNDEFED   _system_post_cinit                         

[98 symbols]
