******************************************************************************
                  TI ARM Linker Unix v20.2.7                   
******************************************************************************
>> Linked Fri Oct 21 23:00:13 2022

OUTPUT FILE NAME:   <MotorControlNew.out>
ENTRY POINT SYMBOL: "_c_int00_noargs"  address: 00003011


MEMORY CONFIGURATION

         name            origin    length      used     unused   attr    fill
----------------------  --------  ---------  --------  --------  ----  --------
  MAIN                  00000000   00040000  00003634  0003c9cc  R  X
  INFO                  00200000   00004000  00000000  00004000  R  X
  SRAM_CODE             01000000   00010000  00000000  00010000  RW X
  SRAM_DATA             20000000   00010000  00000e29  0000f1d7  RW  


SEGMENT ALLOCATION MAP

run origin  load origin   length   init length attrs members
----------  ----------- ---------- ----------- ----- -------
00000000    00000000    00003638   00003638    r-x
  00000000    00000000    00000140   00000140    r-- .intvecs
  00000140    00000140    000032c8   000032c8    r-x .text
  00003408    00003408    0000015c   0000015c    r-- .const
  00003568    00003568    000000d0   000000d0    r-- .cinit
20000000    20000000    00000c2c   00000000    rw-
  20000000    20000000    00000800   00000000    rw- .sysmem
  20000800    20000800    0000024d   00000000    rw- .data
  20000a50    20000a50    000001dc   00000000    rw- .bss
2000fe00    2000fe00    00000200   00000000    rw-
  2000fe00    2000fe00    00000200   00000000    rw- .stack


SECTION ALLOCATION MAP

 output                                  attributes/
section   page    origin      length       input sections
--------  ----  ----------  ----------   ----------------
.intvecs   0    00000000    00000140     
                  00000000    00000140     startup_msp432p401r_ccs.obj (.intvecs:retain)

.text      0    00000140    000032c8     
                  00000140    00000a4e     rtsv7M4_T_le_v4SPD16_eabi.lib : _printfi.c.obj (.text:__TI_printfi)
                  00000b8e    00000002                                   : _lock.c.obj (.text:_nop)
                  00000b90    00000328     system_msp432p401r.obj (.text)
                  00000eb8    00000270     rtsv7M4_T_le_v4SPD16_eabi.lib : _printfi.c.obj (.text:_pconv_a)
                  00001128    00000224     main.obj (.text)
                  0000134c    000001d0     rtsv7M4_T_le_v4SPD16_eabi.lib : _printfi.c.obj (.text:_pconv_g)
                  0000151c    000001b6                                   : fd_add_t2.asm.obj (.text)
                  000016d2    00000002                                   : div0.asm.obj (.text)
                  000016d4    0000013c                                   : _printfi.c.obj (.text:_pconv_e)
                  00001810    00000136                                   : fd_div_t2.asm.obj (.text)
                  00001946    00000002     --HOLE-- [fill = 0]
                  00001948    00000124                                   : _printfi.c.obj (.text:fcvt)
                  00001a6c    00000114                                   : fputs.c.obj (.text:fputs)
                  00001b80    00000110                                   : s_scalbn.c.obj (.text:scalbn)
                  00001c90    00000100                                   : memory.c.obj (.text:aligned_alloc)
                  00001d90    000000fc                                   : fd_mul_t2.asm.obj (.text)
                  00001e8c    000000e4                                   : memory.c.obj (.text:free)
                  00001f70    000000dc                                   : setvbuf.c.obj (.text:setvbuf)
                  0000204c    000000b2     msp432p4xx_driverlib.lib : timer_a.o (.text:privateTimer_AProcessClockSourceDivider)
                  000020fe    00000002     --HOLE-- [fill = 0]
                  00002100    000000b1     rtsv7M4_T_le_v4SPD16_eabi.lib : _printfi.c.obj (.text:_ltostr)
                  000021b1    00000001     --HOLE-- [fill = 0]
                  000021b2    0000009c                                   : memcpy_t2.asm.obj (.text)
                  0000224e    00000096                                   : ull_div_t2.asm.obj (.text)
                  000022e4    0000008c                                   : fputc.c.obj (.text:fputc)
                  00002370    00000086                                   : fd_cmp_t2.asm.obj (.text:__aeabi_cdcmple)
                  000023f6    00000086                                   : fd_cmp_t2.asm.obj (.text:__aeabi_cdrcmple)
                  0000247c    0000007a                                   : memset_t2.asm.obj (.text)
                  000024f6    00000002     --HOLE-- [fill = 0]
                  000024f8    00000074                                   : fclose.c.obj (.text:__TI_closefile)
                  0000256c    00000070                                   : memory.c.obj (.text:split)
                  000025dc    0000006e                                   : _printfi.c.obj (.text:_mcpy)
                  0000264a    00000002     --HOLE-- [fill = 0]
                  0000264c    0000006c                                   : hostrename.c.obj (.text:HOSTrename)
                  000026b8    00000068                                   : hostlseek.c.obj (.text:HOSTlseek)
                  00002720    00000068                                   : copy_decompress_lzss.c.obj (.text:decompress:lzss:__TI_decompress_lzss)
                  00002788    00000068                                   : printf.c.obj (.text:printf)
                  000027f0    00000064     msp432p4xx_driverlib.lib : interrupt.o (.text:Interrupt_enableInterrupt)
                  00002854    00000064     rtsv7M4_T_le_v4SPD16_eabi.lib : s_frexp.c.obj (.text:frexp)
                  000028b8    00000064                                   : fseek.c.obj (.text:fseek)
                  0000291c    00000062                                   : _io_perm.c.obj (.text:__TI_wrt_ok)
                  0000297e    00000002     --HOLE-- [fill = 0]
                  00002980    00000060                                   : hostopen.c.obj (.text:HOSTopen)
                  000029e0    0000005c                                   : close.c.obj (.text:close)
                  00002a3c    00000058                                   : hostread.c.obj (.text:HOSTread)
                  00002a94    00000058                                   : hostwrite.c.obj (.text:HOSTwrite)
                  00002aec    00000056                                   : _printfi.c.obj (.text:_pconv_f)
                  00002b42    00000054                                   : _ltoa.c.obj (.text:__TI_ltoa)
                  00002b96    00000052                                   : _printfi.c.obj (.text:_ecpy)
                  00002be8    0000004c     msp432p4xx_driverlib.lib : gpio.o (.text:GPIO_setAsPeripheralModuleFunctionOutputPin)
                  00002c34    0000004c     rtsv7M4_T_le_v4SPD16_eabi.lib : fflush.c.obj (.text:__TI_doflush)
                  00002c80    0000004c                                   : atoi.c.obj (.text:atoi)
                  00002ccc    00000048     msp432p4xx_driverlib.lib : timer_a.o (.text:Timer_A_generatePWM)
                  00002d14    00000048     rtsv7M4_T_le_v4SPD16_eabi.lib : exit.c.obj (.text:exit)
                  00002d5c    00000048                                   : fd_toi_t2.asm.obj (.text)
                  00002da4    00000044                                   : hostclose.c.obj (.text:HOSTclose)
                  00002de8    00000044                                   : hostunlink.c.obj (.text:HOSTunlink)
                  00002e2c    00000044     msp432p4xx_driverlib.lib : timer_a.o (.text:Timer_A_configureUpMode)
                  00002e70    00000044     rtsv7M4_T_le_v4SPD16_eabi.lib : autoinit.c.obj (.text:__TI_auto_init_nobinit_nopinit:__TI_auto_init_nobinit_nopinit)
                  00002eb4    00000044                                   : getdevice.c.obj (.text:getdevice)
                  00002ef8    0000003e                                   : _printfi.c.obj (.text:_fcpy)
                  00002f36    00000002     --HOLE-- [fill = 0]
                  00002f38    00000038                                   : trgmsg.c.obj (.text:__TI_writemsg)
                  00002f70    00000036                                   : strncpy.c.obj (.text:strncpy)
                  00002fa6    00000002     --HOLE-- [fill = 0]
                  00002fa8    00000034                                   : fopen.c.obj (.text:__TI_cleanup)
                  00002fdc    00000034                                   : trgmsg.c.obj (.text:__TI_readmsg)
                  00003010    00000034                                   : boot_cortex_m.c.obj (.text:_c_int00_noargs:_c_int00_noargs)
                  00003044    00000030     msp432p4xx_driverlib.lib : gpio.o (.text:GPIO_getEnabledInterruptStatus)
                  00003074    00000030                              : gpio.o (.text:GPIO_setAsInputPinWithPullUpResistor)
                  000030a4    00000030     rtsv7M4_T_le_v4SPD16_eabi.lib : getdevice.c.obj (.text:finddevice)
                  000030d4    0000002e                                   : i_tofd_t2.asm.obj (.text)
                  00003102    00000002     --HOLE-- [fill = 0]
                  00003104    0000002c                                   : unlink.c.obj (.text:unlink)
                  00003130    00000028     msp432p4xx_driverlib.lib : pcm.o (.text:PCM_gotoLPM0)
                  00003158    00000028     rtsv7M4_T_le_v4SPD16_eabi.lib : memory.c.obj (.text:free_list_insert)
                  00003180    00000028                                   : lseek.c.obj (.text:lseek)
                  000031a8    00000028                                   : write.c.obj (.text:write)
                  000031d0    00000024     msp432p4xx_driverlib.lib : gpio.o (.text:GPIO_setAsOutputPin)
                  000031f4    00000020     rtsv7M4_T_le_v4SPD16_eabi.lib : memchr.c.obj (.text:memchr)
                  00003214    0000001c                                   : copy_zero_init.c.obj (.text:decompress:ZI:__TI_zero_init_nomemset:__TI_zero_init_nomemset)
                  00003230    0000001c                                   : memory.c.obj (.text:free_list_remove)
                  0000324c    0000001c                                   : memccpy.c.obj (.text:memccpy)
                  00003268    0000001a     msp432p4xx_driverlib.lib : timer_a.o (.text:Timer_A_clearCaptureCompareInterrupt)
                  00003282    0000001a     rtsv7M4_T_le_v4SPD16_eabi.lib : s_copysign.c.obj (.text:copysign)
                  0000329c    00000018     msp432p4xx_driverlib.lib : gpio.o (.text:GPIO_clearInterruptFlag)
                  000032b4    00000018                              : gpio.o (.text:GPIO_getInputPinValue)
                  000032cc    00000018                              : gpio.o (.text:GPIO_setOutputLowOnPin)
                  000032e4    00000018                              : wdt_a.o (.text:WDT_A_holdTimer)
                  000032fc    00000018     rtsv7M4_T_le_v4SPD16_eabi.lib : strcmp.c.obj (.text:strcmp)
                  00003314    00000016                                   : strchr.c.obj (.text:strchr)
                  0000332a    00000002     --HOLE-- [fill = 0]
                  0000332c    00000014     msp432p4xx_driverlib.lib : gpio.o (.text:GPIO_enableInterrupt)
                  00003340    00000014                              : gpio.o (.text:GPIO_setOutputHighOnPin)
                  00003354    00000014     rtsv7M4_T_le_v4SPD16_eabi.lib : strcpy.c.obj (.text:strcpy)
                  00003368    00000014                                   : strlen.c.obj (.text:strlen)
                  0000337c    00000012     startup_msp432p401r_ccs.obj (.text)
                  0000338e    00000012     rtsv7M4_T_le_v4SPD16_eabi.lib : wcslen.c.obj (.text:wcslen)
                  000033a0    00000010     msp432p4xx_driverlib.lib : gpio.o (.text:GPIO_getInterruptStatus)
                  000033b0    00000010                              : interrupt.o (.text:Interrupt_enableMaster)
                  000033c0    0000000e     rtsv7M4_T_le_v4SPD16_eabi.lib : copy_decompress_none.c.obj (.text:decompress:none:__TI_decompress_none)
                  000033ce    0000000c     msp432p4xx_driverlib.lib : cpu.o (.text:CPU_cpsie)
                  000033da    00000008                              : timer_a.o (.text:Timer_A_startCounter)
                  000033e2    00000002     --HOLE-- [fill = 0]
                  000033e4    00000008     rtsv7M4_T_le_v4SPD16_eabi.lib : errno.c.obj (.text:__aeabi_errno_addr)
                  000033ec    00000008                                   : memory.c.obj (.text:malloc)
                  000033f4    00000004     msp432p4xx_driverlib.lib : cpu.o (.text:CPU_wfi)
                  000033f8    00000004     rtsv7M4_T_le_v4SPD16_eabi.lib : printf.c.obj (.text:_outc)
                  000033fc    00000004                                   : printf.c.obj (.text:_outs)
                  00003400    00000004                                   : pre_init.c.obj (.text:_system_pre_init)
                  00003404    00000004                                   : exit.c.obj (.text:abort:abort)

.const     0    00003408    0000015c     
                  00003408    00000101     rtsv7M4_T_le_v4SPD16_eabi.lib : ctype.c.obj (.const:.string:_ctypes_)
                  00003509    00000003     --HOLE-- [fill = 0]
                  0000350c    00000040     msp432p4xx_driverlib.lib : interrupt.o (.const)
                  0000354c    00000018     main.obj (.const:upConfig)

.cinit     0    00003568    000000d0     
                  00003568    000000ab     (.cinit..data.load) [load image, compression = lzss]
                  00003613    00000001     --HOLE-- [fill = 0]
                  00003614    0000000c     (__TI_handler_table)
                  00003620    00000008     (.cinit..bss.load) [load image, compression = zero_init]
                  00003628    00000010     (__TI_cinit_table)

.init_array 
*          0    00000000    00000000     UNINITIALIZED

.sysmem    0    20000000    00000800     UNINITIALIZED
                  20000000    00000010     rtsv7M4_T_le_v4SPD16_eabi.lib : memory.c.obj (.sysmem)
                  20000010    000007f0     --HOLE--

.data      0    20000800    0000024d     UNINITIALIZED
                  20000800    000000f0     rtsv7M4_T_le_v4SPD16_eabi.lib : defs.c.obj (.data:_ftable)
                  200008f0    00000078                                   : host_device.c.obj (.data:_device)
                  20000968    00000050                                   : host_device.c.obj (.data:_stream)
                  200009b8    00000030     msp432p4xx_driverlib.lib : gpio.o (.data:GPIO_PORT_TO_BASE)
                  200009e8    00000018     main.obj (.data:pwmConfigLeft)
                  20000a00    00000018     main.obj (.data:pwmConfigRight)
                  20000a18    00000010     rtsv7M4_T_le_v4SPD16_eabi.lib : defs.c.obj (.data)
                  20000a28    0000000c                                   : exit.c.obj (.data:$O1$$)
                  20000a34    00000008                                   : _lock.c.obj (.data:$O1$$)
                  20000a3c    00000008                                   : memory.c.obj (.data:$O1$$)
                  20000a44    00000004                                   : errno.c.obj (.data)
                  20000a48    00000004     system_msp432p401r.obj (.data)
                  20000a4c    00000001     main.obj (.data)

.bss       0    20000a50    000001dc     UNINITIALIZED
                  20000a50    00000120     rtsv7M4_T_le_v4SPD16_eabi.lib : trgmsg.c.obj (.bss:_CIOBUF_)
                  20000b70    000000a0     (.common:__TI_tmpnams)
                  20000c10    00000008     (.common:parmbuf)
                  20000c18    00000004     (.common:leftnotch)
                  20000c1c    00000004     (.common:pin4value)
                  20000c20    00000004     (.common:pin5value)
                  20000c24    00000004     (.common:port5status)
                  20000c28    00000004     (.common:rightnotch)

.stack     0    2000fe00    00000200     UNINITIALIZED
                  2000fe00    00000004     rtsv7M4_T_le_v4SPD16_eabi.lib : boot_cortex_m.c.obj (.stack)
                  2000fe04    000001fc     --HOLE--

__llvm_prf_cnts 
*          0    20000000    00000000     UNINITIALIZED

MODULE SUMMARY

       Module                        code    ro data   rw data
       ------                        ----    -------   -------
    ./
       system_msp432p401r.obj        808     0         4      
       main.obj                      548     24        69     
       startup_msp432p401r_ccs.obj   18      320       0      
    +--+-----------------------------+-------+---------+---------+
       Total:                        1374    344       73     
                                                              
    /Applications/ti/ccs1200/ccs/tools/compiler/ti-cgt-arm_20.2.7.LTS/lib/rtsv7M4_T_le_v4SPD16_eabi.lib
       _printfi.c.obj                4851    0         0      
       memory.c.obj                  672     0         8      
       fd_add_t2.asm.obj             438     0         0      
       defs.c.obj                    0       0         416    
       trgmsg.c.obj                  108     0         288    
       fd_div_t2.asm.obj             310     0         0      
       fputs.c.obj                   276     0         0      
       s_scalbn.c.obj                272     0         0      
       fd_cmp_t2.asm.obj             268     0         0      
       ctype.c.obj                   0       257       0      
       fd_mul_t2.asm.obj             252     0         0      
       setvbuf.c.obj                 220     0         0      
       host_device.c.obj             0       0         200    
       memcpy_t2.asm.obj             156     0         0      
       ull_div_t2.asm.obj            150     0         0      
       fputc.c.obj                   140     0         0      
       memset_t2.asm.obj             122     0         0      
       fclose.c.obj                  116     0         0      
       getdevice.c.obj               116     0         0      
       printf.c.obj                  112     0         0      
       hostrename.c.obj              108     0         0      
       copy_decompress_lzss.c.obj    104     0         0      
       hostlseek.c.obj               104     0         0      
       hostopen.c.obj                96      0         8      
       fseek.c.obj                   100     0         0      
       s_frexp.c.obj                 100     0         0      
       _io_perm.c.obj                98      0         0      
       close.c.obj                   92      0         0      
       exit.c.obj                    76      0         12     
       hostread.c.obj                88      0         0      
       hostwrite.c.obj               88      0         0      
       _ltoa.c.obj                   84      0         0      
       atoi.c.obj                    76      0         0      
       fflush.c.obj                  76      0         0      
       fd_toi_t2.asm.obj             72      0         0      
       autoinit.c.obj                68      0         0      
       hostclose.c.obj               68      0         0      
       hostunlink.c.obj              68      0         0      
       strncpy.c.obj                 54      0         0      
       boot_cortex_m.c.obj           52      0         0      
       fopen.c.obj                   52      0         0      
       i_tofd_t2.asm.obj             46      0         0      
       unlink.c.obj                  44      0         0      
       lseek.c.obj                   40      0         0      
       write.c.obj                   40      0         0      
       memchr.c.obj                  32      0         0      
       copy_zero_init.c.obj          28      0         0      
       memccpy.c.obj                 28      0         0      
       s_copysign.c.obj              26      0         0      
       strcmp.c.obj                  24      0         0      
       strchr.c.obj                  22      0         0      
       strcpy.c.obj                  20      0         0      
       strlen.c.obj                  20      0         0      
       wcslen.c.obj                  18      0         0      
       copy_decompress_none.c.obj    14      0         0      
       errno.c.obj                   8       0         4      
       _lock.c.obj                   2       0         8      
       pre_init.c.obj                4       0         0      
       div0.asm.obj                  2       0         0      
    +--+-----------------------------+-------+---------+---------+
       Total:                        10721   257       944    
                                                              
    /Users/qixian/Downloads/msp432_driverlib_3_21_00_05/driverlib/MSP432P4xx/ccs/msp432p4xx_driverlib.lib
       gpio.o                        336     0         48     
       timer_a.o                     352     0         0      
       interrupt.o                   116     64        0      
       pcm.o                         40      0         0      
       wdt_a.o                       24      0         0      
       cpu.o                         16      0         0      
    +--+-----------------------------+-------+---------+---------+
       Total:                        884     64        48     
                                                              
       Heap:                         0       0         2048   
       Stack:                        0       0         512    
       Linker Generated:             0       207       0      
    +--+-----------------------------+-------+---------+---------+
       Grand Total:                  12979   872       3625   


LINKER GENERATED COPY TABLES

__TI_cinit_table @ 00003628 records: 2, size/record: 8, table size: 16
	.data: load addr=00003568, load size=000000ab bytes, run addr=20000800, run size=0000024d bytes, compression=lzss
	.bss: load addr=00003620, load size=00000008 bytes, run addr=20000a50, run size=000001dc bytes, compression=zero_init


LINKER GENERATED HANDLER TABLE

__TI_handler_table @ 00003614 records: 3, size/record: 4, table size: 12
	index: 0, handler: __TI_decompress_lzss
	index: 1, handler: __TI_decompress_none
	index: 2, handler: __TI_zero_init


GLOBAL SYMBOLS: SORTED ALPHABETICALLY BY Name 

address   name                                       
-------   ----                                       
00003405  C$$EXIT                                    
00002f67  C$$IO$$                                    
000033cf  CPU_cpsie                                  
000033f5  CPU_wfi                                    
0000329d  GPIO_clearInterruptFlag                    
0000332d  GPIO_enableInterrupt                       
00003045  GPIO_getEnabledInterruptStatus             
000032b5  GPIO_getInputPinValue                      
000033a1  GPIO_getInterruptStatus                    
00003075  GPIO_setAsInputPinWithPullUpResistor       
000031d1  GPIO_setAsOutputPin                        
00002be9  GPIO_setAsPeripheralModuleFunctionOutputPin
00003341  GPIO_setOutputHighOnPin                    
000032cd  GPIO_setOutputLowOnPin                     
00002da5  HOSTclose                                  
000026b9  HOSTlseek                                  
00002981  HOSTopen                                   
00002a3d  HOSTread                                   
0000264d  HOSTrename                                 
00002de9  HOSTunlink                                 
00002a95  HOSTwrite                                  
00001129  Initalise_MotorDriver                      
000027f1  Interrupt_enableInterrupt                  
000033b1  Interrupt_enableMaster                     
00003131  PCM_gotoLPM0                               
000012af  PORT5_IRQHandler                           
20000a48  SystemCoreClock                            
00000b91  SystemCoreClockUpdate                      
00000e05  SystemInit                                 
00001299  TA1_0_IRQHandler                           
00003269  Timer_A_clearCaptureCompareInterrupt       
00002e2d  Timer_A_configureUpMode                    
00002ccd  Timer_A_generatePWM                        
000033db  Timer_A_startCounter                       
4000480c  WDTCTL_SYM                                 
000032e5  WDT_A_holdTimer                            
20000a50  __CIOBUF_                                  
20010000  __STACK_END                                
00000200  __STACK_SIZE                               
00000800  __SYSMEM_SIZE                              
00003628  __TI_CINIT_Base                            
00003638  __TI_CINIT_Limit                           
00003614  __TI_Handler_Table_Base                    
00003620  __TI_Handler_Table_Limit                   
00002e71  __TI_auto_init_nobinit_nopinit             
00002fa9  __TI_cleanup                               
20000a28  __TI_cleanup_ptr                           
000024f9  __TI_closefile                             
00002721  __TI_decompress_lzss                       
000033c1  __TI_decompress_none                       
00002c35  __TI_doflush                               
20000a2c  __TI_dtors_ptr                             
20000a30  __TI_enable_exit_profile_output            
20000a18  __TI_ft_end                                
00002b43  __TI_ltoa                                  
ffffffff  __TI_pprof_out_hndl                        
00000141  __TI_printfi                               
ffffffff  __TI_prof_data_size                        
ffffffff  __TI_prof_data_start                       
00002fdd  __TI_readmsg                               
00000000  __TI_static_base__                         
20000b70  __TI_tmpnams                               
00002f39  __TI_writemsg                              
0000291d  __TI_wrt_ok                                
00003215  __TI_zero_init_nomemset                    
00002371  __aeabi_cdcmpeq                            
00002371  __aeabi_cdcmple                            
000023f7  __aeabi_cdrcmple                           
00002d5d  __aeabi_d2iz                               
00001527  __aeabi_dadd                               
00001811  __aeabi_ddiv                               
00001d91  __aeabi_dmul                               
0000151d  __aeabi_dsub                               
000033e5  __aeabi_errno_addr                         
000030d5  __aeabi_i2d                                
000016d3  __aeabi_idiv0                              
000016d3  __aeabi_ldiv0                              
0000247d  __aeabi_memclr                             
0000247d  __aeabi_memclr4                            
0000247d  __aeabi_memclr8                            
000021b3  __aeabi_memcpy                             
000021b3  __aeabi_memcpy4                            
000021b3  __aeabi_memcpy8                            
0000247f  __aeabi_memset                             
0000247f  __aeabi_memset4                            
0000247f  __aeabi_memset8                            
20000a24  __aeabi_stderr                             
20000a1c  __aeabi_stdin                              
20000a20  __aeabi_stdout                             
0000224f  __aeabi_uldivmod                           
ffffffff  __binit__                                  
ffffffff  __c_args__                                 
UNDEFED   __mpu_init                                 
2000fe00  __stack                                    
20000000  __start___llvm_prf_cnts                    
20000000  __stop___llvm_prf_cnts                     
00003011  _c_int00_noargs                            
00003408  _ctypes_                                   
200008f0  _device                                    
20000800  _ftable                                    
20000a34  _lock                                      
00000b8f  _nop                                       
20000968  _stream                                    
20000000  _sys_memory                                
UNDEFED   _system_post_cinit                         
00003401  _system_pre_init                           
20000a38  _unlock                                    
00003405  abort                                      
00001c91  aligned_alloc                              
00002c81  atoi                                       
ffffffff  binit                                      
000029e1  close                                      
00003283  copysign                                   
00003283  copysignl                                  
20000a4c  detected                                   
20000a44  errno                                      
00002d15  exit                                       
000030a5  finddevice                                 
000022e5  fputc                                      
00001a6d  fputs                                      
00001e8d  free                                       
00002855  frexp                                      
00002855  frexpl                                     
000028b9  fseek                                      
00002eb5  getdevice                                  
00000000  interruptVectors                           
00001b81  ldexp                                      
00001b81  ldexpl                                     
20000c18  leftnotch                                  
00003181  lseek                                      
00001267  main                                       
000033ed  malloc                                     
00001c91  memalign                                   
0000324d  memccpy                                    
000031f5  memchr                                     
000021b3  memcpy                                     
00002485  memset                                     
20000c10  parmbuf                                    
20000c1c  pin4value                                  
20000c20  pin5value                                  
000011fb  pivotTurnLeft90                            
00001231  pivotTurnRight90                           
20000c24  port5status                                
00002789  printf                                     
000022e5  putc                                       
200009e8  pwmConfigLeft                              
20000a00  pwmConfigRight                             
00003105  remove                                     
20000c28  rightnotch                                 
00001b81  scalbn                                     
00001b81  scalbnl                                    
00001f71  setvbuf                                    
000011d7  stopCar                                    
00003315  strchr                                     
000032fd  strcmp                                     
00003355  strcpy                                     
00003369  strlen                                     
00002f71  strncpy                                    
00003105  unlink                                     
0000354c  upConfig                                   
0000338f  wcslen                                     
000031a9  write                                      


GLOBAL SYMBOLS: SORTED BY Symbol Address 

address   name                                       
-------   ----                                       
00000000  __TI_static_base__                         
00000000  interruptVectors                           
00000141  __TI_printfi                               
00000200  __STACK_SIZE                               
00000800  __SYSMEM_SIZE                              
00000b8f  _nop                                       
00000b91  SystemCoreClockUpdate                      
00000e05  SystemInit                                 
00001129  Initalise_MotorDriver                      
000011d7  stopCar                                    
000011fb  pivotTurnLeft90                            
00001231  pivotTurnRight90                           
00001267  main                                       
00001299  TA1_0_IRQHandler                           
000012af  PORT5_IRQHandler                           
0000151d  __aeabi_dsub                               
00001527  __aeabi_dadd                               
000016d3  __aeabi_idiv0                              
000016d3  __aeabi_ldiv0                              
00001811  __aeabi_ddiv                               
00001a6d  fputs                                      
00001b81  ldexp                                      
00001b81  ldexpl                                     
00001b81  scalbn                                     
00001b81  scalbnl                                    
00001c91  aligned_alloc                              
00001c91  memalign                                   
00001d91  __aeabi_dmul                               
00001e8d  free                                       
00001f71  setvbuf                                    
000021b3  __aeabi_memcpy                             
000021b3  __aeabi_memcpy4                            
000021b3  __aeabi_memcpy8                            
000021b3  memcpy                                     
0000224f  __aeabi_uldivmod                           
000022e5  fputc                                      
000022e5  putc                                       
00002371  __aeabi_cdcmpeq                            
00002371  __aeabi_cdcmple                            
000023f7  __aeabi_cdrcmple                           
0000247d  __aeabi_memclr                             
0000247d  __aeabi_memclr4                            
0000247d  __aeabi_memclr8                            
0000247f  __aeabi_memset                             
0000247f  __aeabi_memset4                            
0000247f  __aeabi_memset8                            
00002485  memset                                     
000024f9  __TI_closefile                             
0000264d  HOSTrename                                 
000026b9  HOSTlseek                                  
00002721  __TI_decompress_lzss                       
00002789  printf                                     
000027f1  Interrupt_enableInterrupt                  
00002855  frexp                                      
00002855  frexpl                                     
000028b9  fseek                                      
0000291d  __TI_wrt_ok                                
00002981  HOSTopen                                   
000029e1  close                                      
00002a3d  HOSTread                                   
00002a95  HOSTwrite                                  
00002b43  __TI_ltoa                                  
00002be9  GPIO_setAsPeripheralModuleFunctionOutputPin
00002c35  __TI_doflush                               
00002c81  atoi                                       
00002ccd  Timer_A_generatePWM                        
00002d15  exit                                       
00002d5d  __aeabi_d2iz                               
00002da5  HOSTclose                                  
00002de9  HOSTunlink                                 
00002e2d  Timer_A_configureUpMode                    
00002e71  __TI_auto_init_nobinit_nopinit             
00002eb5  getdevice                                  
00002f39  __TI_writemsg                              
00002f67  C$$IO$$                                    
00002f71  strncpy                                    
00002fa9  __TI_cleanup                               
00002fdd  __TI_readmsg                               
00003011  _c_int00_noargs                            
00003045  GPIO_getEnabledInterruptStatus             
00003075  GPIO_setAsInputPinWithPullUpResistor       
000030a5  finddevice                                 
000030d5  __aeabi_i2d                                
00003105  remove                                     
00003105  unlink                                     
00003131  PCM_gotoLPM0                               
00003181  lseek                                      
000031a9  write                                      
000031d1  GPIO_setAsOutputPin                        
000031f5  memchr                                     
00003215  __TI_zero_init_nomemset                    
0000324d  memccpy                                    
00003269  Timer_A_clearCaptureCompareInterrupt       
00003283  copysign                                   
00003283  copysignl                                  
0000329d  GPIO_clearInterruptFlag                    
000032b5  GPIO_getInputPinValue                      
000032cd  GPIO_setOutputLowOnPin                     
000032e5  WDT_A_holdTimer                            
000032fd  strcmp                                     
00003315  strchr                                     
0000332d  GPIO_enableInterrupt                       
00003341  GPIO_setOutputHighOnPin                    
00003355  strcpy                                     
00003369  strlen                                     
0000338f  wcslen                                     
000033a1  GPIO_getInterruptStatus                    
000033b1  Interrupt_enableMaster                     
000033c1  __TI_decompress_none                       
000033cf  CPU_cpsie                                  
000033db  Timer_A_startCounter                       
000033e5  __aeabi_errno_addr                         
000033ed  malloc                                     
000033f5  CPU_wfi                                    
00003401  _system_pre_init                           
00003405  C$$EXIT                                    
00003405  abort                                      
00003408  _ctypes_                                   
0000354c  upConfig                                   
00003614  __TI_Handler_Table_Base                    
00003620  __TI_Handler_Table_Limit                   
00003628  __TI_CINIT_Base                            
00003638  __TI_CINIT_Limit                           
20000000  __start___llvm_prf_cnts                    
20000000  __stop___llvm_prf_cnts                     
20000000  _sys_memory                                
20000800  _ftable                                    
200008f0  _device                                    
20000968  _stream                                    
200009e8  pwmConfigLeft                              
20000a00  pwmConfigRight                             
20000a18  __TI_ft_end                                
20000a1c  __aeabi_stdin                              
20000a20  __aeabi_stdout                             
20000a24  __aeabi_stderr                             
20000a28  __TI_cleanup_ptr                           
20000a2c  __TI_dtors_ptr                             
20000a30  __TI_enable_exit_profile_output            
20000a34  _lock                                      
20000a38  _unlock                                    
20000a44  errno                                      
20000a48  SystemCoreClock                            
20000a4c  detected                                   
20000a50  __CIOBUF_                                  
20000b70  __TI_tmpnams                               
20000c10  parmbuf                                    
20000c18  leftnotch                                  
20000c1c  pin4value                                  
20000c20  pin5value                                  
20000c24  port5status                                
20000c28  rightnotch                                 
2000fe00  __stack                                    
20010000  __STACK_END                                
4000480c  WDTCTL_SYM                                 
ffffffff  __TI_pprof_out_hndl                        
ffffffff  __TI_prof_data_size                        
ffffffff  __TI_prof_data_start                       
ffffffff  __binit__                                  
ffffffff  __c_args__                                 
ffffffff  binit                                      
UNDEFED   __mpu_init                                 
UNDEFED   _system_post_cinit                         

[162 symbols]
