******************************************************************************
                  TI ARM Linker Unix v20.2.7                   
******************************************************************************
>> Linked Thu Oct 20 17:42:19 2022

OUTPUT FILE NAME:   <MotorControl.out>
ENTRY POINT SYMBOL: "_c_int00_noargs"  address: 00000b35


MEMORY CONFIGURATION

         name            origin    length      used     unused   attr    fill
----------------------  --------  ---------  --------  --------  ----  --------
  MAIN                  00000000   00040000  00000dfe  0003f202  R  X
  INFO                  00200000   00004000  00000000  00004000  R  X
  SRAM_CODE             01000000   00010000  00000000  00010000  RW X
  SRAM_DATA             20000000   00010000  0000026d  0000fd93  RW  


SEGMENT ALLOCATION MAP

run origin  load origin   length   init length attrs members
----------  ----------- ---------- ----------- ----- -------
00000000    00000000    00000e00   00000e00    r-x
  00000000    00000000    00000140   00000140    r-- .intvecs
  00000140    00000140    00000bf6   00000bf6    r-x .text
  00000d38    00000d38    00000058   00000058    r-- .const
  00000d90    00000d90    00000070   00000070    r-- .cinit
20000000    20000000    00000070   00000000    rw-
  20000000    20000000    00000065   00000000    rw- .data
  20000068    20000068    00000008   00000000    rw- .bss
2000fe00    2000fe00    00000200   00000000    rw-
  2000fe00    2000fe00    00000200   00000000    rw- .stack


SECTION ALLOCATION MAP

 output                                  attributes/
section   page    origin      length       input sections
--------  ----  ----------  ----------   ----------------
.intvecs   0    00000000    00000140     
                  00000000    00000140     startup_msp432p401r_ccs.obj (.intvecs:retain)

.text      0    00000140    00000bf6     
                  00000140    00000394     main.obj (.text)
                  000004d4    00000328     system_msp432p401r.obj (.text)
                  000007fc    000000b2     msp432p4xx_driverlib.lib : timer_a.o (.text:privateTimer_AProcessClockSourceDivider)
                  000008ae    0000009c     rtsv7M4_T_le_v4SPD16_eabi.lib : memcpy_t2.asm.obj (.text)
                  0000094a    00000068                                   : copy_decompress_lzss.c.obj (.text:decompress:lzss:__TI_decompress_lzss)
                  000009b2    00000002     --HOLE-- [fill = 0]
                  000009b4    00000064     msp432p4xx_driverlib.lib : interrupt.o (.text:Interrupt_enableInterrupt)
                  00000a18    0000004c                              : gpio.o (.text:GPIO_setAsPeripheralModuleFunctionOutputPin)
                  00000a64    00000048                              : timer_a.o (.text:Timer_A_generatePWM)
                  00000aac    00000044                              : timer_a.o (.text:Timer_A_configureUpMode)
                  00000af0    00000044     rtsv7M4_T_le_v4SPD16_eabi.lib : autoinit.c.obj (.text:__TI_auto_init_nobinit_nopinit:__TI_auto_init_nobinit_nopinit)
                  00000b34    00000034                                   : boot_cortex_m.c.obj (.text:_c_int00_noargs:_c_int00_noargs)
                  00000b68    00000030     msp432p4xx_driverlib.lib : gpio.o (.text:GPIO_getEnabledInterruptStatus)
                  00000b98    00000030                              : gpio.o (.text:GPIO_setAsInputPinWithPullUpResistor)
                  00000bc8    00000028                              : pcm.o (.text:PCM_gotoLPM0)
                  00000bf0    00000024                              : gpio.o (.text:GPIO_setAsOutputPin)
                  00000c14    0000001c     rtsv7M4_T_le_v4SPD16_eabi.lib : copy_zero_init.c.obj (.text:decompress:ZI:__TI_zero_init_nomemset:__TI_zero_init_nomemset)
                  00000c30    0000001a     msp432p4xx_driverlib.lib : timer_a.o (.text:Timer_A_clearCaptureCompareInterrupt)
                  00000c4a    00000002     --HOLE-- [fill = 0]
                  00000c4c    00000018                              : gpio.o (.text:GPIO_clearInterruptFlag)
                  00000c64    00000018                              : gpio.o (.text:GPIO_getInputPinValue)
                  00000c7c    00000018                              : gpio.o (.text:GPIO_setOutputLowOnPin)
                  00000c94    00000018                              : wdt_a.o (.text:WDT_A_holdTimer)
                  00000cac    00000014                              : gpio.o (.text:GPIO_enableInterrupt)
                  00000cc0    00000014                              : gpio.o (.text:GPIO_setOutputHighOnPin)
                  00000cd4    00000012     startup_msp432p401r_ccs.obj (.text)
                  00000ce6    00000002     --HOLE-- [fill = 0]
                  00000ce8    00000010     msp432p4xx_driverlib.lib : gpio.o (.text:GPIO_getInterruptStatus)
                  00000cf8    00000010                              : interrupt.o (.text:Interrupt_enableMaster)
                  00000d08    0000000e     rtsv7M4_T_le_v4SPD16_eabi.lib : copy_decompress_none.c.obj (.text:decompress:none:__TI_decompress_none)
                  00000d16    0000000c     msp432p4xx_driverlib.lib : cpu.o (.text:CPU_cpsie)
                  00000d22    00000008                              : timer_a.o (.text:Timer_A_startCounter)
                  00000d2a    00000004                              : cpu.o (.text:CPU_wfi)
                  00000d2e    00000004     rtsv7M4_T_le_v4SPD16_eabi.lib : pre_init.c.obj (.text:_system_pre_init)
                  00000d32    00000004                                   : exit.c.obj (.text:abort:abort)

.const     0    00000d38    00000058     
                  00000d38    00000040     msp432p4xx_driverlib.lib : interrupt.o (.const)
                  00000d78    00000018     main.obj (.const:upConfig)

.cinit     0    00000d90    00000070     
                  00000d90    0000004b     (.cinit..data.load) [load image, compression = lzss]
                  00000ddb    00000001     --HOLE-- [fill = 0]
                  00000ddc    0000000c     (__TI_handler_table)
                  00000de8    00000008     (.cinit..bss.load) [load image, compression = zero_init]
                  00000df0    00000010     (__TI_cinit_table)

.init_array 
*          0    00000000    00000000     UNINITIALIZED

.data      0    20000000    00000065     UNINITIALIZED
                  20000000    00000030     msp432p4xx_driverlib.lib : gpio.o (.data:GPIO_PORT_TO_BASE)
                  20000030    00000018     main.obj (.data:pwmConfigLeft)
                  20000048    00000018     main.obj (.data:pwmConfigRight)
                  20000060    00000004     system_msp432p401r.obj (.data)
                  20000064    00000001     main.obj (.data)

.bss       0    20000068    00000008     UNINITIALIZED
                  20000068    00000004     (.common:notchesdetected)
                  2000006c    00000004     (.common:notchesdetected2)

.stack     0    2000fe00    00000200     UNINITIALIZED
                  2000fe00    00000004     rtsv7M4_T_le_v4SPD16_eabi.lib : boot_cortex_m.c.obj (.stack)
                  2000fe04    000001fc     --HOLE--

__llvm_prf_cnts 
*          0    20000000    00000000     UNINITIALIZED

MODULE SUMMARY

       Module                        code   ro data   rw data
       ------                        ----   -------   -------
    ./
       main.obj                      916    24        57     
       system_msp432p401r.obj        808    0         4      
       startup_msp432p401r_ccs.obj   18     320       0      
    +--+-----------------------------+------+---------+---------+
       Total:                        1742   344       61     
                                                             
    /Applications/ti/ccs1200/ccs/tools/compiler/ti-cgt-arm_20.2.7.LTS/lib/rtsv7M4_T_le_v4SPD16_eabi.lib
       memcpy_t2.asm.obj             156    0         0      
       copy_decompress_lzss.c.obj    104    0         0      
       autoinit.c.obj                68     0         0      
       boot_cortex_m.c.obj           52     0         0      
       copy_zero_init.c.obj          28     0         0      
       copy_decompress_none.c.obj    14     0         0      
       exit.c.obj                    4      0         0      
       pre_init.c.obj                4      0         0      
    +--+-----------------------------+------+---------+---------+
       Total:                        430    0         0      
                                                             
    /Users/qixian/Downloads/msp432_driverlib_3_21_00_05/driverlib/MSP432P4xx/ccs/msp432p4xx_driverlib.lib
       gpio.o                        336    0         48     
       timer_a.o                     352    0         0      
       interrupt.o                   116    64        0      
       pcm.o                         40     0         0      
       wdt_a.o                       24     0         0      
       cpu.o                         16     0         0      
    +--+-----------------------------+------+---------+---------+
       Total:                        884    64        48     
                                                             
       Stack:                        0      0         512    
       Linker Generated:             0      111       0      
    +--+-----------------------------+------+---------+---------+
       Grand Total:                  3056   519       621    


LINKER GENERATED COPY TABLES

__TI_cinit_table @ 00000df0 records: 2, size/record: 8, table size: 16
	.data: load addr=00000d90, load size=0000004b bytes, run addr=20000000, run size=00000065 bytes, compression=lzss
	.bss: load addr=00000de8, load size=00000008 bytes, run addr=20000068, run size=00000008 bytes, compression=zero_init


LINKER GENERATED HANDLER TABLE

__TI_handler_table @ 00000ddc records: 3, size/record: 4, table size: 12
	index: 0, handler: __TI_decompress_lzss
	index: 1, handler: __TI_decompress_none
	index: 2, handler: __TI_zero_init


GLOBAL SYMBOLS: SORTED ALPHABETICALLY BY Name 

address   name                                       
-------   ----                                       
00000d33  C$$EXIT                                    
00000d17  CPU_cpsie                                  
00000d2b  CPU_wfi                                    
00000c4d  GPIO_clearInterruptFlag                    
00000cad  GPIO_enableInterrupt                       
00000b69  GPIO_getEnabledInterruptStatus             
00000c65  GPIO_getInputPinValue                      
00000ce9  GPIO_getInterruptStatus                    
00000b99  GPIO_setAsInputPinWithPullUpResistor       
00000bf1  GPIO_setAsOutputPin                        
00000a19  GPIO_setAsPeripheralModuleFunctionOutputPin
00000cc1  GPIO_setOutputHighOnPin                    
00000c7d  GPIO_setOutputLowOnPin                     
0000032b  Initalise_MotorDriver                      
000009b5  Interrupt_enableInterrupt                  
00000cf9  Interrupt_enableMaster                     
00000bc9  PCM_gotoLPM0                               
00000141  PIDController_Init                         
00000169  PIDController_Update                       
00000445  PORT1_IRQHandler                           
00000481  PORT2_IRQHandler                           
20000060  SystemCoreClock                            
000004d5  SystemCoreClockUpdate                      
00000749  SystemInit                                 
00000467  TA1_0_IRQHandler                           
00000c31  Timer_A_clearCaptureCompareInterrupt       
00000aad  Timer_A_configureUpMode                    
00000a65  Timer_A_generatePWM                        
00000d23  Timer_A_startCounter                       
4000480c  WDTCTL_SYM                                 
00000c95  WDT_A_holdTimer                            
20010000  __STACK_END                                
00000200  __STACK_SIZE                               
00000df0  __TI_CINIT_Base                            
00000e00  __TI_CINIT_Limit                           
00000ddc  __TI_Handler_Table_Base                    
00000de8  __TI_Handler_Table_Limit                   
00000af1  __TI_auto_init_nobinit_nopinit             
0000094b  __TI_decompress_lzss                       
00000d09  __TI_decompress_none                       
ffffffff  __TI_pprof_out_hndl                        
ffffffff  __TI_prof_data_size                        
ffffffff  __TI_prof_data_start                       
00000000  __TI_static_base__                         
00000c15  __TI_zero_init_nomemset                    
000008af  __aeabi_memcpy                             
000008af  __aeabi_memcpy4                            
000008af  __aeabi_memcpy8                            
ffffffff  __binit__                                  
ffffffff  __c_args__                                 
UNDEFED   __mpu_init                                 
2000fe00  __stack                                    
20000000  __start___llvm_prf_cnts                    
20000000  __stop___llvm_prf_cnts                     
00000b35  _c_int00_noargs                            
UNDEFED   _system_post_cinit                         
00000d2f  _system_pre_init                           
00000d33  abort                                      
ffffffff  binit                                      
20000064  detected                                   
00000000  interruptVectors                           
00000439  main                                       
000008af  memcpy                                     
20000068  notchesdetected                            
2000006c  notchesdetected2                           
20000030  pwmConfigLeft                              
20000048  pwmConfigRight                             
000003f1  stopCar                                    
00000415  turnLeft45                                 
00000d78  upConfig                                   


GLOBAL SYMBOLS: SORTED BY Symbol Address 

address   name                                       
-------   ----                                       
00000000  __TI_static_base__                         
00000000  interruptVectors                           
00000141  PIDController_Init                         
00000169  PIDController_Update                       
00000200  __STACK_SIZE                               
0000032b  Initalise_MotorDriver                      
000003f1  stopCar                                    
00000415  turnLeft45                                 
00000439  main                                       
00000445  PORT1_IRQHandler                           
00000467  TA1_0_IRQHandler                           
00000481  PORT2_IRQHandler                           
000004d5  SystemCoreClockUpdate                      
00000749  SystemInit                                 
000008af  __aeabi_memcpy                             
000008af  __aeabi_memcpy4                            
000008af  __aeabi_memcpy8                            
000008af  memcpy                                     
0000094b  __TI_decompress_lzss                       
000009b5  Interrupt_enableInterrupt                  
00000a19  GPIO_setAsPeripheralModuleFunctionOutputPin
00000a65  Timer_A_generatePWM                        
00000aad  Timer_A_configureUpMode                    
00000af1  __TI_auto_init_nobinit_nopinit             
00000b35  _c_int00_noargs                            
00000b69  GPIO_getEnabledInterruptStatus             
00000b99  GPIO_setAsInputPinWithPullUpResistor       
00000bc9  PCM_gotoLPM0                               
00000bf1  GPIO_setAsOutputPin                        
00000c15  __TI_zero_init_nomemset                    
00000c31  Timer_A_clearCaptureCompareInterrupt       
00000c4d  GPIO_clearInterruptFlag                    
00000c65  GPIO_getInputPinValue                      
00000c7d  GPIO_setOutputLowOnPin                     
00000c95  WDT_A_holdTimer                            
00000cad  GPIO_enableInterrupt                       
00000cc1  GPIO_setOutputHighOnPin                    
00000ce9  GPIO_getInterruptStatus                    
00000cf9  Interrupt_enableMaster                     
00000d09  __TI_decompress_none                       
00000d17  CPU_cpsie                                  
00000d23  Timer_A_startCounter                       
00000d2b  CPU_wfi                                    
00000d2f  _system_pre_init                           
00000d33  C$$EXIT                                    
00000d33  abort                                      
00000d78  upConfig                                   
00000ddc  __TI_Handler_Table_Base                    
00000de8  __TI_Handler_Table_Limit                   
00000df0  __TI_CINIT_Base                            
00000e00  __TI_CINIT_Limit                           
20000000  __start___llvm_prf_cnts                    
20000000  __stop___llvm_prf_cnts                     
20000030  pwmConfigLeft                              
20000048  pwmConfigRight                             
20000060  SystemCoreClock                            
20000064  detected                                   
20000068  notchesdetected                            
2000006c  notchesdetected2                           
2000fe00  __stack                                    
20010000  __STACK_END                                
4000480c  WDTCTL_SYM                                 
ffffffff  __TI_pprof_out_hndl                        
ffffffff  __TI_prof_data_size                        
ffffffff  __TI_prof_data_start                       
ffffffff  __binit__                                  
ffffffff  __c_args__                                 
ffffffff  binit                                      
UNDEFED   __mpu_init                                 
UNDEFED   _system_post_cinit                         

[70 symbols]
