Archive member included to satisfy reference by file (symbol)

/opt/homebrew/Cellar/arm-none-eabi-gcc/10.3-2021.07/gcc/bin/../lib/gcc/arm-none-eabi/10.3.1/thumb/v6-m/nofp/libgcc.a(_dvmd_tls.o)
                              CMakeFiles/mpu6050_i2c.dir/Users/Tennyson/Github_Repo/Pico/pico-sdk/src/rp2_common/pico_divider/divider.S.obj (__aeabi_idiv0)
/opt/homebrew/Cellar/arm-none-eabi-gcc/10.3-2021.07/gcc/bin/../lib/gcc/arm-none-eabi/10.3.1/../../../../arm-none-eabi/lib/thumb/v6-m/nofp/libg.a(lib_a-calloc.o)
                              CMakeFiles/mpu6050_i2c.dir/Users/Tennyson/Github_Repo/Pico/pico-sdk/src/rp2_common/pico_malloc/pico_malloc.c.obj (calloc)
/opt/homebrew/Cellar/arm-none-eabi-gcc/10.3-2021.07/gcc/bin/../lib/gcc/arm-none-eabi/10.3.1/../../../../arm-none-eabi/lib/thumb/v6-m/nofp/libg.a(lib_a-callocr.o)
                              /opt/homebrew/Cellar/arm-none-eabi-gcc/10.3-2021.07/gcc/bin/../lib/gcc/arm-none-eabi/10.3.1/../../../../arm-none-eabi/lib/thumb/v6-m/nofp/libg.a(lib_a-calloc.o) (_calloc_r)
/opt/homebrew/Cellar/arm-none-eabi-gcc/10.3-2021.07/gcc/bin/../lib/gcc/arm-none-eabi/10.3.1/../../../../arm-none-eabi/lib/thumb/v6-m/nofp/libg.a(lib_a-ctype_.o)
                              CMakeFiles/mpu6050_i2c.dir/Users/Tennyson/Github_Repo/Pico/pico-sdk/lib/tinyusb/src/tusb.c.obj (_ctype_)
/opt/homebrew/Cellar/arm-none-eabi-gcc/10.3-2021.07/gcc/bin/../lib/gcc/arm-none-eabi/10.3.1/../../../../arm-none-eabi/lib/thumb/v6-m/nofp/libg.a(lib_a-errno.o)
                              /opt/homebrew/Cellar/arm-none-eabi-gcc/10.3-2021.07/gcc/bin/../lib/gcc/arm-none-eabi/10.3.1/../../../../arm-none-eabi/lib/thumb/v6-m/nofp/libg.a(lib_a-callocr.o) (__errno)
/opt/homebrew/Cellar/arm-none-eabi-gcc/10.3-2021.07/gcc/bin/../lib/gcc/arm-none-eabi/10.3.1/../../../../arm-none-eabi/lib/thumb/v6-m/nofp/libg.a(lib_a-impure.o)
                              /opt/homebrew/Cellar/arm-none-eabi-gcc/10.3-2021.07/gcc/bin/../lib/gcc/arm-none-eabi/10.3.1/../../../../arm-none-eabi/lib/thumb/v6-m/nofp/libg.a(lib_a-calloc.o) (_impure_ptr)
/opt/homebrew/Cellar/arm-none-eabi-gcc/10.3-2021.07/gcc/bin/../lib/gcc/arm-none-eabi/10.3.1/../../../../arm-none-eabi/lib/thumb/v6-m/nofp/libg.a(lib_a-init.o)
                              /opt/homebrew/Cellar/arm-none-eabi-gcc/10.3-2021.07/gcc/bin/../lib/gcc/arm-none-eabi/10.3.1/../../../../arm-none-eabi/lib/thumb/v6-m/nofp/crt0.o (__libc_init_array)
/opt/homebrew/Cellar/arm-none-eabi-gcc/10.3-2021.07/gcc/bin/../lib/gcc/arm-none-eabi/10.3.1/../../../../arm-none-eabi/lib/thumb/v6-m/nofp/libg.a(lib_a-malloc.o)
                              CMakeFiles/mpu6050_i2c.dir/Users/Tennyson/Github_Repo/Pico/pico-sdk/src/rp2_common/pico_malloc/pico_malloc.c.obj (malloc)
/opt/homebrew/Cellar/arm-none-eabi-gcc/10.3-2021.07/gcc/bin/../lib/gcc/arm-none-eabi/10.3.1/../../../../arm-none-eabi/lib/thumb/v6-m/nofp/libg.a(lib_a-mallocr.o)
                              /opt/homebrew/Cellar/arm-none-eabi-gcc/10.3-2021.07/gcc/bin/../lib/gcc/arm-none-eabi/10.3.1/../../../../arm-none-eabi/lib/thumb/v6-m/nofp/libg.a(lib_a-callocr.o) (_malloc_r)
/opt/homebrew/Cellar/arm-none-eabi-gcc/10.3-2021.07/gcc/bin/../lib/gcc/arm-none-eabi/10.3.1/../../../../arm-none-eabi/lib/thumb/v6-m/nofp/libg.a(lib_a-mlock.o)
                              /opt/homebrew/Cellar/arm-none-eabi-gcc/10.3-2021.07/gcc/bin/../lib/gcc/arm-none-eabi/10.3.1/../../../../arm-none-eabi/lib/thumb/v6-m/nofp/libg.a(lib_a-mallocr.o) (__malloc_lock)
/opt/homebrew/Cellar/arm-none-eabi-gcc/10.3-2021.07/gcc/bin/../lib/gcc/arm-none-eabi/10.3.1/../../../../arm-none-eabi/lib/thumb/v6-m/nofp/libg.a(lib_a-realloc.o)
                              CMakeFiles/mpu6050_i2c.dir/Users/Tennyson/Github_Repo/Pico/pico-sdk/src/rp2_common/pico_malloc/pico_malloc.c.obj (realloc)
/opt/homebrew/Cellar/arm-none-eabi-gcc/10.3-2021.07/gcc/bin/../lib/gcc/arm-none-eabi/10.3.1/../../../../arm-none-eabi/lib/thumb/v6-m/nofp/libg.a(lib_a-reallocr.o)
                              /opt/homebrew/Cellar/arm-none-eabi-gcc/10.3-2021.07/gcc/bin/../lib/gcc/arm-none-eabi/10.3.1/../../../../arm-none-eabi/lib/thumb/v6-m/nofp/libg.a(lib_a-realloc.o) (_realloc_r)
/opt/homebrew/Cellar/arm-none-eabi-gcc/10.3-2021.07/gcc/bin/../lib/gcc/arm-none-eabi/10.3.1/../../../../arm-none-eabi/lib/thumb/v6-m/nofp/libg.a(lib_a-sbrkr.o)
                              /opt/homebrew/Cellar/arm-none-eabi-gcc/10.3-2021.07/gcc/bin/../lib/gcc/arm-none-eabi/10.3.1/../../../../arm-none-eabi/lib/thumb/v6-m/nofp/libg.a(lib_a-mallocr.o) (_sbrk_r)
/opt/homebrew/Cellar/arm-none-eabi-gcc/10.3-2021.07/gcc/bin/../lib/gcc/arm-none-eabi/10.3.1/../../../../arm-none-eabi/lib/thumb/v6-m/nofp/libg.a(lib_a-strlen-stub.o)
                              CMakeFiles/mpu6050_i2c.dir/Users/Tennyson/Github_Repo/Pico/pico-sdk/src/rp2_common/pico_stdio/stdio.c.obj (strlen)
/opt/homebrew/Cellar/arm-none-eabi-gcc/10.3-2021.07/gcc/bin/../lib/gcc/arm-none-eabi/10.3.1/../../../../arm-none-eabi/lib/thumb/v6-m/nofp/libg.a(lib_a-freer.o)
[...]
Memory Configuration

Name             Origin             Length             Attributes
FLASH            0x0000000010000000 0x0000000000200000 xr
RAM              0x0000000020000000 0x0000000000040000 xrw
SCRATCH_X        0x0000000020040000 0x0000000000001000 xrw
SCRATCH_Y        0x0000000020041000 0x0000000000001000 xrw
*default*        0x0000000000000000 0xffffffffffffffff

Linker script and memory map

LOAD /opt/homebrew/Cellar/arm-none-eabi-gcc/10.3-2021.07/gcc/bin/../lib/gcc/arm-none-eabi/10.3.1/thumb/v6-m/nofp/crti.o
LOAD /opt/homebrew/Cellar/arm-none-eabi-gcc/10.3-2021.07/gcc/bin/../lib/gcc/arm-none-eabi/10.3.1/thumb/v6-m/nofp/crtbegin.o
LOAD /opt/homebrew/Cellar/arm-none-eabi-gcc/10.3-2021.07/gcc/bin/../lib/gcc/arm-none-eabi/10.3.1/../../../../arm-none-eabi/lib/thumb/v6-m/nofp/crt0.o

.flash_begin    0x0000000010000000        0x0
                0x0000000010000000                __flash_binary_start = .

.boot2          0x0000000010000000      0x100
                0x0000000010000000                __boot2_start__ = .
 *(.boot2)
 .boot2         0x0000000010000000      0x100 /var/folders/89/nylzy5yx3nz43sdt_pmw8p_h0000gn/T//cc0UggJe.o
                0x0000000010000100                __boot2_end__ = .
                0x0000000000000001                ASSERT (((__boot2_end__ - __boot2_start__) == 0x100), ERROR: Pico second stage bootloader must be 256 bytes in size)

.text           0x0000000010000100     0x7768
                0x0000000010000100                __logical_binary_start = .
 *(.vectors)
 .vectors       0x0000000010000100       0xd4 CMakeFiles/mpu6050_i2c.dir/Users/Tennyson/Github_Repo/Pico/pico-sdk/src/rp2_common/pico_standard_link/crt0.S.obj
                0x0000000010000100                __VECTOR_TABLE
                0x0000000010000100                __vectors
                0x00000000100001c0                __default_isrs_start
                0x00000000100001c0                isr_invalid
                0x00000000100001c2                isr_nmi
                0x00000000100001c4                isr_hardfault
                0x00000000100001c6                isr_svcall
                0x00000000100001c8                isr_pendsv
                0x00000000100001ca                isr_systick
                0x00000000100001cc                isr_irq28
                0x00000000100001cc                isr_irq19
                0x00000000100001cc                isr_irq0
                0x00000000100001cc                isr_irq6
                0x00000000100001cc                isr_irq22
                0x00000000100001cc                isr_irq17
                0x00000000100001cc                isr_irq14
                0x00000000100001cc                isr_irq2
                0x00000000100001cc                isr_irq10
                0x00000000100001cc                isr_irq8
                0x00000000100001cc                isr_irq24
                0x00000000100001cc                isr_irq1
                0x00000000100001cc                isr_irq7
                0x00000000100001cc                isr_irq21
                0x00000000100001cc                isr_irq20
                0x00000000100001cc                isr_irq15
                0x00000000100001cc                isr_irq25
                0x00000000100001cc                isr_irq4
                0x00000000100001cc                isr_irq16
                0x00000000100001cc                isr_irq29
                0x00000000100001cc                isr_irq26
                0x00000000100001cc                __default_isrs_end
                0x00000000100001cc                isr_irq3
                0x00000000100001cc                isr_irq9
                0x00000000100001cc                __unhandled_user_irq
                0x00000000100001cc                isr_irq13
                0x00000000100001cc                isr_irq27
                0x00000000100001cc                isr_irq31
                0x00000000100001cc                isr_irq5
                0x00000000100001cc                isr_irq11
                0x00000000100001cc                isr_irq23
                0x00000000100001cc                isr_irq18
                0x00000000100001cc                isr_irq30
                0x00000000100001cc                isr_irq12
                0x00000000100001d2                unhandled_user_irq_num_in_r0
 *(.binary_info_header)
 .binary_info_header
                0x00000000100001d4       0x14 CMakeFiles/mpu6050_i2c.dir/Users/Tennyson/Github_Repo/Pico/pico-sdk/src/rp2_common/pico_standard_link/crt0.S.obj
                0x00000000100001e8                __binary_info_header_end = .
 *(.reset)
 .reset         0x00000000100001e8       0xa8 CMakeFiles/mpu6050_i2c.dir/Users/Tennyson/Github_Repo/Pico/pico-sdk/src/rp2_common/pico_standard_link/crt0.S.obj
                0x00000000100001e8                _entry_point
                0x0000000010000266                __get_current_exception
 .reset         0x0000000010000290       0x30 CMakeFiles/mpu6050_i2c.dir/Users/Tennyson/Github_Repo/Pico/pico-sdk/src/rp2_common/pico_standard_link/binary_info.c.obj
 *(.init)
 .init          0x00000000100002c0        0x4 /opt/homebrew/Cellar/arm-none-eabi-gcc/10.3-2021.07/gcc/bin/../lib/gcc/arm-none-eabi/10.3.1/thumb/v6-m/nofp/crti.o
                0x00000000100002c0                _init
 *(EXCLUDE_FILE(*libm.a: *libc.a:*lib_a-mem*.o *libgcc.a:) .text*)
 .text          0x00000000100002c4       0x48 /opt/homebrew/Cellar/arm-none-eabi-gcc/10.3-2021.07/gcc/bin/../lib/gcc/arm-none-eabi/10.3.1/thumb/v6-m/nofp/crtbegin.o
 .text.mpu6050_reset
                0x000000001000030c       0x20 CMakeFiles/mpu6050_i2c.dir/mpu6050_i2c.c.obj
 .text.mpu6050_read_raw
                0x000000001000032c       0xc4 CMakeFiles/mpu6050_i2c.dir/mpu6050_i2c.c.obj
 .text.main     0x00000000100003f0      0x100 CMakeFiles/mpu6050_i2c.dir/mpu6050_i2c.c.obj
                0x00000000100003f0                main
 .text.gpio_set_function
                0x00000000100004f0       0x30 CMakeFiles/mpu6050_i2c.dir/Users/Tennyson/Github_Repo/Pico/pico-sdk/src/rp2_common/hardware_gpio/gpio.c.obj
                0x00000000100004f0                gpio_set_function
 .text.gpio_set_pulls
                0x0000000010000520       0x34 CMakeFiles/mpu6050_i2c.dir/Users/Tennyson/Github_Repo/Pico/pico-sdk/src/rp2_common/hardware_gpio/gpio.c.obj
                0x0000000010000520                gpio_set_pulls
 .text.hw_claim_lock
                0x0000000010000554       0x18 CMakeFiles/mpu6050_i2c.dir/Users/Tennyson/Github_Repo/Pico/pico-sdk/src/rp2_common/hardware_claim/claim.c.obj
                0x0000000010000554                hw_claim_lock
 .text.hw_claim_unlock
                0x000000001000056c       0x14 CMakeFiles/mpu6050_i2c.dir/Users/Tennyson/Github_Repo/Pico/pico-sdk/src/rp2_common/hardware_claim/claim.c.obj
                0x000000001000056c                hw_claim_unlock
 .text.hw_claim_or_assert
                0x0000000010000580       0x32 CMakeFiles/mpu6050_i2c.dir/Users/Tennyson/Github_Repo/Pico/pico-sdk/src/rp2_common/hardware_claim/claim.c.obj
                0x0000000010000580                hw_claim_or_assert
 .text.hw_claim_unused_from_range
                0x00000000100005b2       0x50 CMakeFiles/mpu6050_i2c.dir/Users/Tennyson/Github_Repo/Pico/pico-sdk/src/rp2_common/hardware_claim/claim.c.obj
                0x00000000100005b2                hw_claim_unused_from_range
 *fill*         0x0000000010000602        0x2 
 .text.running_on_fpga
                0x0000000010000604       0x14 CMakeFiles/mpu6050_i2c.dir/Users/Tennyson/Github_Repo/Pico/pico-sdk/src/rp2_common/pico_platform/platform.c.obj
                0x0000000010000604                running_on_fpga
 .text.spin_locks_reset
                0x0000000010000618       0x20 CMakeFiles/mpu6050_i2c.dir/Users/Tennyson/Github_Repo/Pico/pico-sdk/src/rp2_common/hardware_sync/sync.c.obj
                0x0000000010000618                spin_locks_reset
 .text.next_striped_spin_lock_num
                0x0000000010000638       0x1c CMakeFiles/mpu6050_i2c.dir/Users/Tennyson/Github_Repo/Pico/pico-sdk/src/rp2_common/hardware_sync/sync.c.obj
                0x0000000010000638                next_striped_spin_lock_num
 .text.spin_lock_claim_unused
                0x0000000010000654       0x20 CMakeFiles/mpu6050_i2c.dir/Users/Tennyson/Github_Repo/Pico/pico-sdk/src/rp2_common/hardware_sync/sync.c.obj
                0x0000000010000654                spin_lock_claim_unused
 .text.set_raw_irq_handler_and_unlock
                0x0000000010000674       0x28 CMakeFiles/mpu6050_i2c.dir/Users/Tennyson/Github_Repo/Pico/pico-sdk/src/rp2_common/hardware_irq/irq.c.obj
 .text.make_branch
                0x000000001000069c       0x48 CMakeFiles/mpu6050_i2c.dir/Users/Tennyson/Github_Repo/Pico/pico-sdk/src/rp2_common/hardware_irq/irq.c.obj
 .text.insert_branch_and_link
                0x00000000100006e4       0x40 CMakeFiles/mpu6050_i2c.dir/Users/Tennyson/Github_Repo/Pico/pico-sdk/src/rp2_common/hardware_irq/irq.c.obj
 .text.irq_is_enabled
                0x0000000010000724       0x18 CMakeFiles/mpu6050_i2c.dir/Users/Tennyson/Github_Repo/Pico/pico-sdk/src/rp2_common/hardware_irq/irq.c.obj
                0x0000000010000724                irq_is_enabled
 .text.irq_set_mask_enabled
                0x000000001000073c       0x20 CMakeFiles/mpu6050_i2c.dir/Users/Tennyson/Github_Repo/Pico/pico-sdk/src/rp2_common/hardware_irq/irq.c.obj
                0x000000001000073c                irq_set_mask_enabled
 .text.irq_set_enabled
                0x000000001000075c        0xe CMakeFiles/mpu6050_i2c.dir/Users/Tennyson/Github_Repo/Pico/pico-sdk/src/rp2_common/hardware_irq/irq.c.obj
                0x000000001000075c                irq_set_enabled
 *fill*         0x000000001000076a        0x2 
 .text.irq_set_pending
                0x000000001000076c       0x10 CMakeFiles/mpu6050_i2c.dir/Users/Tennyson/Github_Repo/Pico/pico-sdk/src/rp2_common/hardware_irq/irq.c.obj
                0x000000001000076c                irq_set_pending
 .text.irq_get_vtable_handler
                0x000000001000077c       0x10 CMakeFiles/mpu6050_i2c.dir/Users/Tennyson/Github_Repo/Pico/pico-sdk/src/rp2_common/hardware_irq/irq.c.obj
                0x000000001000077c                irq_get_vtable_handler
 .text.irq_has_shared_handler
                0x000000001000078c       0x24 CMakeFiles/mpu6050_i2c.dir/Users/Tennyson/Github_Repo/Pico/pico-sdk/src/rp2_common/hardware_irq/irq.c.obj
                0x000000001000078c                irq_has_shared_handler
 .text.irq_set_exclusive_handler
                0x00000000100007b0       0x54 CMakeFiles/mpu6050_i2c.dir/Users/Tennyson/Github_Repo/Pico/pico-sdk/src/rp2_common/hardware_irq/irq.c.obj
                0x00000000100007b0                irq_set_exclusive_handler
 .text.irq_add_shared_handler
                0x0000000010000804      0x230 CMakeFiles/mpu6050_i2c.dir/Users/Tennyson/Github_Repo/Pico/pico-sdk/src/rp2_common/hardware_irq/irq.c.obj
                0x0000000010000804                irq_add_shared_handler
 .text.irq_remove_handler
                0x0000000010000a34      0x1a8 CMakeFiles/mpu6050_i2c.dir/Users/Tennyson/Github_Repo/Pico/pico-sdk/src/rp2_common/hardware_irq/irq.c.obj
                0x0000000010000a34                irq_remove_handler
 .text.irq_add_tail_to_free_list
                0x0000000010000bdc       0xf0 CMakeFiles/mpu6050_i2c.dir/Users/Tennyson/Github_Repo/Pico/pico-sdk/src/rp2_common/hardware_irq/irq.c.obj
                0x0000000010000bdc                irq_add_tail_to_free_list
 .text.irq_init_priorities
                0x0000000010000ccc       0x1c CMakeFiles/mpu6050_i2c.dir/Users/Tennyson/Github_Repo/Pico/pico-sdk/src/rp2_common/hardware_irq/irq.c.obj
                0x0000000010000ccc                irq_init_priorities
 .text.user_irq_claim_unused
                0x0000000010000ce8       0x30 CMakeFiles/mpu6050_i2c.dir/Users/Tennyson/Github_Repo/Pico/pico-sdk/src/rp2_common/hardware_irq/irq.c.obj
                0x0000000010000ce8                user_irq_claim_unused
 .text.lock_init
                0x0000000010000d18       0x10 CMakeFiles/mpu6050_i2c.dir/Users/Tennyson/Github_Repo/Pico/pico-sdk/src/common/pico_sync/lock_core.c.obj
                0x0000000010000d18                lock_init
 .text.alarm_pool_post_alloc_init
                0x0000000010000d28       0x40 CMakeFiles/mpu6050_i2c.dir/Users/Tennyson/Github_Repo/Pico/pico-sdk/src/common/pico_time/time.c.obj
 .text.sleep_until_callback
                0x0000000010000d68       0x30 CMakeFiles/mpu6050_i2c.dir/Users/Tennyson/Github_Repo/Pico/pico-sdk/src/common/pico_time/time.c.obj
 .text.timer_pool_entry_comparator
                0x0000000010000d98       0x7c CMakeFiles/mpu6050_i2c.dir/Users/Tennyson/Github_Repo/Pico/pico-sdk/src/common/pico_time/time.c.obj
                0x0000000010000d98                timer_pool_entry_comparator
 .text.ph_add_child_node
                0x0000000010000e14       0xa4 CMakeFiles/mpu6050_i2c.dir/Users/Tennyson/Github_Repo/Pico/pico-sdk/src/common/pico_time/time.c.obj
 .text.ph_merge_nodes
                0x0000000010000eb8       0x3e CMakeFiles/mpu6050_i2c.dir/Users/Tennyson/Github_Repo/Pico/pico-sdk/src/common/pico_time/time.c.obj
 *fill*         0x0000000010000ef6        0x2 
 .text.add_alarm_under_lock
                0x0000000010000ef8      0x174 CMakeFiles/mpu6050_i2c.dir/Users/Tennyson/Github_Repo/Pico/pico-sdk/src/common/pico_time/time.c.obj
 .text.alarm_pool_alarm_callback
                0x000000001000106c      0x328 CMakeFiles/mpu6050_i2c.dir/Users/Tennyson/Github_Repo/Pico/pico-sdk/src/common/pico_time/time.c.obj
 .text.alarm_pool_init_default
                0x0000000010001394       0x38 CMakeFiles/mpu6050_i2c.dir/Users/Tennyson/Github_Repo/Pico/pico-sdk/src/common/pico_time/time.c.obj
                0x0000000010001394                alarm_pool_init_default
 .text.alarm_pool_get_default
                0x00000000100013cc       0x2c CMakeFiles/mpu6050_i2c.dir/Users/Tennyson/Github_Repo/Pico/pico-sdk/src/common/pico_time/time.c.obj
                0x00000000100013cc                alarm_pool_get_default
 .text.alarm_pool_add_alarm_at
                0x00000000100013f8      0x170 CMakeFiles/mpu6050_i2c.dir/Users/Tennyson/Github_Repo/Pico/pico-sdk/src/common/pico_time/time.c.obj
                0x00000000100013f8                alarm_pool_add_alarm_at
 .text.alarm_pool_cancel_alarm
                0x0000000010001568       0xf0 CMakeFiles/mpu6050_i2c.dir/Users/Tennyson/Github_Repo/Pico/pico-sdk/src/common/pico_time/time.c.obj
                0x0000000010001568                alarm_pool_cancel_alarm
 .text.sleep_until
                0x0000000010001658       0xfc CMakeFiles/mpu6050_i2c.dir/Users/Tennyson/Github_Repo/Pico/pico-sdk/src/common/pico_time/time.c.obj
                0x0000000010001658                sleep_until
 .text.sleep_us
                0x0000000010001754       0x58 CMakeFiles/mpu6050_i2c.dir/Users/Tennyson/Github_Repo/Pico/pico-sdk/src/common/pico_time/time.c.obj
                0x0000000010001754                sleep_us
 .text.sleep_ms
                0x00000000100017ac       0x14 CMakeFiles/mpu6050_i2c.dir/Users/Tennyson/Github_Repo/Pico/pico-sdk/src/common/pico_time/time.c.obj
                0x00000000100017ac                sleep_ms
 .text.best_effort_wfe_or_timeout
                0x00000000100017c0       0x80 CMakeFiles/mpu6050_i2c.dir/Users/Tennyson/Github_Repo/Pico/pico-sdk/src/common/pico_time/time.c.obj
                0x00000000100017c0                best_effort_wfe_or_timeout
 .text.hardware_alarm_irq_handler
                0x0000000010001840       0x8c CMakeFiles/mpu6050_i2c.dir/Users/Tennyson/Github_Repo/Pico/pico-sdk/src/rp2_common/hardware_timer/timer.c.obj
 .text.hardware_alarm_claim
                0x00000000100018cc       0x18 CMakeFiles/mpu6050_i2c.dir/Users/Tennyson/Github_Repo/Pico/pico-sdk/src/rp2_common/hardware_timer/timer.c.obj
                0x00000000100018cc                hardware_alarm_claim
 .text.time_us_64
                0x00000000100018e4       0x18 CMakeFiles/mpu6050_i2c.dir/Users/Tennyson/Github_Repo/Pico/pico-sdk/src/rp2_common/hardware_timer/timer.c.obj
                0x00000000100018e4                time_us_64
 .text.busy_wait_until
                0x00000000100018fc       0x28 CMakeFiles/mpu6050_i2c.dir/Users/Tennyson/Github_Repo/Pico/pico-sdk/src/rp2_common/hardware_timer/timer.c.obj
                0x00000000100018fc                busy_wait_until
 .text.hardware_alarm_set_callback
                0x0000000010001924       0x90 CMakeFiles/mpu6050_i2c.dir/Users/Tennyson/Github_Repo/Pico/pico-sdk/src/rp2_common/hardware_timer/timer.c.obj
                0x0000000010001924                hardware_alarm_set_callback
 .text.hardware_alarm_set_target
                0x00000000100019b4       0xe8 CMakeFiles/mpu6050_i2c.dir/Users/Tennyson/Github_Repo/Pico/pico-sdk/src/rp2_common/hardware_timer/timer.c.obj
                0x00000000100019b4                hardware_alarm_set_target
 .text.hardware_alarm_cancel
                0x0000000010001a9c       0x40 CMakeFiles/mpu6050_i2c.dir/Users/Tennyson/Github_Repo/Pico/pico-sdk/src/rp2_common/hardware_timer/timer.c.obj
                0x0000000010001a9c                hardware_alarm_cancel
 .text.ph_add_child_node
                0x0000000010001adc       0xa4 CMakeFiles/mpu6050_i2c.dir/Users/Tennyson/Github_Repo/Pico/pico-sdk/src/common/pico_util/pheap.c.obj
 .text.ph_merge_nodes
                0x0000000010001b80       0x3e CMakeFiles/mpu6050_i2c.dir/Users/Tennyson/Github_Repo/Pico/pico-sdk/src/common/pico_util/pheap.c.obj
 *fill*         0x0000000010001bbe        0x2 
 .text.ph_clear
                0x0000000010001bc0       0x70 CMakeFiles/mpu6050_i2c.dir/Users/Tennyson/Github_Repo/Pico/pico-sdk/src/common/pico_util/pheap.c.obj
                0x0000000010001bc0                ph_clear
 .text.ph_post_alloc_init
                0x0000000010001c30        0xe CMakeFiles/mpu6050_i2c.dir/Users/Tennyson/Github_Repo/Pico/pico-sdk/src/common/pico_util/pheap.c.obj
                0x0000000010001c30                ph_post_alloc_init
 *fill*         0x0000000010001c3e        0x2 
 .text.ph_merge_two_pass
                0x0000000010001c40       0xa8 CMakeFiles/mpu6050_i2c.dir/Users/Tennyson/Github_Repo/Pico/pico-sdk/src/common/pico_util/pheap.c.obj
                0x0000000010001c40                ph_merge_two_pass
 .text.ph_remove_any_head
                0x0000000010001ce8      0x108 CMakeFiles/mpu6050_i2c.dir/Users/Tennyson/Github_Repo/Pico/pico-sdk/src/common/pico_util/pheap.c.obj
 .text.ph_remove_head
                0x0000000010001df0       0x14 CMakeFiles/mpu6050_i2c.dir/Users/Tennyson/Github_Repo/Pico/pico-sdk/src/common/pico_util/pheap.c.obj
                0x0000000010001df0                ph_remove_head
 .text.ph_remove_and_free_node
                0x0000000010001e04       0xf8 CMakeFiles/mpu6050_i2c.dir/Users/Tennyson/Github_Repo/Pico/pico-sdk/src/common/pico_util/pheap.c.obj
                0x0000000010001e04                ph_remove_and_free_node
 .text.mutex_init
                0x0000000010001efc       0x1a CMakeFiles/mpu6050_i2c.dir/Users/Tennyson/Github_Repo/Pico/pico-sdk/src/common/pico_sync/mutex.c.obj
                0x0000000010001efc                mutex_init
 .text.recursive_mutex_init
                0x0000000010001f16       0x1e CMakeFiles/mpu6050_i2c.dir/Users/Tennyson/Github_Repo/Pico/pico-sdk/src/common/pico_sync/mutex.c.obj
                0x0000000010001f16                recursive_mutex_init
 .text.critical_section_init_with_lock_num
                0x0000000010001f34       0x14 CMakeFiles/mpu6050_i2c.dir/Users/Tennyson/Github_Repo/Pico/pico-sdk/src/common/pico_sync/critical_section.c.obj
                0x0000000010001f34                critical_section_init_with_lock_num
 .text.critical_section_init
                0x0000000010001f48       0x14 CMakeFiles/mpu6050_i2c.dir/Users/Tennyson/Github_Repo/Pico/pico-sdk/src/common/pico_sync/critical_section.c.obj
                0x0000000010001f48                critical_section_init
 .text._exit    0x0000000010001f5c        0x4 CMakeFiles/mpu6050_i2c.dir/Users/Tennyson/Github_Repo/Pico/pico-sdk/src/rp2_common/pico_runtime/runtime.c.obj
                0x0000000010001f5c                _exit
 .text.exit     0x0000000010001f60        0x6 CMakeFiles/mpu6050_i2c.dir/Users/Tennyson/Github_Repo/Pico/pico-sdk/src/rp2_common/pico_runtime/runtime.c.obj
                0x0000000010001f60                exit
 *fill*         0x0000000010001f66        0x2 
 .text.__assert_func
                0x0000000010001f68       0x3c CMakeFiles/mpu6050_i2c.dir/Users/Tennyson/Github_Repo/Pico/pico-sdk/src/rp2_common/pico_runtime/runtime.c.obj
                0x0000000010001f68                __assert_func
 .text.runtime_init
                0x0000000010001fa4       0xf8 CMakeFiles/mpu6050_i2c.dir/Users/Tennyson/Github_Repo/Pico/pico-sdk/src/rp2_common/pico_runtime/runtime.c.obj
                0x0000000010001fa4                runtime_init
 .text.panic    0x000000001000209c       0x30 CMakeFiles/mpu6050_i2c.dir/Users/Tennyson/Github_Repo/Pico/pico-sdk/src/rp2_common/pico_runtime/runtime.c.obj
                0x000000001000209c                panic
 .text.clock_configure
                0x00000000100020cc      0x104 CMakeFiles/mpu6050_i2c.dir/Users/Tennyson/Github_Repo/Pico/pico-sdk/src/rp2_common/hardware_clocks/clocks.c.obj
                0x00000000100020cc                clock_configure
 .text.clocks_init
                0x00000000100021d0      0x100 CMakeFiles/mpu6050_i2c.dir/Users/Tennyson/Github_Repo/Pico/pico-sdk/src/rp2_common/hardware_clocks/clocks.c.obj
                0x00000000100021d0                clocks_init
 .text.clock_get_hz
                0x00000000100022d0        0xc CMakeFiles/mpu6050_i2c.dir/Users/Tennyson/Github_Repo/Pico/pico-sdk/src/rp2_common/hardware_clocks/clocks.c.obj
                0x00000000100022d0                clock_get_hz
 .text.pll_init
                0x00000000100022dc      0x140 CMakeFiles/mpu6050_i2c.dir/Users/Tennyson/Github_Repo/Pico/pico-sdk/src/rp2_common/hardware_pll/pll.c.obj
                0x00000000100022dc                pll_init
 .text.watchdog_start_tick
                0x000000001000241c       0x10 CMakeFiles/mpu6050_i2c.dir/Users/Tennyson/Github_Repo/Pico/pico-sdk/src/rp2_common/hardware_watchdog/watchdog.c.obj
                0x000000001000241c                watchdog_start_tick
 .text.watchdog_update
                0x000000001000242c       0x14 CMakeFiles/mpu6050_i2c.dir/Users/Tennyson/Github_Repo/Pico/pico-sdk/src/rp2_common/hardware_watchdog/watchdog.c.obj
                0x000000001000242c                watchdog_update
 .text._watchdog_enable
                0x0000000010002440       0x78 CMakeFiles/mpu6050_i2c.dir/Users/Tennyson/Github_Repo/Pico/pico-sdk/src/rp2_common/hardware_watchdog/watchdog.c.obj
                0x0000000010002440                _watchdog_enable
 .text.watchdog_reboot
                0x00000000100024b8       0x48 CMakeFiles/mpu6050_i2c.dir/Users/Tennyson/Github_Repo/Pico/pico-sdk/src/rp2_common/hardware_watchdog/watchdog.c.obj
                0x00000000100024b8                watchdog_reboot
 .text.xosc_init
                0x0000000010002500       0x28 CMakeFiles/mpu6050_i2c.dir/Users/Tennyson/Github_Repo/Pico/pico-sdk/src/rp2_common/hardware_xosc/xosc.c.obj
                0x0000000010002500                xosc_init
 .text._out_null
                0x0000000010002528        0x2 CMakeFiles/mpu6050_i2c.dir/Users/Tennyson/Github_Repo/Pico/pico-sdk/src/rp2_common/pico_printf/printf.c.obj
 .text._out_fct
                0x000000001000252a        0xe CMakeFiles/mpu6050_i2c.dir/Users/Tennyson/Github_Repo/Pico/pico-sdk/src/rp2_common/pico_printf/printf.c.obj
 .text._atoi    0x0000000010002538       0x24 CMakeFiles/mpu6050_i2c.dir/Users/Tennyson/Github_Repo/Pico/pico-sdk/src/rp2_common/pico_printf/printf.c.obj
 .text._out_rev
                0x000000001000255c       0xae CMakeFiles/mpu6050_i2c.dir/Users/Tennyson/Github_Repo/Pico/pico-sdk/src/rp2_common/pico_printf/printf.c.obj
 .text._ntoa_format
                0x000000001000260a      0x112 CMakeFiles/mpu6050_i2c.dir/Users/Tennyson/Github_Repo/Pico/pico-sdk/src/rp2_common/pico_printf/printf.c.obj
 .text._ntoa_long
                0x000000001000271c       0xbc CMakeFiles/mpu6050_i2c.dir/Users/Tennyson/Github_Repo/Pico/pico-sdk/src/rp2_common/pico_printf/printf.c.obj
 .text._ntoa_long_long
                0x00000000100027d8       0xe2 CMakeFiles/mpu6050_i2c.dir/Users/Tennyson/Github_Repo/Pico/pico-sdk/src/rp2_common/pico_printf/printf.c.obj
 *fill*         0x00000000100028ba        0x2 
 .text._etoa    0x00000000100028bc      0x414 CMakeFiles/mpu6050_i2c.dir/Users/Tennyson/Github_Repo/Pico/pico-sdk/src/rp2_common/pico_printf/printf.c.obj
 .text._ftoa    0x0000000010002cd0      0x354 CMakeFiles/mpu6050_i2c.dir/Users/Tennyson/Github_Repo/Pico/pico-sdk/src/rp2_common/pico_printf/printf.c.obj
 .text._vsnprintf
                0x0000000010003024      0x624 CMakeFiles/mpu6050_i2c.dir/Users/Tennyson/Github_Repo/Pico/pico-sdk/src/rp2_common/pico_printf/printf.c.obj
 .text.vfctprintf
                0x0000000010003648       0x20 CMakeFiles/mpu6050_i2c.dir/Users/Tennyson/Github_Repo/Pico/pico-sdk/src/rp2_common/pico_printf/printf.c.obj
                0x0000000010003648                vfctprintf
 .text          0x0000000010003668       0x10 CMakeFiles/mpu6050_i2c.dir/Users/Tennyson/Github_Repo/Pico/pico-sdk/src/rp2_common/pico_bit_ops/bit_ops_aeabi.S.obj
 .text.rom_func_lookup
                0x0000000010003678       0x10 CMakeFiles/mpu6050_i2c.dir/Users/Tennyson/Github_Repo/Pico/pico-sdk/src/rp2_common/pico_bootrom/bootrom.c.obj
                0x0000000010003678                rom_func_lookup
 .text.rom_data_lookup
                0x0000000010003688       0x10 CMakeFiles/mpu6050_i2c.dir/Users/Tennyson/Github_Repo/Pico/pico-sdk/src/rp2_common/pico_bootrom/bootrom.c.obj
                0x0000000010003688                rom_data_lookup
 .text.rom_funcs_lookup
                0x0000000010003698       0x36 CMakeFiles/mpu6050_i2c.dir/Users/Tennyson/Github_Repo/Pico/pico-sdk/src/rp2_common/pico_bootrom/bootrom.c.obj
                0x0000000010003698                rom_funcs_lookup
 *fill*         0x00000000100036ce        0x2 
 .text.__wrap___aeabi_idiv
                0x00000000100036d0       0x50 CMakeFiles/mpu6050_i2c.dir/Users/Tennyson/Github_Repo/Pico/pico-sdk/src/rp2_common/pico_divider/divider.S.obj
                0x00000000100036d0                __wrap___aeabi_idivmod
                0x00000000100036d0                divmod_s32s32
                0x00000000100036d0                div_s32s32
                0x00000000100036d0                __wrap___aeabi_idiv
                0x00000000100036d8                divmod_s32s32_unsafe
                0x0000000010003704                divmod_s32s32_savestate
 .text.__wrap___aeabi_uidiv
                0x0000000010003720       0x4c CMakeFiles/mpu6050_i2c.dir/Users/Tennyson/Github_Repo/Pico/pico-sdk/src/rp2_common/pico_divider/divider.S.obj
                0x0000000010003720                __wrap___aeabi_uidiv
                0x0000000010003720                __wrap___aeabi_uidivmod
                0x0000000010003720                div_u32u32
                0x0000000010003720                divmod_u32u32
                0x0000000010003728                divmod_u32u32_unsafe
                0x0000000010003750                divmod_u32u32_savestate
 .text.__wrap___aeabi_ldiv
                0x000000001000376c      0x434 CMakeFiles/mpu6050_i2c.dir/Users/Tennyson/Github_Repo/Pico/pico-sdk/src/rp2_common/pico_divider/divider.S.obj
                0x000000001000376c                __wrap___aeabi_ldivmod
                0x000000001000376c                div_s64s64
                0x000000001000376c                divmod_s64s64
                0x00000000100037a4                divmod_u64u64
                0x00000000100037a4                div_u64u64
                0x00000000100037a4                __wrap___aeabi_uldivmod
                0x00000000100037b4                divmod_u64u64_savestate
                0x00000000100037dc                divmod_s64s64_unsafe
                0x0000000010003864                divmod_u64u64_unsafe
 .text.__wrap___aeabi_darithmetic
                0x0000000010003ba0       0x80 CMakeFiles/mpu6050_i2c.dir/Users/Tennyson/Github_Repo/Pico/pico-sdk/src/rp2_common/pico_double/double_aeabi.S.obj
                0x0000000010003ba0                __wrap___aeabi_drsub
                0x0000000010003ba6                __wrap___aeabi_dsub
                0x0000000010003bb8                __wrap___aeabi_dadd
                0x0000000010003bca                __wrap___aeabi_ddiv
                0x0000000010003c06                __wrap___aeabi_dmul
 .text.__wrap___aeabi_cdcmple
                0x0000000010003c20       0x6c CMakeFiles/mpu6050_i2c.dir/Users/Tennyson/Github_Repo/Pico/pico-sdk/src/rp2_common/pico_double/double_aeabi.S.obj
                0x0000000010003c20                __wrap___aeabi_cdrcmple
                0x0000000010003c30                __wrap___aeabi_cdcmple
                0x0000000010003c30                __wrap___aeabi_cdcmpeq
 .text.__wrap___aeabi_dcmplt
                0x0000000010003c8c        0xc CMakeFiles/mpu6050_i2c.dir/Users/Tennyson/Github_Repo/Pico/pico-sdk/src/rp2_common/pico_double/double_aeabi.S.obj
                0x0000000010003c8c                __wrap___aeabi_dcmplt
 .text.__wrap___aeabi_dcmple
                0x0000000010003c98       0x10 CMakeFiles/mpu6050_i2c.dir/Users/Tennyson/Github_Repo/Pico/pico-sdk/src/rp2_common/pico_double/double_aeabi.S.obj
                0x0000000010003c98                __wrap___aeabi_dcmple
 .text.__wrap___aeabi_dcmpge
                0x0000000010003ca8       0x10 CMakeFiles/mpu6050_i2c.dir/Users/Tennyson/Github_Repo/Pico/pico-sdk/src/rp2_common/pico_double/double_aeabi.S.obj
                0x0000000010003ca8                __wrap___aeabi_dcmpge
 .text.__wrap___aeabi_dcmpgt
                0x0000000010003cb8        0xa CMakeFiles/mpu6050_i2c.dir/Users/Tennyson/Github_Repo/Pico/pico-sdk/src/rp2_common/pico_double/double_aeabi.S.obj
                0x0000000010003cb8                __wrap___aeabi_dcmpgt
 .text.__wrap___aeabi_dcmpun
                0x0000000010003cc2       0x1c CMakeFiles/mpu6050_i2c.dir/Users/Tennyson/Github_Repo/Pico/pico-sdk/src/rp2_common/pico_double/double_aeabi.S.obj
                0x0000000010003cc2                __wrap___aeabi_dcmpun
 *fill*         0x0000000010003cde        0x2 
 .text.__wrap___aeabi_i2d
                0x0000000010003ce0       0x38 CMakeFiles/mpu6050_i2c.dir/Users/Tennyson/Github_Repo/Pico/pico-sdk/src/rp2_common/pico_double/double_aeabi.S.obj
                0x0000000010003ce0                __wrap___aeabi_ui2d
                0x0000000010003ce8                __wrap___aeabi_i2d
 .text.__wrap___aeabi_d2iz
                0x0000000010003d18       0x48 CMakeFiles/mpu6050_i2c.dir/Users/Tennyson/Github_Repo/Pico/pico-sdk/src/rp2_common/pico_double/double_aeabi.S.obj
                0x0000000010003d18                __wrap___aeabi_d2iz
                0x0000000010003d18                double2int_z
 .text.__wrap___aeabi_d2uiz
                0x0000000010003d60       0x18 CMakeFiles/mpu6050_i2c.dir/Users/Tennyson/Github_Repo/Pico/pico-sdk/src/rp2_common/pico_double/double_aeabi.S.obj
                0x0000000010003d60                double2uint
                0x0000000010003d60                __wrap___aeabi_d2uiz
 .text.__aeabi_double_init
                0x0000000010003d78       0xc8 CMakeFiles/mpu6050_i2c.dir/Users/Tennyson/Github_Repo/Pico/pico-sdk/src/rp2_common/pico_double/double_init_rom.c.obj
                0x0000000010003d78                __aeabi_double_init
 .text.double_table_shim_on_use_helper
                0x0000000010003e40       0x34 CMakeFiles/mpu6050_i2c.dir/Users/Tennyson/Github_Repo/Pico/pico-sdk/src/rp2_common/pico_double/double_v1_rom_shim.S.obj
                0x0000000010003e40                double_table_shim_on_use_helper
 .text.__wrap___aeabi_dsub
                0x0000000010003e74       0x10 CMakeFiles/mpu6050_i2c.dir/Users/Tennyson/Github_Repo/Pico/pico-sdk/src/rp2_common/pico_double/double_v1_rom_shim.S.obj
                0x0000000010003e74                drsub_shim
                0x0000000010003e7a                dsub_shim
 .text.dadd_shim
                0x0000000010003e84      0x15c CMakeFiles/mpu6050_i2c.dir/Users/Tennyson/Github_Repo/Pico/pico-sdk/src/rp2_common/pico_double/double_v1_rom_shim.S.obj
                0x0000000010003e84                dadd_shim
 .text.dmul_shim
                0x0000000010003fe0      0x15c CMakeFiles/mpu6050_i2c.dir/Users/Tennyson/Github_Repo/Pico/pico-sdk/src/rp2_common/pico_double/double_v1_rom_shim.S.obj
                0x0000000010003fe0                dmul_shim
 .text.ddiv_shim
                0x000000001000413c      0x1b0 CMakeFiles/mpu6050_i2c.dir/Users/Tennyson/Github_Repo/Pico/pico-sdk/src/rp2_common/pico_double/double_v1_rom_shim.S.obj
                0x000000001000413c                ddiv_shim
 .text.double2uint_shim
                0x00000000100042ec        0xe CMakeFiles/mpu6050_i2c.dir/Users/Tennyson/Github_Repo/Pico/pico-sdk/src/rp2_common/pico_double/double_v1_rom_shim.S.obj
                0x00000000100042ec                double2uint_shim
                0x00000000100042ee                double2ufix_shim
 *fill*         0x00000000100042fa        0x2 
 .text.double2uint64_shim
                0x00000000100042fc       0x70 CMakeFiles/mpu6050_i2c.dir/Users/Tennyson/Github_Repo/Pico/pico-sdk/src/rp2_common/pico_double/double_v1_rom_shim.S.obj
                0x00000000100042fc                double2uint64_shim
                0x00000000100042fe                double2ufix64_shim
                0x000000001000431e                d2fix_a
 .text.dunpacks
                0x000000001000436c       0x3c CMakeFiles/mpu6050_i2c.dir/Users/Tennyson/Github_Repo/Pico/pico-sdk/src/rp2_common/pico_double/double_v1_rom_shim.S.obj
                0x000000001000436c                dunpacks
 .text.__aeabi_lmul
                0x00000000100043a8       0x32 CMakeFiles/mpu6050_i2c.dir/Users/Tennyson/Github_Repo/Pico/pico-sdk/src/rp2_common/pico_int64_ops/pico_int64_ops_aeabi.S.obj
                0x00000000100043a8                __wrap___aeabi_lmul
 *fill*         0x00000000100043da        0x2 
 .text.__aeabi_float_init
                0x00000000100043dc       0xfc CMakeFiles/mpu6050_i2c.dir/Users/Tennyson/Github_Repo/Pico/pico-sdk/src/rp2_common/pico_float/float_init_rom.c.obj
                0x00000000100043dc                __aeabi_float_init
 .text.float_table_shim_on_use_helper
                0x00000000100044d8       0x34 CMakeFiles/mpu6050_i2c.dir/Users/Tennyson/Github_Repo/Pico/pico-sdk/src/rp2_common/pico_float/float_v1_rom_shim.S.obj
                0x00000000100044d8                float_table_shim_on_use_helper
 .text          0x000000001000450c       0x10 CMakeFiles/mpu6050_i2c.dir/Users/Tennyson/Github_Repo/Pico/pico-sdk/src/rp2_common/pico_mem_ops/mem_ops_aeabi.S.obj
                0x000000001000450c                __aeabi_mem_init
 .text.memset   0x000000001000451c        0xc CMakeFiles/mpu6050_i2c.dir/Users/Tennyson/Github_Repo/Pico/pico-sdk/src/rp2_common/pico_mem_ops/mem_ops_aeabi.S.obj
                0x000000001000451c                __wrap_memset
 .text.memcpy   0x0000000010004528        0xc CMakeFiles/mpu6050_i2c.dir/Users/Tennyson/Github_Repo/Pico/pico-sdk/src/rp2_common/pico_mem_ops/mem_ops_aeabi.S.obj
                0x0000000010004528                __wrap___aeabi_memcpy
                0x0000000010004528                __wrap_memcpy
 .text.stdio_out_chars_no_crlf
                0x0000000010004534        0xe CMakeFiles/mpu6050_i2c.dir/Users/Tennyson/Github_Repo/Pico/pico-sdk/src/rp2_common/pico_stdio/stdio.c.obj
 *fill*         0x0000000010004542        0x2 
 .text.stdio_out_chars_crlf
                0x0000000010004544       0x80 CMakeFiles/mpu6050_i2c.dir/Users/Tennyson/Github_Repo/Pico/pico-sdk/src/rp2_common/pico_stdio/stdio.c.obj
 .text.stdio_stack_buffer_flush
                0x00000000100045c4       0x44 CMakeFiles/mpu6050_i2c.dir/Users/Tennyson/Github_Repo/Pico/pico-sdk/src/rp2_common/pico_stdio/stdio.c.obj
 .text.stdio_buffered_printer
                0x0000000010004608       0x20 CMakeFiles/mpu6050_i2c.dir/Users/Tennyson/Github_Repo/Pico/pico-sdk/src/rp2_common/pico_stdio/stdio.c.obj
 .text.stdout_serialize_begin
                0x0000000010004628       0x30 CMakeFiles/mpu6050_i2c.dir/Users/Tennyson/Github_Repo/Pico/pico-sdk/src/rp2_common/pico_stdio/stdio.c.obj
                0x0000000010004628                stdout_serialize_begin
 .text.stdout_serialize_end
                0x0000000010004658       0x10 CMakeFiles/mpu6050_i2c.dir/Users/Tennyson/Github_Repo/Pico/pico-sdk/src/rp2_common/pico_stdio/stdio.c.obj
                0x0000000010004658                stdout_serialize_end
 .text.stdio_put_string
                0x0000000010004668       0x98 CMakeFiles/mpu6050_i2c.dir/Users/Tennyson/Github_Repo/Pico/pico-sdk/src/rp2_common/pico_stdio/stdio.c.obj
 .text.stdio_set_driver_enabled
                0x0000000010004700       0x2c CMakeFiles/mpu6050_i2c.dir/Users/Tennyson/Github_Repo/Pico/pico-sdk/src/rp2_common/pico_stdio/stdio.c.obj
                0x0000000010004700                stdio_set_driver_enabled
 .text.stdio_flush
                0x000000001000472c       0x20 CMakeFiles/mpu6050_i2c.dir/Users/Tennyson/Github_Repo/Pico/pico-sdk/src/rp2_common/pico_stdio/stdio.c.obj
                0x000000001000472c                stdio_flush
 .text.__wrap_puts
                0x000000001000474c       0x1e CMakeFiles/mpu6050_i2c.dir/Users/Tennyson/Github_Repo/Pico/pico-sdk/src/rp2_common/pico_stdio/stdio.c.obj
                0x000000001000474c                __wrap_puts
 *fill*         0x000000001000476a        0x2 
 .text.__wrap_vprintf
                0x000000001000476c       0x44 CMakeFiles/mpu6050_i2c.dir/Users/Tennyson/Github_Repo/Pico/pico-sdk/src/rp2_common/pico_stdio/stdio.c.obj
                0x000000001000476c                __wrap_vprintf
 .text.__wrap_printf
                0x00000000100047b0       0x18 CMakeFiles/mpu6050_i2c.dir/Users/Tennyson/Github_Repo/Pico/pico-sdk/src/rp2_common/pico_stdio/stdio.c.obj
                0x00000000100047b0                __wrap_printf
 .text.stdio_init_all
                0x00000000100047c8        0x8 CMakeFiles/mpu6050_i2c.dir/Users/Tennyson/Github_Repo/Pico/pico-sdk/src/rp2_common/pico_stdio/stdio.c.obj
                0x00000000100047c8                stdio_init_all
 .text.resetd_init
                0x00000000100047d0        0x2 CMakeFiles/mpu6050_i2c.dir/Users/Tennyson/Github_Repo/Pico/pico-sdk/src/rp2_common/pico_stdio_usb/reset_interface.c.obj
 *fill*         0x00000000100047d2        0x2 
 .text.resetd_reset
                0x00000000100047d4        0xc CMakeFiles/mpu6050_i2c.dir/Users/Tennyson/Github_Repo/Pico/pico-sdk/src/rp2_common/pico_stdio_usb/reset_interface.c.obj
 .text.resetd_open
                0x00000000100047e0       0x34 CMakeFiles/mpu6050_i2c.dir/Users/Tennyson/Github_Repo/Pico/pico-sdk/src/rp2_common/pico_stdio_usb/reset_interface.c.obj
 .text.resetd_xfer_cb
                0x0000000010004814        0x4 CMakeFiles/mpu6050_i2c.dir/Users/Tennyson/Github_Repo/Pico/pico-sdk/src/rp2_common/pico_stdio_usb/reset_interface.c.obj
 .text.reset_usb_boot
                0x0000000010004818       0x18 CMakeFiles/mpu6050_i2c.dir/Users/Tennyson/Github_Repo/Pico/pico-sdk/src/rp2_common/pico_stdio_usb/reset_interface.c.obj
 .text.resetd_control_xfer_cb
                0x0000000010004830       0x5c CMakeFiles/mpu6050_i2c.dir/Users/Tennyson/Github_Repo/Pico/pico-sdk/src/rp2_common/pico_stdio_usb/reset_interface.c.obj
 .text.usbd_app_driver_get_cb
                0x000000001000488c        0xc CMakeFiles/mpu6050_i2c.dir/Users/Tennyson/Github_Repo/Pico/pico-sdk/src/rp2_common/pico_stdio_usb/reset_interface.c.obj
                0x000000001000488c                usbd_app_driver_get_cb
 .text.tud_cdc_line_coding_cb
                0x0000000010004898       0x28 CMakeFiles/mpu6050_i2c.dir/Users/Tennyson/Github_Repo/Pico/pico-sdk/src/rp2_common/pico_stdio_usb/reset_interface.c.obj
                0x0000000010004898                tud_cdc_line_coding_cb
 .text.stdio_usb_in_chars
                0x00000000100048c0       0x70 CMakeFiles/mpu6050_i2c.dir/Users/Tennyson/Github_Repo/Pico/pico-sdk/src/rp2_common/pico_stdio_usb/stdio_usb.c.obj
                0x00000000100048c0                stdio_usb_in_chars
 .text.low_priority_worker_irq
                0x0000000010004930       0x20 CMakeFiles/mpu6050_i2c.dir/Users/Tennyson/Github_Repo/Pico/pico-sdk/src/rp2_common/pico_stdio_usb/stdio_usb.c.obj
 .text.stdio_usb_out_chars
                0x0000000010004950       0xd4 CMakeFiles/mpu6050_i2c.dir/Users/Tennyson/Github_Repo/Pico/pico-sdk/src/rp2_common/pico_stdio_usb/stdio_usb.c.obj
 .text.timer_task
                0x0000000010004a24       0x40 CMakeFiles/mpu6050_i2c.dir/Users/Tennyson/Github_Repo/Pico/pico-sdk/src/rp2_common/pico_stdio_usb/stdio_usb.c.obj
 .text.usb_irq  0x0000000010004a64       0x10 CMakeFiles/mpu6050_i2c.dir/Users/Tennyson/Github_Repo/Pico/pico-sdk/src/rp2_common/pico_stdio_usb/stdio_usb.c.obj
 .text.stdio_usb_init
                0x0000000010004a74       0xec CMakeFiles/mpu6050_i2c.dir/Users/Tennyson/Github_Repo/Pico/pico-sdk/src/rp2_common/pico_stdio_usb/stdio_usb.c.obj
                0x0000000010004a74                stdio_usb_init
 .text.tud_descriptor_device_cb
                0x0000000010004b60        0x8 CMakeFiles/mpu6050_i2c.dir/Users/Tennyson/Github_Repo/Pico/pico-sdk/src/rp2_common/pico_stdio_usb/stdio_usb_descriptors.c.obj
                0x0000000010004b60                tud_descriptor_device_cb
 .text.tud_descriptor_configuration_cb
                0x0000000010004b68        0x8 CMakeFiles/mpu6050_i2c.dir/Users/Tennyson/Github_Repo/Pico/pico-sdk/src/rp2_common/pico_stdio_usb/stdio_usb_descriptors.c.obj
                0x0000000010004b68                tud_descriptor_configuration_cb
 .text.tud_descriptor_string_cb
                0x0000000010004b70       0x6c CMakeFiles/mpu6050_i2c.dir/Users/Tennyson/Github_Repo/Pico/pico-sdk/src/rp2_common/pico_stdio_usb/stdio_usb_descriptors.c.obj
                0x0000000010004b70                tud_descriptor_string_cb
 .text.hw_endpoint_get_by_addr
                0x0000000010004bdc       0x18 CMakeFiles/mpu6050_i2c.dir/Users/Tennyson/Github_Repo/Pico/pico-sdk/lib/tinyusb/src/portable/raspberrypi/rp2040/dcd_rp2040.c.obj
 .text.reset_ep0_pid
                0x0000000010004bf4       0x28 CMakeFiles/mpu6050_i2c.dir/Users/Tennyson/Github_Repo/Pico/pico-sdk/lib/tinyusb/src/portable/raspberrypi/rp2040/dcd_rp2040.c.obj
 .text._hw_endpoint_alloc
                0x0000000010004c1c       0x70 CMakeFiles/mpu6050_i2c.dir/Users/Tennyson/Github_Repo/Pico/pico-sdk/lib/tinyusb/src/portable/raspberrypi/rp2040/dcd_rp2040.c.obj
 .text.hw_endpoint_init
                0x0000000010004c8c       0x88 CMakeFiles/mpu6050_i2c.dir/Users/Tennyson/Github_Repo/Pico/pico-sdk/lib/tinyusb/src/portable/raspberrypi/rp2040/dcd_rp2040.c.obj
 .text.reset_non_control_endpoints
                0x0000000010004d14       0x40 CMakeFiles/mpu6050_i2c.dir/Users/Tennyson/Github_Repo/Pico/pico-sdk/lib/tinyusb/src/portable/raspberrypi/rp2040/dcd_rp2040.c.obj
 .text.hw_handle_buff_status
                0x0000000010004d54       0x8c CMakeFiles/mpu6050_i2c.dir/Users/Tennyson/Github_Repo/Pico/pico-sdk/lib/tinyusb/src/portable/raspberrypi/rp2040/dcd_rp2040.c.obj
 .text.dcd_rp2040_irq
                0x0000000010004de0       0xc0 CMakeFiles/mpu6050_i2c.dir/Users/Tennyson/Github_Repo/Pico/pico-sdk/lib/tinyusb/src/portable/raspberrypi/rp2040/dcd_rp2040.c.obj
 .text.hw_endpoint_xfer
                0x0000000010004ea0       0x14 CMakeFiles/mpu6050_i2c.dir/Users/Tennyson/Github_Repo/Pico/pico-sdk/lib/tinyusb/src/portable/raspberrypi/rp2040/dcd_rp2040.c.obj
 .text.dcd_int_enable
                0x0000000010004eb4       0x2c CMakeFiles/mpu6050_i2c.dir/Users/Tennyson/Github_Repo/Pico/pico-sdk/lib/tinyusb/src/portable/raspberrypi/rp2040/dcd_rp2040.c.obj
                0x0000000010004eb4                dcd_int_enable
 .text.dcd_set_address
                0x0000000010004ee0       0x2c CMakeFiles/mpu6050_i2c.dir/Users/Tennyson/Github_Repo/Pico/pico-sdk/lib/tinyusb/src/portable/raspberrypi/rp2040/dcd_rp2040.c.obj
                0x0000000010004ee0                dcd_set_address
 .text.dcd_connect
                0x0000000010004f0c       0x10 CMakeFiles/mpu6050_i2c.dir/Users/Tennyson/Github_Repo/Pico/pico-sdk/lib/tinyusb/src/portable/raspberrypi/rp2040/dcd_rp2040.c.obj
                0x0000000010004f0c                dcd_connect
 .text.dcd_init
                0x0000000010004f1c       0x7c CMakeFiles/mpu6050_i2c.dir/Users/Tennyson/Github_Repo/Pico/pico-sdk/lib/tinyusb/src/portable/raspberrypi/rp2040/dcd_rp2040.c.obj
                0x0000000010004f1c                dcd_init
 .text.dcd_edpt0_status_complete
                0x0000000010004f98       0x1c CMakeFiles/mpu6050_i2c.dir/Users/Tennyson/Github_Repo/Pico/pico-sdk/lib/tinyusb/src/portable/raspberrypi/rp2040/dcd_rp2040.c.obj
                0x0000000010004f98                dcd_edpt0_status_complete
 .text.dcd_edpt_open
                0x0000000010004fb4       0x40 CMakeFiles/mpu6050_i2c.dir/Users/Tennyson/Github_Repo/Pico/pico-sdk/lib/tinyusb/src/portable/raspberrypi/rp2040/dcd_rp2040.c.obj
                0x0000000010004fb4                dcd_edpt_open
 .text.dcd_edpt_close_all
                0x0000000010004ff4        0x8 CMakeFiles/mpu6050_i2c.dir/Users/Tennyson/Github_Repo/Pico/pico-sdk/lib/tinyusb/src/portable/raspberrypi/rp2040/dcd_rp2040.c.obj
                0x0000000010004ff4                dcd_edpt_close_all
 .text.dcd_edpt_xfer
                0x0000000010004ffc       0x30 CMakeFiles/mpu6050_i2c.dir/Users/Tennyson/Github_Repo/Pico/pico-sdk/lib/tinyusb/src/portable/raspberrypi/rp2040/dcd_rp2040.c.obj
                0x0000000010004ffc                dcd_edpt_xfer
 .text.dcd_edpt_stall
                0x000000001000502c       0x2c CMakeFiles/mpu6050_i2c.dir/Users/Tennyson/Github_Repo/Pico/pico-sdk/lib/tinyusb/src/portable/raspberrypi/rp2040/dcd_rp2040.c.obj
                0x000000001000502c                dcd_edpt_stall
 .text.dcd_edpt_clear_stall
                0x0000000010005058       0x20 CMakeFiles/mpu6050_i2c.dir/Users/Tennyson/Github_Repo/Pico/pico-sdk/lib/tinyusb/src/portable/raspberrypi/rp2040/dcd_rp2040.c.obj
                0x0000000010005058                dcd_edpt_clear_stall
 .text.prepare_ep_buffer
                0x0000000010005078       0x70 CMakeFiles/mpu6050_i2c.dir/Users/Tennyson/Github_Repo/Pico/pico-sdk/lib/tinyusb/src/portable/raspberrypi/rp2040/rp2040_usb.c.obj
 .text.sync_ep_buffer
                0x00000000100050e8       0x7c CMakeFiles/mpu6050_i2c.dir/Users/Tennyson/Github_Repo/Pico/pico-sdk/lib/tinyusb/src/portable/raspberrypi/rp2040/rp2040_usb.c.obj
 .text._hw_endpoint_xfer_sync
                0x0000000010005164       0x28 CMakeFiles/mpu6050_i2c.dir/Users/Tennyson/Github_Repo/Pico/pico-sdk/lib/tinyusb/src/portable/raspberrypi/rp2040/rp2040_usb.c.obj
 .text.rp2040_usb_init
                0x000000001000518c       0x4c CMakeFiles/mpu6050_i2c.dir/Users/Tennyson/Github_Repo/Pico/pico-sdk/lib/tinyusb/src/portable/raspberrypi/rp2040/rp2040_usb.c.obj
                0x000000001000518c                rp2040_usb_init
 .text.hw_endpoint_reset_transfer
                0x00000000100051d8        0xc CMakeFiles/mpu6050_i2c.dir/Users/Tennyson/Github_Repo/Pico/pico-sdk/lib/tinyusb/src/portable/raspberrypi/rp2040/rp2040_usb.c.obj
                0x00000000100051d8                hw_endpoint_reset_transfer
 .text._hw_endpoint_buffer_control_update32
                0x00000000100051e4       0x58 CMakeFiles/mpu6050_i2c.dir/Users/Tennyson/Github_Repo/Pico/pico-sdk/lib/tinyusb/src/portable/raspberrypi/rp2040/rp2040_usb.c.obj
                0x00000000100051e4                _hw_endpoint_buffer_control_update32
 .text._hw_endpoint_start_next_buffer
                0x000000001000523c       0x74 CMakeFiles/mpu6050_i2c.dir/Users/Tennyson/Github_Repo/Pico/pico-sdk/lib/tinyusb/src/portable/raspberrypi/rp2040/rp2040_usb.c.obj
 .text.hw_endpoint_xfer_start
                0x00000000100052b0       0x48 CMakeFiles/mpu6050_i2c.dir/Users/Tennyson/Github_Repo/Pico/pico-sdk/lib/tinyusb/src/portable/raspberrypi/rp2040/rp2040_usb.c.obj
                0x00000000100052b0                hw_endpoint_xfer_start
 .text.hw_endpoint_xfer_continue
                0x00000000100052f8       0x38 CMakeFiles/mpu6050_i2c.dir/Users/Tennyson/Github_Repo/Pico/pico-sdk/lib/tinyusb/src/portable/raspberrypi/rp2040/rp2040_usb.c.obj
                0x00000000100052f8                hw_endpoint_xfer_continue
 .text.configuration_reset
                0x0000000010005330       0x84 CMakeFiles/mpu6050_i2c.dir/Users/Tennyson/Github_Repo/Pico/pico-sdk/lib/tinyusb/src/device/usbd.c.obj
 .text.usbd_reset
                0x00000000100053b4        0xc CMakeFiles/mpu6050_i2c.dir/Users/Tennyson/Github_Repo/Pico/pico-sdk/lib/tinyusb/src/device/usbd.c.obj
 .text.invoke_class_control
                0x00000000100053c0       0x1a CMakeFiles/mpu6050_i2c.dir/Users/Tennyson/Github_Repo/Pico/pico-sdk/lib/tinyusb/src/device/usbd.c.obj
 *fill*         0x00000000100053da        0x2 
 .text.process_set_config
                0x00000000100053dc      0x1b0 CMakeFiles/mpu6050_i2c.dir/Users/Tennyson/Github_Repo/Pico/pico-sdk/lib/tinyusb/src/device/usbd.c.obj
 .text.process_get_descriptor
                0x000000001000558c       0xec CMakeFiles/mpu6050_i2c.dir/Users/Tennyson/Github_Repo/Pico/pico-sdk/lib/tinyusb/src/device/usbd.c.obj
 .text.tud_mounted
                0x0000000010005678       0x10 CMakeFiles/mpu6050_i2c.dir/Users/Tennyson/Github_Repo/Pico/pico-sdk/lib/tinyusb/src/device/usbd.c.obj
                0x0000000010005678                tud_mounted
 .text.tud_suspended
                0x0000000010005688       0x10 CMakeFiles/mpu6050_i2c.dir/Users/Tennyson/Github_Repo/Pico/pico-sdk/lib/tinyusb/src/device/usbd.c.obj
                0x0000000010005688                tud_suspended
 .text.tud_inited
                0x0000000010005698        0xc CMakeFiles/mpu6050_i2c.dir/Users/Tennyson/Github_Repo/Pico/pico-sdk/lib/tinyusb/src/device/usbd.c.obj
                0x0000000010005698                tud_inited
 .text.tud_init
                0x00000000100056a4       0xcc CMakeFiles/mpu6050_i2c.dir/Users/Tennyson/Github_Repo/Pico/pico-sdk/lib/tinyusb/src/device/usbd.c.obj
                0x00000000100056a4                tud_init
 .text.dcd_event_handler
                0x0000000010005770      0x1e0 CMakeFiles/mpu6050_i2c.dir/Users/Tennyson/Github_Repo/Pico/pico-sdk/lib/tinyusb/src/device/usbd.c.obj
                0x0000000010005770                dcd_event_handler
 .text.dcd_event_bus_signal
                0x0000000010005950       0x26 CMakeFiles/mpu6050_i2c.dir/Users/Tennyson/Github_Repo/Pico/pico-sdk/lib/tinyusb/src/device/usbd.c.obj
                0x0000000010005950                dcd_event_bus_signal
 .text.dcd_event_bus_reset
                0x0000000010005976       0x2a CMakeFiles/mpu6050_i2c.dir/Users/Tennyson/Github_Repo/Pico/pico-sdk/lib/tinyusb/src/device/usbd.c.obj
                0x0000000010005976                dcd_event_bus_reset
 .text.dcd_event_setup_received
                0x00000000100059a0       0x34 CMakeFiles/mpu6050_i2c.dir/Users/Tennyson/Github_Repo/Pico/pico-sdk/lib/tinyusb/src/device/usbd.c.obj
                0x00000000100059a0                dcd_event_setup_received
 .text.dcd_event_xfer_complete
                0x00000000100059d4       0x44 CMakeFiles/mpu6050_i2c.dir/Users/Tennyson/Github_Repo/Pico/pico-sdk/lib/tinyusb/src/device/usbd.c.obj
                0x00000000100059d4                dcd_event_xfer_complete
 .text.usbd_edpt_open
                0x0000000010005a18       0x58 CMakeFiles/mpu6050_i2c.dir/Users/Tennyson/Github_Repo/Pico/pico-sdk/lib/tinyusb/src/device/usbd.c.obj
                0x0000000010005a18                usbd_edpt_open
 .text.usbd_open_edpt_pair
                0x0000000010005a70       0x8c CMakeFiles/mpu6050_i2c.dir/Users/Tennyson/Github_Repo/Pico/pico-sdk/lib/tinyusb/src/device/usbd.c.obj
                0x0000000010005a70                usbd_open_edpt_pair
 .text.usbd_edpt_claim
                0x0000000010005afc       0x8c CMakeFiles/mpu6050_i2c.dir/Users/Tennyson/Github_Repo/Pico/pico-sdk/lib/tinyusb/src/device/usbd.c.obj
                0x0000000010005afc                usbd_edpt_claim
 .text.usbd_edpt_release
                0x0000000010005b88       0x68 CMakeFiles/mpu6050_i2c.dir/Users/Tennyson/Github_Repo/Pico/pico-sdk/lib/tinyusb/src/device/usbd.c.obj
                0x0000000010005b88                usbd_edpt_release
 .text.usbd_edpt_xfer
                0x0000000010005bf0       0x80 CMakeFiles/mpu6050_i2c.dir/Users/Tennyson/Github_Repo/Pico/pico-sdk/lib/tinyusb/src/device/usbd.c.obj
                0x0000000010005bf0                usbd_edpt_xfer
 .text.usbd_edpt_stall
                0x0000000010005c70       0x40 CMakeFiles/mpu6050_i2c.dir/Users/Tennyson/Github_Repo/Pico/pico-sdk/lib/tinyusb/src/device/usbd.c.obj
                0x0000000010005c70                usbd_edpt_stall
 .text.usbd_edpt_clear_stall
                0x0000000010005cb0       0x40 CMakeFiles/mpu6050_i2c.dir/Users/Tennyson/Github_Repo/Pico/pico-sdk/lib/tinyusb/src/device/usbd.c.obj
                0x0000000010005cb0                usbd_edpt_clear_stall
 .text.usbd_edpt_stalled
                0x0000000010005cf0       0x1c CMakeFiles/mpu6050_i2c.dir/Users/Tennyson/Github_Repo/Pico/pico-sdk/lib/tinyusb/src/device/usbd.c.obj
                0x0000000010005cf0                usbd_edpt_stalled
 .text.process_control_request
                0x0000000010005d0c      0x3b8 CMakeFiles/mpu6050_i2c.dir/Users/Tennyson/Github_Repo/Pico/pico-sdk/lib/tinyusb/src/device/usbd.c.obj
 .text.tud_task
                0x00000000100060c4      0x218 CMakeFiles/mpu6050_i2c.dir/Users/Tennyson/Github_Repo/Pico/pico-sdk/lib/tinyusb/src/device/usbd.c.obj
                0x00000000100060c4                tud_task
 .text._data_stage_xact
                0x00000000100062dc       0x58 CMakeFiles/mpu6050_i2c.dir/Users/Tennyson/Github_Repo/Pico/pico-sdk/lib/tinyusb/src/device/usbd_control.c.obj
 .text.tud_control_status
                0x0000000010006334       0x38 CMakeFiles/mpu6050_i2c.dir/Users/Tennyson/Github_Repo/Pico/pico-sdk/lib/tinyusb/src/device/usbd_control.c.obj
                0x0000000010006334                tud_control_status
 .text.tud_control_xfer
                0x000000001000636c       0xa8 CMakeFiles/mpu6050_i2c.dir/Users/Tennyson/Github_Repo/Pico/pico-sdk/lib/tinyusb/src/device/usbd_control.c.obj
                0x000000001000636c                tud_control_xfer
 .text.usbd_control_reset
                0x0000000010006414       0x14 CMakeFiles/mpu6050_i2c.dir/Users/Tennyson/Github_Repo/Pico/pico-sdk/lib/tinyusb/src/device/usbd_control.c.obj
                0x0000000010006414                usbd_control_reset
 .text.usbd_control_set_complete_callback
                0x0000000010006428        0xc CMakeFiles/mpu6050_i2c.dir/Users/Tennyson/Github_Repo/Pico/pico-sdk/lib/tinyusb/src/device/usbd_control.c.obj
                0x0000000010006428                usbd_control_set_complete_callback
 .text.usbd_control_set_request
                0x0000000010006434       0x1c CMakeFiles/mpu6050_i2c.dir/Users/Tennyson/Github_Repo/Pico/pico-sdk/lib/tinyusb/src/device/usbd_control.c.obj
                0x0000000010006434                usbd_control_set_request
 .text.usbd_control_xfer_cb
                0x0000000010006450       0xfc CMakeFiles/mpu6050_i2c.dir/Users/Tennyson/Github_Repo/Pico/pico-sdk/lib/tinyusb/src/device/usbd_control.c.obj
                0x0000000010006450                usbd_control_xfer_cb
 .text._prep_out_transaction
                0x000000001000654c       0x46 CMakeFiles/mpu6050_i2c.dir/Users/Tennyson/Github_Repo/Pico/pico-sdk/lib/tinyusb/src/class/cdc/cdc_device.c.obj
 *fill*         0x0000000010006592        0x2 
 .text.tud_cdc_n_connected
                0x0000000010006594       0x44 CMakeFiles/mpu6050_i2c.dir/Users/Tennyson/Github_Repo/Pico/pico-sdk/lib/tinyusb/src/class/cdc/cdc_device.c.obj
                0x0000000010006594                tud_cdc_n_connected
 .text.tud_cdc_n_available
                0x00000000100065d8       0x18 CMakeFiles/mpu6050_i2c.dir/Users/Tennyson/Github_Repo/Pico/pico-sdk/lib/tinyusb/src/class/cdc/cdc_device.c.obj
                0x00000000100065d8                tud_cdc_n_available
 .text.tud_cdc_n_read
                0x00000000100065f0       0x28 CMakeFiles/mpu6050_i2c.dir/Users/Tennyson/Github_Repo/Pico/pico-sdk/lib/tinyusb/src/class/cdc/cdc_device.c.obj
                0x00000000100065f0                tud_cdc_n_read
 .text.tud_cdc_n_write_flush
                0x0000000010006618       0xcc CMakeFiles/mpu6050_i2c.dir/Users/Tennyson/Github_Repo/Pico/pico-sdk/lib/tinyusb/src/class/cdc/cdc_device.c.obj
                0x0000000010006618                tud_cdc_n_write_flush
 .text.tud_cdc_n_write
                0x00000000100066e4       0x38 CMakeFiles/mpu6050_i2c.dir/Users/Tennyson/Github_Repo/Pico/pico-sdk/lib/tinyusb/src/class/cdc/cdc_device.c.obj
                0x00000000100066e4                tud_cdc_n_write
 .text.tud_cdc_n_write_available
                0x000000001000671c       0x1c CMakeFiles/mpu6050_i2c.dir/Users/Tennyson/Github_Repo/Pico/pico-sdk/lib/tinyusb/src/class/cdc/cdc_device.c.obj
                0x000000001000671c                tud_cdc_n_write_available
 .text.cdcd_init
                0x0000000010006738       0xbc CMakeFiles/mpu6050_i2c.dir/Users/Tennyson/Github_Repo/Pico/pico-sdk/lib/tinyusb/src/class/cdc/cdc_device.c.obj
                0x0000000010006738                cdcd_init
 .text.cdcd_reset
                0x00000000100067f4       0x44 CMakeFiles/mpu6050_i2c.dir/Users/Tennyson/Github_Repo/Pico/pico-sdk/lib/tinyusb/src/class/cdc/cdc_device.c.obj
                0x00000000100067f4                cdcd_reset
 .text.cdcd_open
                0x0000000010006838       0xf8 CMakeFiles/mpu6050_i2c.dir/Users/Tennyson/Github_Repo/Pico/pico-sdk/lib/tinyusb/src/class/cdc/cdc_device.c.obj
                0x0000000010006838                cdcd_open
 .text.cdcd_control_xfer_cb
                0x0000000010006930      0x134 CMakeFiles/mpu6050_i2c.dir/Users/Tennyson/Github_Repo/Pico/pico-sdk/lib/tinyusb/src/class/cdc/cdc_device.c.obj
                0x0000000010006930                cdcd_control_xfer_cb
 .text.cdcd_xfer_cb
                0x0000000010006a64      0x144 CMakeFiles/mpu6050_i2c.dir/Users/Tennyson/Github_Repo/Pico/pico-sdk/lib/tinyusb/src/class/cdc/cdc_device.c.obj
                0x0000000010006a64                cdcd_xfer_cb
 .text.tusb_init
                0x0000000010006ba8       0x24 CMakeFiles/mpu6050_i2c.dir/Users/Tennyson/Github_Repo/Pico/pico-sdk/lib/tinyusb/src/tusb.c.obj
                0x0000000010006ba8                tusb_init
 .text.tusb_inited
                0x0000000010006bcc        0xe CMakeFiles/mpu6050_i2c.dir/Users/Tennyson/Github_Repo/Pico/pico-sdk/lib/tinyusb/src/tusb.c.obj
                0x0000000010006bcc                tusb_inited
 *fill*         0x0000000010006bda        0x2 
 .text.tu_edpt_validate
                0x0000000010006bdc       0xa8 CMakeFiles/mpu6050_i2c.dir/Users/Tennyson/Github_Repo/Pico/pico-sdk/lib/tinyusb/src/tusb.c.obj
                0x0000000010006bdc                tu_edpt_validate
 .text.tu_edpt_bind_driver
                0x0000000010006c84       0x2a CMakeFiles/mpu6050_i2c.dir/Users/Tennyson/Github_Repo/Pico/pico-sdk/lib/tinyusb/src/tusb.c.obj
                0x0000000010006c84                tu_edpt_bind_driver
 .text.advance_pointer
                0x0000000010006cae       0x18 CMakeFiles/mpu6050_i2c.dir/Users/Tennyson/Github_Repo/Pico/pico-sdk/lib/tinyusb/src/common/tusb_fifo.c.obj
 .text.backward_pointer
                0x0000000010006cc6       0x1e CMakeFiles/mpu6050_i2c.dir/Users/Tennyson/Github_Repo/Pico/pico-sdk/lib/tinyusb/src/common/tusb_fifo.c.obj
 .text.get_relative_pointer
                0x0000000010006ce4       0x10 CMakeFiles/mpu6050_i2c.dir/Users/Tennyson/Github_Repo/Pico/pico-sdk/lib/tinyusb/src/common/tusb_fifo.c.obj
 .text._tu_fifo_peek
                0x0000000010006cf4       0x50 CMakeFiles/mpu6050_i2c.dir/Users/Tennyson/Github_Repo/Pico/pico-sdk/lib/tinyusb/src/common/tusb_fifo.c.obj
 .text._ff_pull_const_addr
                0x0000000010006d44       0x4c CMakeFiles/mpu6050_i2c.dir/Users/Tennyson/Github_Repo/Pico/pico-sdk/lib/tinyusb/src/common/tusb_fifo.c.obj
 .text._ff_pull_n
                0x0000000010006d90      0x10c CMakeFiles/mpu6050_i2c.dir/Users/Tennyson/Github_Repo/Pico/pico-sdk/lib/tinyusb/src/common/tusb_fifo.c.obj
 .text._tu_fifo_peek_n
                0x0000000010006e9c       0x5e CMakeFiles/mpu6050_i2c.dir/Users/Tennyson/Github_Repo/Pico/pico-sdk/lib/tinyusb/src/common/tusb_fifo.c.obj
 .text._tu_fifo_read_n
                0x0000000010006efa       0x4e CMakeFiles/mpu6050_i2c.dir/Users/Tennyson/Github_Repo/Pico/pico-sdk/lib/tinyusb/src/common/tusb_fifo.c.obj
 .text._ff_push_const_addr
                0x0000000010006f48       0x40 CMakeFiles/mpu6050_i2c.dir/Users/Tennyson/Github_Repo/Pico/pico-sdk/lib/tinyusb/src/common/tusb_fifo.c.obj
 .text._ff_push_n
                0x0000000010006f88      0x108 CMakeFiles/mpu6050_i2c.dir/Users/Tennyson/Github_Repo/Pico/pico-sdk/lib/tinyusb/src/common/tusb_fifo.c.obj
 .text._tu_fifo_write_n
                0x0000000010007090       0x9e CMakeFiles/mpu6050_i2c.dir/Users/Tennyson/Github_Repo/Pico/pico-sdk/lib/tinyusb/src/common/tusb_fifo.c.obj
 .text.tu_fifo_config
                0x000000001000712e       0x72 CMakeFiles/mpu6050_i2c.dir/Users/Tennyson/Github_Repo/Pico/pico-sdk/lib/tinyusb/src/common/tusb_fifo.c.obj
                0x000000001000712e                tu_fifo_config
 .text.tu_fifo_count
                0x00000000100071a0       0x26 CMakeFiles/mpu6050_i2c.dir/Users/Tennyson/Github_Repo/Pico/pico-sdk/lib/tinyusb/src/common/tusb_fifo.c.obj
                0x00000000100071a0                tu_fifo_count
 .text.tu_fifo_empty
                0x00000000100071c6       0x10 CMakeFiles/mpu6050_i2c.dir/Users/Tennyson/Github_Repo/Pico/pico-sdk/lib/tinyusb/src/common/tusb_fifo.c.obj
                0x00000000100071c6                tu_fifo_empty
 .text.tu_fifo_remaining
                0x00000000100071d6       0x20 CMakeFiles/mpu6050_i2c.dir/Users/Tennyson/Github_Repo/Pico/pico-sdk/lib/tinyusb/src/common/tusb_fifo.c.obj
                0x00000000100071d6                tu_fifo_remaining
 .text.tu_fifo_read
                0x00000000100071f6       0x42 CMakeFiles/mpu6050_i2c.dir/Users/Tennyson/Github_Repo/Pico/pico-sdk/lib/tinyusb/src/common/tusb_fifo.c.obj
                0x00000000100071f6                tu_fifo_read
 .text.tu_fifo_read_n
                0x0000000010007238        0xa CMakeFiles/mpu6050_i2c.dir/Users/Tennyson/Github_Repo/Pico/pico-sdk/lib/tinyusb/src/common/tusb_fifo.c.obj
                0x0000000010007238                tu_fifo_read_n
 .text.tu_fifo_write
                0x0000000010007242       0x6c CMakeFiles/mpu6050_i2c.dir/Users/Tennyson/Github_Repo/Pico/pico-sdk/lib/tinyusb/src/common/tusb_fifo.c.obj
                0x0000000010007242                tu_fifo_write
 .text.tu_fifo_write_n
                0x00000000100072ae        0xa CMakeFiles/mpu6050_i2c.dir/Users/Tennyson/Github_Repo/Pico/pico-sdk/lib/tinyusb/src/common/tusb_fifo.c.obj
                0x00000000100072ae                tu_fifo_write_n
 .text.tu_fifo_clear
                0x00000000100072b8       0x4c CMakeFiles/mpu6050_i2c.dir/Users/Tennyson/Github_Repo/Pico/pico-sdk/lib/tinyusb/src/common/tusb_fifo.c.obj
                0x00000000100072b8                tu_fifo_clear
 .text.tu_fifo_set_overwritable
                0x0000000010007304       0x3c CMakeFiles/mpu6050_i2c.dir/Users/Tennyson/Github_Repo/Pico/pico-sdk/lib/tinyusb/src/common/tusb_fifo.c.obj
                0x0000000010007304                tu_fifo_set_overwritable
 .text._retrieve_unique_id_on_boot
                0x0000000010007340       0x10 CMakeFiles/mpu6050_i2c.dir/Users/Tennyson/Github_Repo/Pico/pico-sdk/src/rp2_common/pico_unique_id/unique_id.c.obj
 .text.pico_get_unique_board_id_string
                0x0000000010007350       0x60 CMakeFiles/mpu6050_i2c.dir/Users/Tennyson/Github_Repo/Pico/pico-sdk/src/rp2_common/pico_unique_id/unique_id.c.obj
                0x0000000010007350                pico_get_unique_board_id_string
 .text.flash_get_unique_id
                0x00000000100073b0       0x46 CMakeFiles/mpu6050_i2c.dir/Users/Tennyson/Github_Repo/Pico/pico-sdk/src/rp2_common/hardware_flash/flash.c.obj
                0x00000000100073b0                flash_get_unique_id
 .text.i2c_write_blocking_internal
                0x00000000100073f6      0x140 CMakeFiles/mpu6050_i2c.dir/Users/Tennyson/Github_Repo/Pico/pico-sdk/src/rp2_common/hardware_i2c/i2c.c.obj
 .text.i2c_read_blocking_internal
                0x0000000010007536       0xe6 CMakeFiles/mpu6050_i2c.dir/Users/Tennyson/Github_Repo/Pico/pico-sdk/src/rp2_common/hardware_i2c/i2c.c.obj
 .text.i2c_set_baudrate
                0x000000001000761c       0xf0 CMakeFiles/mpu6050_i2c.dir/Users/Tennyson/Github_Repo/Pico/pico-sdk/src/rp2_common/hardware_i2c/i2c.c.obj
                0x000000001000761c                i2c_set_baudrate
 .text.i2c_init
                0x000000001000770c       0x58 CMakeFiles/mpu6050_i2c.dir/Users/Tennyson/Github_Repo/Pico/pico-sdk/src/rp2_common/hardware_i2c/i2c.c.obj
                0x000000001000770c                i2c_init
 .text.i2c_write_blocking
                0x0000000010007764       0x18 CMakeFiles/mpu6050_i2c.dir/Users/Tennyson/Github_Repo/Pico/pico-sdk/src/rp2_common/hardware_i2c/i2c.c.obj
                0x0000000010007764                i2c_write_blocking
 .text.i2c_read_blocking
                0x000000001000777c       0x18 CMakeFiles/mpu6050_i2c.dir/Users/Tennyson/Github_Repo/Pico/pico-sdk/src/rp2_common/hardware_i2c/i2c.c.obj
                0x000000001000777c                i2c_read_blocking
 .text.strlen   0x0000000010007794       0x5c /opt/homebrew/Cellar/arm-none-eabi-gcc/10.3-2021.07/gcc/bin/../lib/gcc/arm-none-eabi/10.3.1/../../../../arm-none-eabi/lib/thumb/v6-m/nofp/libg.a(lib_a-strlen-stub.o)
                0x0000000010007794                strlen
 *(.fini)
 .fini          0x00000000100077f0        0x4 /opt/homebrew/Cellar/arm-none-eabi-gcc/10.3-2021.07/gcc/bin/../lib/gcc/arm-none-eabi/10.3.1/thumb/v6-m/nofp/crti.o
                0x00000000100077f0                _fini
 *fill*         0x00000000100077f4        0x4 
 .fini.__stub   0x00000000100077f8       0x70 linker stubs
 *crtbegin.o(.ctors)
 *crtbegin?.o(.ctors)
 *(EXCLUDE_FILE(*crtend.o *crtend?.o) .ctors)
 *(SORT_BY_NAME(.ctors.*))
 *(.ctors)
 *crtbegin.o(.dtors)
 *crtbegin?.o(.dtors)
 *(EXCLUDE_FILE(*crtend.o *crtend?.o) .dtors)
 *(SORT_BY_NAME(.dtors.*))
 *(.dtors)
 *(.eh_frame*)
 .eh_frame      0x0000000010007868        0x0 /opt/homebrew/Cellar/arm-none-eabi-gcc/10.3-2021.07/gcc/bin/../lib/gcc/arm-none-eabi/10.3.1/thumb/v6-m/nofp/crtbegin.o
                0x0000000010007868                . = ALIGN (0x4)

.glue_7         0x0000000010007868        0x0
 .glue_7        0x0000000010007868        0x0 linker stubs

.glue_7t        0x0000000010007868        0x0
 .glue_7t       0x0000000010007868        0x0 linker stubs

.vfp11_veneer   0x0000000010007868        0x0
 .vfp11_veneer  0x0000000010007868        0x0 linker stubs

.v4_bx          0x0000000010007868        0x0
 .v4_bx         0x0000000010007868        0x0 linker stubs

.iplt           0x0000000010007868        0x0
 .iplt          0x0000000010007868        0x0 /opt/homebrew/Cellar/arm-none-eabi-gcc/10.3-2021.07/gcc/bin/../lib/gcc/arm-none-eabi/10.3.1/thumb/v6-m/nofp/crtbegin.o

.rodata         0x0000000010007868     0x1920
 *(EXCLUDE_FILE(*libm.a: *libc.a:*lib_a-mem*.o *libgcc.a:) .rodata*)
 .rodata.main.str1.4
                0x0000000010007868       0x7a CMakeFiles/mpu6050_i2c.dir/mpu6050_i2c.c.obj
 *fill*         0x00000000100078e2        0x2 
 .rodata.__bi_95.0
                0x00000000100078e4        0x8 CMakeFiles/mpu6050_i2c.dir/mpu6050_i2c.c.obj
 .rodata.spin_lock_claim_unused.str1.4
                0x00000000100078ec       0x1b CMakeFiles/mpu6050_i2c.dir/Users/Tennyson/Github_Repo/Pico/pico-sdk/src/rp2_common/hardware_sync/sync.c.obj
 *fill*         0x0000000010007907        0x1 
 .rodata.make_branch.str1.4
                0x0000000010007908       0x7c CMakeFiles/mpu6050_i2c.dir/Users/Tennyson/Github_Repo/Pico/pico-sdk/src/rp2_common/hardware_irq/irq.c.obj
 .rodata.insert_branch_and_link.str1.4
                0x0000000010007984       0x10 CMakeFiles/mpu6050_i2c.dir/Users/Tennyson/Github_Repo/Pico/pico-sdk/src/rp2_common/hardware_irq/irq.c.obj
 .rodata.irq_set_exclusive_handler.str1.4
                0x0000000010007994       0x36 CMakeFiles/mpu6050_i2c.dir/Users/Tennyson/Github_Repo/Pico/pico-sdk/src/rp2_common/hardware_irq/irq.c.obj
 *fill*         0x00000000100079ca        0x2 
 .rodata.irq_add_shared_handler.str1.4
                0x00000000100079cc       0xd9 CMakeFiles/mpu6050_i2c.dir/Users/Tennyson/Github_Repo/Pico/pico-sdk/src/rp2_common/hardware_irq/irq.c.obj
 *fill*         0x0000000010007aa5        0x3 
 .rodata.irq_remove_handler.str1.4
                0x0000000010007aa8       0x2a CMakeFiles/mpu6050_i2c.dir/Users/Tennyson/Github_Repo/Pico/pico-sdk/src/rp2_common/hardware_irq/irq.c.obj
 *fill*         0x0000000010007ad2        0x2 
 .rodata.irq_add_tail_to_free_list.str1.4
                0x0000000010007ad4       0x3a CMakeFiles/mpu6050_i2c.dir/Users/Tennyson/Github_Repo/Pico/pico-sdk/src/rp2_common/hardware_irq/irq.c.obj
 *fill*         0x0000000010007b0e        0x2 
 .rodata.user_irq_claim_unused.str1.4
                0x0000000010007b10       0x1b CMakeFiles/mpu6050_i2c.dir/Users/Tennyson/Github_Repo/Pico/pico-sdk/src/rp2_common/hardware_irq/irq.c.obj
 *fill*         0x0000000010007b2b        0x1 
 .rodata.__func__.0
                0x0000000010007b2c       0x1a CMakeFiles/mpu6050_i2c.dir/Users/Tennyson/Github_Repo/Pico/pico-sdk/src/rp2_common/hardware_irq/irq.c.obj
 *fill*         0x0000000010007b46        0x2 
 .rodata.__func__.1
                0x0000000010007b48       0x17 CMakeFiles/mpu6050_i2c.dir/Users/Tennyson/Github_Repo/Pico/pico-sdk/src/rp2_common/hardware_irq/irq.c.obj
 *fill*         0x0000000010007b5f        0x1 
 .rodata.__func__.2
                0x0000000010007b60       0x13 CMakeFiles/mpu6050_i2c.dir/Users/Tennyson/Github_Repo/Pico/pico-sdk/src/rp2_common/hardware_irq/irq.c.obj
 *fill*         0x0000000010007b73        0x1 
 .rodata.__func__.3
                0x0000000010007b74        0xc CMakeFiles/mpu6050_i2c.dir/Users/Tennyson/Github_Repo/Pico/pico-sdk/src/rp2_common/hardware_irq/irq.c.obj
 .rodata.__func__.4
                0x0000000010007b80        0xf CMakeFiles/mpu6050_i2c.dir/Users/Tennyson/Github_Repo/Pico/pico-sdk/src/rp2_common/hardware_irq/irq.c.obj
 *fill*         0x0000000010007b8f        0x1 
 .rodata.__func__.5
                0x0000000010007b90       0x17 CMakeFiles/mpu6050_i2c.dir/Users/Tennyson/Github_Repo/Pico/pico-sdk/src/rp2_common/hardware_irq/irq.c.obj
 *fill*         0x0000000010007ba7        0x1 
 .rodata.__func__.6
                0x0000000010007ba8       0x1a CMakeFiles/mpu6050_i2c.dir/Users/Tennyson/Github_Repo/Pico/pico-sdk/src/rp2_common/hardware_irq/irq.c.obj
 *fill*         0x0000000010007bc2        0x2 
 .rodata.repeating_timer_callback.str1.4
                0x0000000010007bc4       0x5a CMakeFiles/mpu6050_i2c.dir/Users/Tennyson/Github_Repo/Pico/pico-sdk/src/common/pico_time/time.c.obj
 *fill*         0x0000000010007c1e        0x2 
 .rodata.alarm_pool_dump_key.str1.4
                0x0000000010007c20       0x33 CMakeFiles/mpu6050_i2c.dir/Users/Tennyson/Github_Repo/Pico/pico-sdk/src/common/pico_time/time.c.obj
 *fill*         0x0000000010007c53        0x1 
 .rodata.ph_add_child_node.str1.4
                0x0000000010007c54       0xa6 CMakeFiles/mpu6050_i2c.dir/Users/Tennyson/Github_Repo/Pico/pico-sdk/src/common/pico_time/time.c.obj
 *fill*         0x0000000010007cfa        0x2 
 .rodata.add_alarm_under_lock.str1.4
                0x0000000010007cfc       0x28 CMakeFiles/mpu6050_i2c.dir/Users/Tennyson/Github_Repo/Pico/pico-sdk/src/common/pico_time/time.c.obj
                                         0x2b (size before relaxing)
 .rodata.alarm_pool_alarm_callback.str1.4
                0x0000000010007d24       0xf2 CMakeFiles/mpu6050_i2c.dir/Users/Tennyson/Github_Repo/Pico/pico-sdk/src/common/pico_time/time.c.obj
 *fill*         0x0000000010007e16        0x2 
 .rodata.alarm_pool_get_default.str1.4
                0x0000000010007e18       0x21 CMakeFiles/mpu6050_i2c.dir/Users/Tennyson/Github_Repo/Pico/pico-sdk/src/common/pico_time/time.c.obj
 *fill*         0x0000000010007e39        0x3 
 .rodata.alarm_pool_cancel_alarm.str1.4
                0x0000000010007e3c       0x27 CMakeFiles/mpu6050_i2c.dir/Users/Tennyson/Github_Repo/Pico/pico-sdk/src/common/pico_time/time.c.obj
 *fill*         0x0000000010007e63        0x1 
 .rodata.sleep_until.str1.4
                0x0000000010007e64       0x4d CMakeFiles/mpu6050_i2c.dir/Users/Tennyson/Github_Repo/Pico/pico-sdk/src/common/pico_time/time.c.obj
 *fill*         0x0000000010007eb1        0x3 
 .rodata.__func__.1
                0x0000000010007eb4       0x18 CMakeFiles/mpu6050_i2c.dir/Users/Tennyson/Github_Repo/Pico/pico-sdk/src/common/pico_time/time.c.obj
 .rodata.__func__.10
                0x0000000010007ecc       0x15 CMakeFiles/mpu6050_i2c.dir/Users/Tennyson/Github_Repo/Pico/pico-sdk/src/common/pico_time/time.c.obj
 *fill*         0x0000000010007ee1        0x3 
 .rodata.__func__.11
                0x0000000010007ee4       0x1a CMakeFiles/mpu6050_i2c.dir/Users/Tennyson/Github_Repo/Pico/pico-sdk/src/common/pico_time/time.c.obj
 *fill*         0x0000000010007efe        0x2 
 .rodata.__func__.12
                0x0000000010007f00        0xa CMakeFiles/mpu6050_i2c.dir/Users/Tennyson/Github_Repo/Pico/pico-sdk/src/common/pico_time/time.c.obj
 *fill*         0x0000000010007f0a        0x2 
 .rodata.__func__.3
                0x0000000010007f0c       0x17 CMakeFiles/mpu6050_i2c.dir/Users/Tennyson/Github_Repo/Pico/pico-sdk/src/common/pico_time/time.c.obj
 *fill*         0x0000000010007f23        0x1 
 .rodata.__func__.4
                0x0000000010007f24       0x12 CMakeFiles/mpu6050_i2c.dir/Users/Tennyson/Github_Repo/Pico/pico-sdk/src/common/pico_time/time.c.obj
 *fill*         0x0000000010007f36        0x2 
 .rodata.__func__.5
                0x0000000010007f38        0xd CMakeFiles/mpu6050_i2c.dir/Users/Tennyson/Github_Repo/Pico/pico-sdk/src/common/pico_time/time.c.obj
 *fill*         0x0000000010007f45        0x3 
 .rodata.__func__.6
                0x0000000010007f48       0x12 CMakeFiles/mpu6050_i2c.dir/Users/Tennyson/Github_Repo/Pico/pico-sdk/src/common/pico_time/time.c.obj
 *fill*         0x0000000010007f5a        0x2 
 .rodata.__func__.7
                0x0000000010007f5c        0xf CMakeFiles/mpu6050_i2c.dir/Users/Tennyson/Github_Repo/Pico/pico-sdk/src/common/pico_time/time.c.obj
 *fill*         0x0000000010007f6b        0x1 
 .rodata.__func__.8
                0x0000000010007f6c        0xc CMakeFiles/mpu6050_i2c.dir/Users/Tennyson/Github_Repo/Pico/pico-sdk/src/common/pico_time/time.c.obj
 .rodata.__func__.9
                0x0000000010007f78       0x15 CMakeFiles/mpu6050_i2c.dir/Users/Tennyson/Github_Repo/Pico/pico-sdk/src/common/pico_time/time.c.obj
 *fill*         0x0000000010007f8d        0x3 
 .rodata.hardware_alarm_claim.str1.4
                0x0000000010007f90       0x22 CMakeFiles/mpu6050_i2c.dir/Users/Tennyson/Github_Repo/Pico/pico-sdk/src/rp2_common/hardware_timer/timer.c.obj
 *fill*         0x0000000010007fb2        0x2 
 .rodata.hardware_alarm_set_target.str1.4
                0x0000000010007fb4       0x74 CMakeFiles/mpu6050_i2c.dir/Users/Tennyson/Github_Repo/Pico/pico-sdk/src/rp2_common/hardware_timer/timer.c.obj
 .rodata.__func__.0
                0x0000000010008028       0x1a CMakeFiles/mpu6050_i2c.dir/Users/Tennyson/Github_Repo/Pico/pico-sdk/src/rp2_common/hardware_timer/timer.c.obj
 .rodata.ph_add_child_node.str1.4
                0x0000000010008042       0xa6 CMakeFiles/mpu6050_i2c.dir/Users/Tennyson/Github_Repo/Pico/pico-sdk/src/common/pico_util/pheap.c.obj
 *fill*         0x0000000010008042        0x2 
 .rodata.ph_remove_any_head.str1.4
                0x0000000010008044       0x9c CMakeFiles/mpu6050_i2c.dir/Users/Tennyson/Github_Repo/Pico/pico-sdk/src/common/pico_util/pheap.c.obj
 .rodata.ph_remove_and_free_node.str1.4
                0x00000000100080e0       0x1e CMakeFiles/mpu6050_i2c.dir/Users/Tennyson/Github_Repo/Pico/pico-sdk/src/common/pico_util/pheap.c.obj
                                         0x26 (size before relaxing)
 *fill*         0x00000000100080fe        0x2 
 .rodata.__func__.0
                0x0000000010008100       0x18 CMakeFiles/mpu6050_i2c.dir/Users/Tennyson/Github_Repo/Pico/pico-sdk/src/common/pico_util/pheap.c.obj
 .rodata.__func__.1
                0x0000000010008118       0x13 CMakeFiles/mpu6050_i2c.dir/Users/Tennyson/Github_Repo/Pico/pico-sdk/src/common/pico_util/pheap.c.obj
 *fill*         0x000000001000812b        0x1 
 .rodata.__func__.2
                0x000000001000812c       0x12 CMakeFiles/mpu6050_i2c.dir/Users/Tennyson/Github_Repo/Pico/pico-sdk/src/common/pico_util/pheap.c.obj
 *fill*         0x000000001000813e        0x2 
 .rodata.__func__.3
                0x0000000010008140        0xc CMakeFiles/mpu6050_i2c.dir/Users/Tennyson/Github_Repo/Pico/pico-sdk/src/common/pico_util/pheap.c.obj
 .rodata.str1.4
                0x000000001000814c       0x99 CMakeFiles/mpu6050_i2c.dir/Users/Tennyson/Github_Repo/Pico/pico-sdk/src/common/pico_sync/mutex.c.obj
                                        0x109 (size before relaxing)
 *fill*         0x00000000100081e5        0x3 
 .rodata.__func__.1
                0x00000000100081e8        0xb CMakeFiles/mpu6050_i2c.dir/Users/Tennyson/Github_Repo/Pico/pico-sdk/src/common/pico_sync/mutex.c.obj
 *fill*         0x00000000100081f3        0x1 
 .rodata.__func__.3
                0x00000000100081f4       0x18 CMakeFiles/mpu6050_i2c.dir/Users/Tennyson/Github_Repo/Pico/pico-sdk/src/common/pico_sync/mutex.c.obj
 .rodata.__func__.4
                0x000000001000820c       0x15 CMakeFiles/mpu6050_i2c.dir/Users/Tennyson/Github_Repo/Pico/pico-sdk/src/common/pico_sync/mutex.c.obj
 *fill*         0x0000000010008221        0x3 
 .rodata.__assert_func.str1.4
                0x0000000010008224       0x3f CMakeFiles/mpu6050_i2c.dir/Users/Tennyson/Github_Repo/Pico/pico-sdk/src/rp2_common/pico_runtime/runtime.c.obj
                                         0x43 (size before relaxing)
 *fill*         0x0000000010008263        0x1 
 .rodata.runtime_init.str1.4
                0x0000000010008264       0x70 CMakeFiles/mpu6050_i2c.dir/Users/Tennyson/Github_Repo/Pico/pico-sdk/src/rp2_common/pico_runtime/runtime.c.obj
 .rodata.panic.str1.4
                0x00000000100082d4       0x12 CMakeFiles/mpu6050_i2c.dir/Users/Tennyson/Github_Repo/Pico/pico-sdk/src/rp2_common/pico_runtime/runtime.c.obj
 *fill*         0x00000000100082e6        0x2 
 .rodata.__func__.1
                0x00000000100082e8        0xd CMakeFiles/mpu6050_i2c.dir/Users/Tennyson/Github_Repo/Pico/pico-sdk/src/rp2_common/pico_runtime/runtime.c.obj
 *fill*         0x00000000100082f5        0x3 
 .rodata.clock_configure.str1.4
                0x00000000100082f8       0x66 CMakeFiles/mpu6050_i2c.dir/Users/Tennyson/Github_Repo/Pico/pico-sdk/src/rp2_common/hardware_clocks/clocks.c.obj
 *fill*         0x000000001000835e        0x2 
 .rodata.__func__.1
                0x0000000010008360       0x10 CMakeFiles/mpu6050_i2c.dir/Users/Tennyson/Github_Repo/Pico/pico-sdk/src/rp2_common/hardware_clocks/clocks.c.obj
 .rodata.pll_init.str1.4
                0x0000000010008370      0x147 CMakeFiles/mpu6050_i2c.dir/Users/Tennyson/Github_Repo/Pico/pico-sdk/src/rp2_common/hardware_pll/pll.c.obj
 *fill*         0x00000000100084b7        0x1 
 .rodata.__func__.0
                0x00000000100084b8        0x9 CMakeFiles/mpu6050_i2c.dir/Users/Tennyson/Github_Repo/Pico/pico-sdk/src/rp2_common/hardware_pll/pll.c.obj
 *fill*         0x00000000100084c1        0x3 
 .rodata._ftoa.str1.4
                0x00000000100084c4       0x15 CMakeFiles/mpu6050_i2c.dir/Users/Tennyson/Github_Repo/Pico/pico-sdk/src/rp2_common/pico_printf/printf.c.obj
 *fill*         0x00000000100084d9        0x3 
 .rodata._vsnprintf
                0x00000000100084dc      0x1e0 CMakeFiles/mpu6050_i2c.dir/Users/Tennyson/Github_Repo/Pico/pico-sdk/src/rp2_common/pico_printf/printf.c.obj
 *fill*         0x00000000100086bc        0x4 
 .rodata.pow10.0
                0x00000000100086c0       0x50 CMakeFiles/mpu6050_i2c.dir/Users/Tennyson/Github_Repo/Pico/pico-sdk/src/rp2_common/pico_printf/printf.c.obj
 .rodata.__aeabi_double_init.str1.4
                0x0000000010008710       0xb7 CMakeFiles/mpu6050_i2c.dir/Users/Tennyson/Github_Repo/Pico/pico-sdk/src/rp2_common/pico_double/double_init_rom.c.obj
 *fill*         0x00000000100087c7        0x1 
 .rodata.__func__.0
                0x00000000100087c8       0x14 CMakeFiles/mpu6050_i2c.dir/Users/Tennyson/Github_Repo/Pico/pico-sdk/src/rp2_common/pico_double/double_init_rom.c.obj
 .rodata.__aeabi_float_init.str1.4
                0x00000000100087dc       0x89 CMakeFiles/mpu6050_i2c.dir/Users/Tennyson/Github_Repo/Pico/pico-sdk/src/rp2_common/pico_float/float_init_rom.c.obj
                                         0x8d (size before relaxing)
 *fill*         0x0000000010008865        0x3 
 .rodata.__func__.0
                0x0000000010008868       0x13 CMakeFiles/mpu6050_i2c.dir/Users/Tennyson/Github_Repo/Pico/pico-sdk/src/rp2_common/pico_float/float_init_rom.c.obj
 *fill*         0x000000001000887b        0x1 
 .rodata.str1.4
                0x000000001000887c       0x88 CMakeFiles/mpu6050_i2c.dir/Users/Tennyson/Github_Repo/Pico/pico-sdk/src/rp2_common/pico_standard_link/binary_info.c.obj
 .rodata.__bi_44
                0x0000000010008904        0xc CMakeFiles/mpu6050_i2c.dir/Users/Tennyson/Github_Repo/Pico/pico-sdk/src/rp2_common/pico_standard_link/binary_info.c.obj
 .rodata.__bi_69
                0x0000000010008910        0xc CMakeFiles/mpu6050_i2c.dir/Users/Tennyson/Github_Repo/Pico/pico-sdk/src/rp2_common/pico_standard_link/binary_info.c.obj
 .rodata.__bi_75
                0x000000001000891c        0xc CMakeFiles/mpu6050_i2c.dir/Users/Tennyson/Github_Repo/Pico/pico-sdk/src/rp2_common/pico_standard_link/binary_info.c.obj
 .rodata.__bi_81
                0x0000000010008928        0xc CMakeFiles/mpu6050_i2c.dir/Users/Tennyson/Github_Repo/Pico/pico-sdk/src/rp2_common/pico_standard_link/binary_info.c.obj
 .rodata.crlf_str.3
                0x0000000010008934        0x2 CMakeFiles/mpu6050_i2c.dir/Users/Tennyson/Github_Repo/Pico/pico-sdk/src/rp2_common/pico_stdio/stdio.c.obj
 *fill*         0x0000000010008936        0x2 
 .rodata._resetd_driver
                0x0000000010008938       0x18 CMakeFiles/mpu6050_i2c.dir/Users/Tennyson/Github_Repo/Pico/pico-sdk/src/rp2_common/pico_stdio_usb/reset_interface.c.obj
 .rodata.timer_task.str1.4
                0x0000000010008950       0x7c CMakeFiles/mpu6050_i2c.dir/Users/Tennyson/Github_Repo/Pico/pico-sdk/src/rp2_common/pico_stdio_usb/stdio_usb.c.obj
 .rodata.stdio_usb_init.str1.4
                0x00000000100089cc       0x70 CMakeFiles/mpu6050_i2c.dir/Users/Tennyson/Github_Repo/Pico/pico-sdk/src/rp2_common/pico_stdio_usb/stdio_usb.c.obj
 .rodata.str1.4
                0x00000000100089cc       0x13 CMakeFiles/mpu6050_i2c.dir/Users/Tennyson/Github_Repo/Pico/pico-sdk/src/rp2_common/pico_stdio_usb/stdio_usb.c.obj
 *fill*         0x00000000100089df        0x1 
 .rodata.__bi_118.2
                0x00000000100089e0        0xc CMakeFiles/mpu6050_i2c.dir/Users/Tennyson/Github_Repo/Pico/pico-sdk/src/rp2_common/pico_stdio_usb/stdio_usb.c.obj
 .rodata.__func__.0
                0x00000000100089ec       0x15 CMakeFiles/mpu6050_i2c.dir/Users/Tennyson/Github_Repo/Pico/pico-sdk/src/rp2_common/pico_stdio_usb/stdio_usb.c.obj
 *fill*         0x0000000010008a01        0x3 
 .rodata.__func__.1
                0x0000000010008a04        0xb CMakeFiles/mpu6050_i2c.dir/Users/Tennyson/Github_Repo/Pico/pico-sdk/src/rp2_common/pico_stdio_usb/stdio_usb.c.obj
 *fill*         0x0000000010008a0f        0x1 
 .rodata.str1.4
                0x0000000010008a10       0x2a CMakeFiles/mpu6050_i2c.dir/Users/Tennyson/Github_Repo/Pico/pico-sdk/src/rp2_common/pico_stdio_usb/stdio_usb_descriptors.c.obj
 *fill*         0x0000000010008a3a        0x2 
 .rodata.usbd_desc_cfg
                0x0000000010008a3c       0x54 CMakeFiles/mpu6050_i2c.dir/Users/Tennyson/Github_Repo/Pico/pico-sdk/src/rp2_common/pico_stdio_usb/stdio_usb_descriptors.c.obj
 .rodata.usbd_desc_device
                0x0000000010008a90       0x12 CMakeFiles/mpu6050_i2c.dir/Users/Tennyson/Github_Repo/Pico/pico-sdk/src/rp2_common/pico_stdio_usb/stdio_usb_descriptors.c.obj
 *fill*         0x0000000010008aa2        0x2 
 .rodata.usbd_desc_str
                0x0000000010008aa4       0x18 CMakeFiles/mpu6050_i2c.dir/Users/Tennyson/Github_Repo/Pico/pico-sdk/src/rp2_common/pico_stdio_usb/stdio_usb_descriptors.c.obj
 .rodata._hw_endpoint_alloc.str1.4
                0x0000000010008abc       0xc5 CMakeFiles/mpu6050_i2c.dir/Users/Tennyson/Github_Repo/Pico/pico-sdk/lib/tinyusb/src/portable/raspberrypi/rp2040/dcd_rp2040.c.obj
 *fill*         0x0000000010008b81        0x3 
 .rodata.dcd_rp2040_irq.str1.4
                0x0000000010008b84       0x14 CMakeFiles/mpu6050_i2c.dir/Users/Tennyson/Github_Repo/Pico/pico-sdk/lib/tinyusb/src/portable/raspberrypi/rp2040/dcd_rp2040.c.obj
 .rodata.dcd_int_enable.str1.4
                0x0000000010008b98        0xc CMakeFiles/mpu6050_i2c.dir/Users/Tennyson/Github_Repo/Pico/pico-sdk/lib/tinyusb/src/portable/raspberrypi/rp2040/dcd_rp2040.c.obj
 .rodata.__func__.0
                0x0000000010008ba4        0xe CMakeFiles/mpu6050_i2c.dir/Users/Tennyson/Github_Repo/Pico/pico-sdk/lib/tinyusb/src/portable/raspberrypi/rp2040/dcd_rp2040.c.obj
 *fill*         0x0000000010008bb2        0x2 
 .rodata.__func__.1
                0x0000000010008bb4        0xe CMakeFiles/mpu6050_i2c.dir/Users/Tennyson/Github_Repo/Pico/pico-sdk/lib/tinyusb/src/portable/raspberrypi/rp2040/dcd_rp2040.c.obj
 *fill*         0x0000000010008bc2        0x2 
 .rodata.__func__.3
                0x0000000010008bc4       0x10 CMakeFiles/mpu6050_i2c.dir/Users/Tennyson/Github_Repo/Pico/pico-sdk/lib/tinyusb/src/portable/raspberrypi/rp2040/dcd_rp2040.c.obj
 .rodata.__func__.5
                0x0000000010008bd4        0xf CMakeFiles/mpu6050_i2c.dir/Users/Tennyson/Github_Repo/Pico/pico-sdk/lib/tinyusb/src/portable/raspberrypi/rp2040/dcd_rp2040.c.obj
 *fill*         0x0000000010008be3        0x1 
 .rodata.__func__.6
                0x0000000010008be4       0x13 CMakeFiles/mpu6050_i2c.dir/Users/Tennyson/Github_Repo/Pico/pico-sdk/lib/tinyusb/src/portable/raspberrypi/rp2040/dcd_rp2040.c.obj
 *fill*         0x0000000010008bf7        0x1 
 .rodata.__func__.7
                0x0000000010008bf8        0x9 CMakeFiles/mpu6050_i2c.dir/Users/Tennyson/Github_Repo/Pico/pico-sdk/lib/tinyusb/src/portable/raspberrypi/rp2040/dcd_rp2040.c.obj
 *fill*         0x0000000010008c01        0x3 
 .rodata.sync_ep_buffer.str1.4
                0x0000000010008c04       0xa1 CMakeFiles/mpu6050_i2c.dir/Users/Tennyson/Github_Repo/Pico/pico-sdk/lib/tinyusb/src/portable/raspberrypi/rp2040/rp2040_usb.c.obj
 *fill*         0x0000000010008ca5        0x3 
 .rodata._hw_endpoint_buffer_control_update32.str1.4
                0x0000000010008ca8       0x1f CMakeFiles/mpu6050_i2c.dir/Users/Tennyson/Github_Repo/Pico/pico-sdk/lib/tinyusb/src/portable/raspberrypi/rp2040/rp2040_usb.c.obj
 *fill*         0x0000000010008cc7        0x1 
 .rodata.hw_endpoint_xfer_start.str1.4
                0x0000000010008cc8       0x38 CMakeFiles/mpu6050_i2c.dir/Users/Tennyson/Github_Repo/Pico/pico-sdk/lib/tinyusb/src/portable/raspberrypi/rp2040/rp2040_usb.c.obj
 .rodata.hw_endpoint_xfer_continue.str1.4
                0x0000000010008d00       0x29 CMakeFiles/mpu6050_i2c.dir/Users/Tennyson/Github_Repo/Pico/pico-sdk/lib/tinyusb/src/portable/raspberrypi/rp2040/rp2040_usb.c.obj
 *fill*         0x0000000010008d29        0x3 
 .rodata.str1.4
                0x0000000010008d2c        0x7 CMakeFiles/mpu6050_i2c.dir/Users/Tennyson/Github_Repo/Pico/pico-sdk/lib/tinyusb/src/portable/raspberrypi/rp2040/rp2040_usb.c.obj
 *fill*         0x0000000010008d33        0x1 
 .rodata.__func__.0
                0x0000000010008d34        0xf CMakeFiles/mpu6050_i2c.dir/Users/Tennyson/Github_Repo/Pico/pico-sdk/lib/tinyusb/src/portable/raspberrypi/rp2040/rp2040_usb.c.obj
 *fill*         0x0000000010008d43        0x1 
 .rodata.process_set_config.str1.4
                0x0000000010008d44       0x17 CMakeFiles/mpu6050_i2c.dir/Users/Tennyson/Github_Repo/Pico/pico-sdk/lib/tinyusb/src/device/usbd.c.obj
 *fill*         0x0000000010008d5b        0x1 
 .rodata.process_get_descriptor
                0x0000000010008d5c       0x40 CMakeFiles/mpu6050_i2c.dir/Users/Tennyson/Github_Repo/Pico/pico-sdk/lib/tinyusb/src/device/usbd.c.obj
 .rodata.process_control_request
                0x0000000010008d9c       0x28 CMakeFiles/mpu6050_i2c.dir/Users/Tennyson/Github_Repo/Pico/pico-sdk/lib/tinyusb/src/device/usbd.c.obj
 .rodata.tud_task
                0x0000000010008dc4       0x24 CMakeFiles/mpu6050_i2c.dir/Users/Tennyson/Github_Repo/Pico/pico-sdk/lib/tinyusb/src/device/usbd.c.obj
 .rodata.__func__.2
                0x0000000010008de8        0xf CMakeFiles/mpu6050_i2c.dir/Users/Tennyson/Github_Repo/Pico/pico-sdk/lib/tinyusb/src/device/usbd.c.obj
 *fill*         0x0000000010008df7        0x1 
 .rodata.__func__.3
                0x0000000010008df8        0xf CMakeFiles/mpu6050_i2c.dir/Users/Tennyson/Github_Repo/Pico/pico-sdk/lib/tinyusb/src/device/usbd.c.obj
 *fill*         0x0000000010008e07        0x1 
 .rodata.__func__.4
                0x0000000010008e08       0x14 CMakeFiles/mpu6050_i2c.dir/Users/Tennyson/Github_Repo/Pico/pico-sdk/lib/tinyusb/src/device/usbd.c.obj
 .rodata.__func__.5
                0x0000000010008e1c       0x10 CMakeFiles/mpu6050_i2c.dir/Users/Tennyson/Github_Repo/Pico/pico-sdk/lib/tinyusb/src/device/usbd.c.obj
 .rodata.__func__.6
                0x0000000010008e2c       0x17 CMakeFiles/mpu6050_i2c.dir/Users/Tennyson/Github_Repo/Pico/pico-sdk/lib/tinyusb/src/device/usbd.c.obj
 *fill*         0x0000000010008e43        0x1 
 .rodata.__func__.7
                0x0000000010008e44       0x13 CMakeFiles/mpu6050_i2c.dir/Users/Tennyson/Github_Repo/Pico/pico-sdk/lib/tinyusb/src/device/usbd.c.obj
 *fill*         0x0000000010008e57        0x1 
 .rodata.__func__.8
                0x0000000010008e58       0x18 CMakeFiles/mpu6050_i2c.dir/Users/Tennyson/Github_Repo/Pico/pico-sdk/lib/tinyusb/src/device/usbd.c.obj
 .rodata.__func__.9
                0x0000000010008e70        0x9 CMakeFiles/mpu6050_i2c.dir/Users/Tennyson/Github_Repo/Pico/pico-sdk/lib/tinyusb/src/device/usbd.c.obj
 *fill*         0x0000000010008e79        0x3 
 .rodata._usbd_driver
                0x0000000010008e7c       0x18 CMakeFiles/mpu6050_i2c.dir/Users/Tennyson/Github_Repo/Pico/pico-sdk/lib/tinyusb/src/device/usbd.c.obj
 .rodata.tud_control_xfer.str1.4
                0x0000000010008e94       0x17 CMakeFiles/mpu6050_i2c.dir/Users/Tennyson/Github_Repo/Pico/pico-sdk/lib/tinyusb/src/device/usbd_control.c.obj
 .rodata.__func__.0
                0x0000000010008e94       0x15 CMakeFiles/mpu6050_i2c.dir/Users/Tennyson/Github_Repo/Pico/pico-sdk/lib/tinyusb/src/device/usbd_control.c.obj
 *fill*         0x0000000010008ea9        0x3 
 .rodata.__func__.1
                0x0000000010008eac       0x11 CMakeFiles/mpu6050_i2c.dir/Users/Tennyson/Github_Repo/Pico/pico-sdk/lib/tinyusb/src/device/usbd_control.c.obj
 .rodata.tud_cdc_n_write_flush.str1.4
                0x0000000010008ebd       0x17 CMakeFiles/mpu6050_i2c.dir/Users/Tennyson/Github_Repo/Pico/pico-sdk/lib/tinyusb/src/class/cdc/cdc_device.c.obj
 *fill*         0x0000000010008ebd        0x3 
 .rodata.__func__.0
                0x0000000010008ec0        0xd CMakeFiles/mpu6050_i2c.dir/Users/Tennyson/Github_Repo/Pico/pico-sdk/lib/tinyusb/src/class/cdc/cdc_device.c.obj
 *fill*         0x0000000010008ecd        0x3 
 .rodata.__func__.1
                0x0000000010008ed0        0xa CMakeFiles/mpu6050_i2c.dir/Users/Tennyson/Github_Repo/Pico/pico-sdk/lib/tinyusb/src/class/cdc/cdc_device.c.obj
 *fill*         0x0000000010008eda        0x2 
 .rodata.__func__.2
                0x0000000010008edc       0x16 CMakeFiles/mpu6050_i2c.dir/Users/Tennyson/Github_Repo/Pico/pico-sdk/lib/tinyusb/src/class/cdc/cdc_device.c.obj
 .rodata.tusb_init.str1.4
                0x0000000010008ef2       0x17 CMakeFiles/mpu6050_i2c.dir/Users/Tennyson/Github_Repo/Pico/pico-sdk/lib/tinyusb/src/tusb.c.obj
 *fill*         0x0000000010008ef2        0x2 
 .rodata.__func__.0
                0x0000000010008ef4       0x11 CMakeFiles/mpu6050_i2c.dir/Users/Tennyson/Github_Repo/Pico/pico-sdk/lib/tinyusb/src/tusb.c.obj
 *fill*         0x0000000010008f05        0x3 
 .rodata.__func__.1
                0x0000000010008f08        0xa CMakeFiles/mpu6050_i2c.dir/Users/Tennyson/Github_Repo/Pico/pico-sdk/lib/tinyusb/src/tusb.c.obj
 *fill*         0x0000000010008f12        0x2 
 .rodata.pico_get_unique_board_id_string.str1.4
                0x0000000010008f14       0x5c CMakeFiles/mpu6050_i2c.dir/Users/Tennyson/Github_Repo/Pico/pico-sdk/src/rp2_common/pico_unique_id/unique_id.c.obj
 .rodata.__func__.0
                0x0000000010008f70       0x20 CMakeFiles/mpu6050_i2c.dir/Users/Tennyson/Github_Repo/Pico/pico-sdk/src/rp2_common/pico_unique_id/unique_id.c.obj
 .rodata.str1.4
                0x0000000010008f90      0x166 CMakeFiles/mpu6050_i2c.dir/Users/Tennyson/Github_Repo/Pico/pico-sdk/src/rp2_common/hardware_flash/flash.c.obj
 *fill*         0x00000000100090f6        0x2 
 .rodata.__func__.0
                0x00000000100090f8        0xd CMakeFiles/mpu6050_i2c.dir/Users/Tennyson/Github_Repo/Pico/pico-sdk/src/rp2_common/hardware_flash/flash.c.obj
 *fill*         0x0000000010009105        0x3 
 .rodata.i2c_set_baudrate.str1.4
                0x0000000010009108       0x6c CMakeFiles/mpu6050_i2c.dir/Users/Tennyson/Github_Repo/Pico/pico-sdk/src/rp2_common/hardware_i2c/i2c.c.obj